{"batch_first": "870383c7-043", "attempt": 0, "raw": ""}
{"batch_first": "870383c7-043", "attempt": 1, "raw": ""}
{"batch_first": "870383c7-043", "attempt": 2, "raw": ""}
{"batch_first": "870383c7-004", "attempt": 0, "raw": ""}
{"batch_first": "870383c7-004", "attempt": 1, "raw": ""}
{"batch_first": "870383c7-004", "attempt": 2, "raw": ""}
{"batch_first": "997e1aaa-017", "attempt": 0, "raw": ""}
{"batch_first": "997e1aaa-017", "attempt": 1, "raw": "{\"1\": 0, \"2\": 9, \"3\": 1, \"4\": 0, \"5\": 0, \"6\": 0, \"7\": 0, \"8\": 0, \"9\": 1, \"10\": 0, \"11\": 7, \"12\": 0, \"13\": 9, \"14\": 0, \"15\": 8}"}
{"batch_first": "b973ccff-039", "attempt": 0, "raw": ""}
{"batch_first": "b973ccff-039", "attempt": 1, "raw": ""}
{"batch_first": "b973ccff-039", "attempt": 2, "raw": ""}
{"batch_first": "5a3d9c00-002", "attempt": 0, "raw": "{\"1\": 0, \"2\": 0, \"3\": 0, \"4\": 0, \"5\": 0, \"6\": 0, \"7\": 0, \"8\": 6, \"9\": 5, \"10\": 0, \"11\": 0, \"12\": 0, \"13\": 0, \"14\": 0, \"15\": 0, \"16\": 0}"}
{"batch_first": "e12aee82-035", "attempt": 0, "raw": "{\"1\": 0, \"2\": 0, \"3\": 0, \"4\": 0, \"5\": 0, \"6\": 0, \"7\": 3, \"8\": 1, \"9\": 3, \"10\": 0, \"11\": 0, \"12\": 0, \"13\": 0, \"14\":"}
{"batch_first": "e12aee82-035", "attempt": 1, "raw": "{\"1\": 0, \"2\": 0, \"3\": 0, \"4\": 0, \"5\": 0, \"6\": 0, \"7\": 9, \"8\": 4, \"9\": 6, \"10\": 0, \"11\": 0, \"12\": 0, \"13\": 0, \"14\": 0, \"15\": 0, \"16\": 0, \"17\": 9, \"18\": 0, \"19\": 1, \"20\": 0, \"21\": 9, \"22\": 0, \"23\": 0, \"24\": 0, \"25\": 9}"}
{"batch_first": "caeffd7e-007", "attempt": 0, "raw": "{\"1\": 0, \"2\": 0, \"3\": 0, \"4\": 0, \"5\": 0, \"6\": 0, \"7\": 0, \"8\": 0, \"9\": 0, \"10\": 2, \"11\": 0, \"12\": 0, \"13\": 0, \"14\": 0, \"15\": 0, \"16\": 0, \"17\": 0, \"18\": 0, \"19\": 0, \"20\": 0, \"21\": 0, \"22\": 0}"}
{"batch_first": "e2125abd-037", "attempt": 0, "raw": ""}
{"batch_first": "e2125abd-037", "attempt": 1, "raw": ""}
{"batch_first": "e2125abd-037", "attempt": 2, "raw": ""}
{"batch_first": "e2125abd-022", "attempt": 0, "raw": "{\"1\": 0, \"2\": 3, \"3\": 0, \"4\": 0, \"5\": 0, \"6\": 0, \"7\": 0, \"8\": 2, \"9\": 0, \"10\": 0, \"11\": 0, \"12\": 0, \"13\": 0, \"14\": 0, \"15\": 2}"}
{"batch_first": "624956bc-025", "attempt": 0, "raw": "{\"1\":0,\"2\":1,\"3\":9,\"4\":3,\"5\":0,\"6\":1,\"7\":0,\"8\":0,\"9\":0,\"10\":9,\"11\":0,\"12\":0,\"13\":0,\"14\":4,\"15\":0,\"16\":0,\"17\":0,\"18\":3,\"19\":0,\"20\":0,\"21\":2,\"22\":0,\"23\":0,\"24\":0,\"25\":0}"}
{"batch_first": "624956bc-014", "attempt": 0, "raw": "{\"1\": 9, \"2\": 0, \"3\": 0, \"4\": 0, \"5\": 0, \"6\": 0, \"7\": 0, \"8\": 0, \"9\": 0, \"10\": 0, \"11\": 0, \"12\": 0, \"13\": 8, \"14\": 0, \"15\": 0}"}
{"batch_first": "011da03c-028", "attempt": 0, "raw": "{\"1\":0,\"2\":0,\"3\":0,\"4\":1,\"5\":0,\"6\":0,\"7\":0,\"8\":0,\"9\":0,\"10\":2,\"11\":0,\"12\":0,\"13\":0,\"14\":0,\"15\":0,\"16\":5,\"17\":0,\"18\":0,\"19\":0,\"20\":0,\"21\":0,\"22\":0,\"23\":6,\"24\":0,\"25\":0}"}
{"batch_first": "011da03c-031", "attempt": 0, "raw": "{\"1\":0,\"2\":0,\"3\":0,\"4\":0,\"5\":0,\"6\":0,\"7\":0,\"8\":0,\"9\":0,\"10\":0,\"11\":0,\"12\":0,\"13\":0,\"14\":1,\"15\":0}"}
{"batch_first": "4a03be23-038", "attempt": 0, "raw": ""}
{"batch_first": "4a03be23-038", "attempt": 1, "raw": ""}
{"batch_first": "4a03be23-038", "attempt": 2, "raw": ""}
{"batch_first": "4a03be23-021", "attempt": 0, "raw": ""}
{"batch_first": "4a03be23-021", "attempt": 1, "raw": ""}
{"batch_first": "4a03be23-021", "attempt": 2, "raw": ""}
{"batch_first": "3f28aaaf-038", "attempt": 0, "raw": "{\"1\": 8, \"2\": 0, \"3\": 0, \"4\": 6, \"5\": 0, \"6\": 5, \"7\": 0, \"8\": 4, \"9\": 5, \"10\": 0, \"11\": 0, \"12\": 0, \"13\": 6, \"14\": 7, \"15\": 3, \"16\": 0, \"17\": 5, \"18\": 0, \"19\": 10, \"20\": 0, \"21\": 4, \"22\": 0, \"23\": 4, \"24\": 0, \"25\": 0}"}
{"batch_first": "3f28aaaf-015", "attempt": 0, "raw": ""}
{"batch_first": "3f28aaaf-015", "attempt": 1, "raw": ""}
{"batch_first": "3f28aaaf-015", "attempt": 2, "raw": ""}
{"batch_first": "f1bbab6e-004", "attempt": 0, "raw": ""}
{"batch_first": "f1bbab6e-004", "attempt": 1, "raw": ""}
{"batch_first": "f1bbab6e-004", "attempt": 2, "raw": ""}
{"batch_first": "f1bbab6e-036", "attempt": 0, "raw": ""}
{"batch_first": "f1bbab6e-036", "attempt": 1, "raw": ""}
{"batch_first": "f1bbab6e-036", "attempt": 2, "raw": ""}
{"batch_first": "7083c960-021", "attempt": 0, "raw": "{\"1\":0,\"2\":0,\"3\":0,\"4\":0,\"5\":0,\"6\":0,\"7\":0,\"8\":0,\"9\":8,\"10\":0,\"11\":0,\"12\":0,\"13\":0,\"14\":1,\"15\":0,\"16\":0,\"17\":0,\"18\":1,\"19\":0,\"20\":0,\"21\":0,\"22\":0,\"23\":0,\"24\":0,\"25\":0}"}
{"batch_first": "7083c960-017", "attempt": 0, "raw": "{\"1\": 0, \"2\": 0, \"3\": 6, \"4\": 0, \"5\": 0, \"6\": 0, \"7\": 0, \"8\": 0, \"9\": 0, \"10\": 0, \"11\": 0, \"12\": 3, \"13\": 0, \"14\": 0, \"15\": 0}"}
{"batch_first": "24484c53-033", "attempt": 0, "raw": ""}
{"batch_first": "24484c53-033", "attempt": 1, "raw": ""}
{"batch_first": "24484c53-033", "attempt": 2, "raw": ""}
{"batch_first": "24484c53-042", "attempt": 0, "raw": "{\"1\": 0, \"2\": 0, \"3\": 6, \"4\": 2, \"5\": 6, \"6\": 0, \"7\": 2, \"8\": 0, \"9\": 6, \"10\": 0, \"11\": 10, \"12\": 0, \"13\": 0, \"14\": 0, \"15\": 0, \"16\": 0, \"17\": 0, \"18\": 0, \"19\": 1, \"20\": 0, \"21\": 0, \"22\": 0, \"23\": 0, \"24\": 0, \"25\": 0}"}
{"batch_first": "5ec34ae6-011", "attempt": 0, "raw": "{\"1\": 0, \"2\": 10, \"3\": 0, \"4\": 0, \"5\": 0, \"6\": 0, \"7\": 0, \"8\": 0, \"9\": 0, \"10\": 10, \"11\": 0, \"12\": 0, \"13\": 0, \"14\": 0, \"15\": 0, \"16\": 0, \"17\": 0, \"18\": 0, \"19\": 10, \"20\": 0, \"21\": 10, \"22\": 0, \"23\": 0, \"24\": 0, \"25\": 0}"}
{"batch_first": "5ec34ae6-001", "attempt": 0, "raw": "{\"1\": 0, \"2\": 0, \"3\": 0, \"4\": 10, \"5\": 0, \"6\": 10, \"7\": 0, \"8\": 0, \"9\": 0, \"10\": 0, \"11\": 0, \"12\": 0, \"13\": 0, \"14\": 0, \"15\": 10, \"16\": 0, \"17\": 0, \"18\": 0, \"19\": 0, \"20\": 0, \"21\": 10, \"22\": 10, \"23\": 0, \"24\": 0, \"25\": 10}"}
{"batch_first": "f5ad3e55-030", "attempt": 0, "raw": "{\"1\":0,\"2\":0,\"3\":0,\"4\":0,\"5\":0,\"6\":0,\"7\":0,\"8\":0,\"9\":0,\"10\":0,\"11\":0,\"12\":9,\"13\":0,\"14\":0,\"15\":0,\"16\":0,\"17\":0,\"18\":0,\"19\":0,\"20\":0,\"21\":0,\"22\":0,\"23\":0,\"24\":0,\"25\":0}"}
{"batch_first": "f5ad3e55-023", "attempt": 0, "raw": ""}
{"batch_first": "f5ad3e55-023", "attempt": 1, "raw": ""}
{"batch_first": "f5ad3e55-023", "attempt": 2, "raw": ""}
{"batch_first": "1e5c538b-002", "attempt": 0, "raw": "{\"1\": 0, \"2\": 6, \"3\": 0, \"4\": 0, \"5\": 0, \"6\": 0, \"7\": 1, \"8\": 0, \"9\": 0, \"10\": 10, \"11\": 0, \"12\": 0, \"13\": 0, \"14\": 7, \"15\": 0, \"16\": 10, \"17\": 0, \"18\": 0, \"19\": 0, \"20\": 0, \"21\": 6, \"22\": 0, \"23\": 0, \"24\": 0, \"25\": 0}"}
{"batch_first": "1e5c538b-010", "attempt": 0, "raw": "{\"1\": 0, \"2\": 0, \"3\": 0, \"4\": 0, \"5\": 6, \"6\": 0, \"7\": 1, \"8\": 0, \"9\": 0, \"10\": 1, \"11\": 0, \"12\": 0, \"13\": 0, \"14\": 0, \"15\": 6}"}
{"batch_first": "946075c0-025", "attempt": 0, "raw": "{\"1\":0,\"2\":2,\"3\":0,\"4\":0,\"5\":0,\"6\":0,\"7\":0,\"8\":3,\"9\":2,\"10\":0,\"11\":0,\"12\":0,\"13\":1,\"14\":0,\"15\":0,\"16\":1,\"17\":0,\"18\":0,\"19\":1,\"20\":0,\"21\":0,\"22\":0,\"23\":0,\"24\":0,\"25\":0}"}
{"batch_first": "946075c0-018", "attempt": 0, "raw": "{\"1\": 0, \"2\": 0, \"3\": 0, \"4\": 1, \"5\": 0, \"6\": 0, \"7\": 0, \"8\": 0, \"9\": 0, \"10\": 1, \"11\": 0, \"12\": 1, \"13\": 0, \"14\": 0, \"15\": 0}"}
{"batch_first": "870383c7-043", "attempt": 0, "raw": "<<EMPTY stop_reason=refusal blocks=[]>>"}
{"batch_first": "870383c7-043", "attempt": 1, "raw": "<<EMPTY stop_reason=refusal blocks=[]>>"}
{"batch_first": "870383c7-043", "attempt": 2, "raw": "<<EMPTY stop_reason=refusal blocks=[]>>"}
{"batch_first": "870383c7-004", "attempt": 0, "raw": "<<EMPTY stop_reason=refusal blocks=[]>>"}
{"batch_first": "870383c7-004", "attempt": 1, "raw": "<<EMPTY stop_reason=refusal blocks=[]>>"}
{"batch_first": "870383c7-004", "attempt": 2, "raw": "<<EMPTY stop_reason=refusal blocks=[]>>"}
{"batch_first": "b973ccff-008", "attempt": 0, "raw": "<<EMPTY stop_reason=refusal blocks=[]>>"}
{"batch_first": "b973ccff-008", "attempt": 1, "raw": "<<EMPTY stop_reason=refusal blocks=[]>>"}
{"batch_first": "b973ccff-008", "attempt": 2, "raw": "<<EMPTY stop_reason=refusal blocks=[]>>"}
{"batch_first": "e2125abd-014", "attempt": 0, "raw": "<<EMPTY stop_reason=refusal blocks=[]>>"}
{"batch_first": "e2125abd-014", "attempt": 1, "raw": "<<EMPTY stop_reason=refusal blocks=[]>>"}
{"batch_first": "e2125abd-014", "attempt": 2, "raw": "<<EMPTY stop_reason=refusal blocks=[]>>"}
{"batch_first": "4a03be23-023", "attempt": 0, "raw": "{\"1\": 0, \"2\": 0, \"3\": 0, \"4\": 0, \"5\": 0, \"6\": 0, \"7\": 0, \"8\": 0, \"9\": 0, \"10\": 6, \"11\": 0, \"12\": 0, \"13\": 2, \"14\": 6, \"15\": 0, \"16\": 0, \"17\": 0, \"18\": 0, \"19\": 7, \"20\": 0, \"21\": 0, \"22\": 0, \"23\": 0, \"24\": 0, \"25\": 0}"}
{"batch_first": "4a03be23-021", "attempt": 0, "raw": "{\"1\":0,\"2\":0,\"3\":0,\"4\":0,\"5\":0,\"6\":0,\"7\":0,\"8\":0,\"9\":0,\"10\":0,\"11\":0,\"12\":0,\"13\":0,\"14\":8,\"15\":0}"}
{"batch_first": "3f28aaaf-044", "attempt": 0, "raw": "{\"1\":0,\"2\":1,\"3\":2,\"4\":0,\"5\":0,\"6\":0,\"7\":0,\"8\":6,\"9\":0,\"10\":0,\"11\":0,\"12\":3,\"13\":0,\"14\":0,\"15\":0,\"16\":0,\"17\":3,\"18\":4,\"19\":0,\"20\":3,\"21\":6,\"22\":0,\"23\":0,\"24\":0,\"25\":0}"}
{"batch_first": "f1bbab6e-024", "attempt": 0, "raw": "{\"1\": 0, \"2\": 0, \"3\": 0, \"4\": 8, \"5\": 0, \"6\": 0, \"7\": 0, \"8\": 0, \"9\": 0, \"10\": 1, \"11\": 0, \"12\": 0, \"13\": 0, \"14\": 0, \"15\": 0, \"16\": 0, \"17\": 0, \"18\": 0, \"19\": 0, \"20\": 0, \"21\": 0, \"22\": 0, \"23\": 0, \"24\": 0, \"25\": 0}"}
{"batch_first": "f1bbab6e-011", "attempt": 0, "raw": "<<EMPTY stop_reason=refusal blocks=[]>>"}
{"batch_first": "f1bbab6e-011", "attempt": 1, "raw": "<<EMPTY stop_reason=refusal blocks=[]>>"}
{"batch_first": "f1bbab6e-011", "attempt": 2, "raw": "<<EMPTY stop_reason=refusal blocks=[]>>"}
{"batch_first": "24484c53-028", "attempt": 0, "raw": "<<EMPTY stop_reason=refusal blocks=[]>>"}
{"batch_first": "24484c53-028", "attempt": 1, "raw": "<<EMPTY stop_reason=refusal blocks=[]>>"}
{"batch_first": "24484c53-028", "attempt": 2, "raw": "<<EMPTY stop_reason=refusal blocks=[]>>"}
{"batch_first": "f5ad3e55-004", "attempt": 0, "raw": "<<EMPTY stop_reason=refusal blocks=[]>>"}
{"batch_first": "f5ad3e55-004", "attempt": 1, "raw": "{\"1\":0,\"2\":0,\"3\":0,\"4\":0,\"5\":9,\"6\":0,\"7\":0,\"8\":0,\"9\":0,\"10\":0,\"11\":0,\"12\":0,\"13\":0,\"14\":0,\"15\":0}"}
{"batch_first": "3dede074-032", "attempt": 0, "raw": "{\"1\": 2, \"2\": 1, \"3\": 4, \"4\": 3, \"5\": 1, \"6\": 0, \"7\": 1, \"8\": 4, \"9\": 4, \"10\": 0, \"11\": 0, \"12\": 4, \"13\": 0, \"14\": 0, \"15\": 0, \"16\": 4, \"17\": 2, \"18\": 0, \"19\": 0, \"20\": 1, \"21\": 1, \"22\": 4, \"23\": 0, \"24\": 4, \"25\": 0}"}
{"batch_first": "3dede074-017", "attempt": 0, "raw": "{\"1\": 0, \"2\": 9, \"3\": 0, \"4\": 0, \"5\": 0, \"6\": 9, \"7\": 0, \"8\": 1, \"9\": 3, \"10\": 0, \"11\": 4, \"12\": 0, \"13\": 0, \"14\": 0, \"15\": 8, \"16\": 0, \"17\": 0, \"18\": 3, \"19\": 0, \"20\": 0, \"21\": 1, \"22\": 6, \"23\": 1, \"24\": 1, \"25\": 0}"}
{"batch_first": "a4578a46-036", "attempt": 0, "raw": "{\"1\": 0, \"2\": 0, \"3\": 0, \"4\": 0, \"5\": 0, \"6\": 0, \"7\": 9, \"8\": 0, \"9\": 0, \"10\": 0, \"11\": 0, \"12\": 0, \"13\": 0, \"14\": 0, \"15\": 0, \"16\": 0, \"17\": 0, \"18\": 0, \"19\": 0, \"20\": 0, \"21\": 0, \"22\": 0, \"23\": 0, \"24\": 0, \"25\": 0}"}
{"batch_first": "a4578a46-000", "attempt": 0, "raw": "{\"1\": 0, \"2\": 6, \"3\": 0, \"4\": 0, \"5\": 0, \"6\": 0, \"7\": 0, \"8\": 0, \"9\": 0, \"10\": 0, \"11\": 0, \"12\": 0, \"13\": 0, \"14\": 0, \"15\": 0}"}
{"batch_first": "3a0d1f68-012", "attempt": 0, "raw": "{\"1\":0,\"2\":0,\"3\":0,\"4\":0,\"5\":10,\"6\":0,\"7\":0,\"8\":0,\"9\":0,\"10\":0,\"11\":0,\"12\":0,\"13\":0,\"14\":0,\"15\":0,\"16\":0,\"17\":0,\"18\":0,\"19\":0,\"20\":0,\"21\":0,\"22\":0,\"23\":0,\"24\":0,\"25\":0}"}
{"batch_first": "3a0d1f68-036", "attempt": 0, "raw": "{\"1\":0,\"2\":0,\"3\":0,\"4\":0,\"5\":0,\"6\":0,\"7\":0,\"8\":0,\"9\":0,\"10\":0,\"11\":0,\"12\":0,\"13\":0,\"14\":0,\"15\":0}"}
{"batch_first": "c0a5a8ed-008", "attempt": 0, "raw": "{\"1\":0,\"2\":0,\"3\":0,\"4\":0,\"5\":0,\"6\":0,\"7\":0,\"8\":0,\"9\":0,\"10\":0,\"11\":0,\"12\":0,\"13\":0,\"14\":0,\"15\":0,\"16\":0,\"17\":0,\"18\":0,\"19\":0,\"20\":0,\"21\":0,\"22\":0,\"23\":0,\"24\":0,\"25\":0}"}
{"batch_first": "c0a5a8ed-013", "attempt": 0, "raw": "{\"1\":0,\"2\":0,\"3\":0,\"4\":0,\"5\":0,\"6\":0,\"7\":0,\"8\":0,\"9\":0,\"10\":0,\"11\":0,\"12\":0,\"13\":0,\"14\":0,\"15\":0}"}
{"batch_first": "870383c7-043", "n": 25, "attempt": 0, "raw": "<<EMPTY stop_reason=refusal blocks=[]>>"}
{"batch_first": "870383c7-043", "n": 12, "attempt": 0, "raw": "<<EMPTY stop_reason=refusal blocks=[]>>"}
{"batch_first": "870383c7-043", "n": 6, "attempt": 0, "raw": "<<EMPTY stop_reason=refusal blocks=[]>>"}
{"batch_first": "870383c7-043", "n": 3, "attempt": 0, "raw": "<<EMPTY stop_reason=refusal blocks=[]>>"}
{"batch_first": "870383c7-043", "n": 1, "attempt": 0, "raw": "{\"1\": 0}"}
{"batch_first": "870383c7-001", "n": 2, "attempt": 0, "raw": "{\"1\": 8, \"2\": 0}"}
{"batch_first": "870383c7-014", "n": 3, "attempt": 0, "raw": "{\"1\":0,\"2\":0,\"3\":0}"}
{"batch_first": "870383c7-000", "n": 6, "attempt": 0, "raw": "{\"1\": 2, \"2\": 0, \"3\": 3, \"4\": 6, \"5\": 2, \"6\": 0}"}
{"batch_first": "870383c7-020", "n": 13, "attempt": 0, "raw": "<<EMPTY stop_reason=refusal blocks=[]>>"}
{"batch_first": "870383c7-020", "n": 6, "attempt": 0, "raw": "{\"1\": 3, \"2\": 0, \"3\": 0, \"4\": 0, \"5\": 1, \"6\": 0}"}
{"batch_first": "870383c7-040", "n": 7, "attempt": 0, "raw": "<<EMPTY stop_reason=refusal blocks=[]>>"}
{"batch_first": "870383c7-040", "n": 3, "attempt": 0, "raw": "{\"1\": 0, \"2\": 0, \"3\": 0}"}
{"batch_first": "870383c7-021", "n": 4, "attempt": 0, "raw": "{\"1\": 1, \"2\": 3, \"3\": 0, \"4\": 1}"}
{"batch_first": "870383c7-004", "n": 25, "attempt": 0, "raw": "<<EMPTY stop_reason=refusal blocks=[]>>"}
{"batch_first": "870383c7-004", "n": 12, "attempt": 0, "raw": "<<EMPTY stop_reason=refusal blocks=[]>>"}
{"batch_first": "870383c7-004", "n": 6, "attempt": 0, "raw": "<<EMPTY stop_reason=refusal blocks=[]>>"}
{"batch_first": "870383c7-004", "n": 3, "attempt": 0, "raw": "{\"1\": 0, \"2\": 3, \"3\": 9}"}
{"batch_first": "870383c7-039", "n": 3, "attempt": 0, "raw": "{\"1\": 3, \"2\": 0, \"3\": 4}"}
{"batch_first": "870383c7-045", "n": 6, "attempt": 0, "raw": "{\"1\": 3, \"2\": 0, \"3\": 0, \"4\": 8, \"5\": 3, \"6\": 0}"}
{"batch_first": "870383c7-013", "n": 13, "attempt": 0, "raw": "<<EMPTY stop_reason=refusal blocks=[]>>"}
{"batch_first": "870383c7-013", "n": 6, "attempt": 0, "raw": "<<EMPTY stop_reason=refusal blocks=[]>>"}
{"batch_first": "870383c7-013", "n": 3, "attempt": 0, "raw": "{\"1\": 8, \"2\": 0, \"3\": 8}"}
{"batch_first": "870383c7-030", "n": 3, "attempt": 0, "raw": "{\"1\": 6, \"2\": 3, \"3\": 0}"}
{"batch_first": "870383c7-031", "n": 7, "attempt": 0, "raw": "{\"1\": 9, \"2\": 0, \"3\": 4, \"4\": 0, \"5\": 4, \"6\": 0, \"7\": 0}"}
{"batch_first": "b973ccff-008", "n": 25, "attempt": 0, "raw": "<<EMPTY stop_reason=refusal blocks=[]>>"}
{"batch_first": "b973ccff-008", "n": 12, "attempt": 0, "raw": "{\"1\": 1, \"2\": 4, \"3\": 0, \"4\": 4, \"5\": 2, \"6\": 0, \"7\": 1, \"8\": 0, \"9\": 0, \"10\": 7, \"11\": 0, \"12\": 0}"}
{"batch_first": "b973ccff-028", "n": 13, "attempt": 0, "raw": "{\"1\":0,\"2\":0,\"3\":0,\"4\":8,\"5\":0,\"6\":0,\"7\":0,\"8\":0,\"9\":0,\"10\":0,\"11\":0,\"12\":0,\"13\":0}"}
{"batch_first": "e2125abd-014", "n": 25, "attempt": 0, "raw": "<<EMPTY stop_reason=refusal blocks=[]>>"}
{"batch_first": "e2125abd-014", "n": 12, "attempt": 0, "raw": "<<EMPTY stop_reason=refusal blocks=[]>>"}
{"batch_first": "e2125abd-014", "n": 6, "attempt": 0, "raw": "{\"1\": 0, \"2\": 0, \"3\": 9, \"4\": 0, \"5\": 0, \"6\": 0}"}
{"batch_first": "e2125abd-024", "n": 6, "attempt": 0, "raw": "{\"1\": 0, \"2\": 0, \"3\": 0, \"4\": 0, \"5\": 0, \"6\": 0}"}
{"batch_first": "e2125abd-018", "n": 13, "attempt": 0, "raw": "<<EMPTY stop_reason=refusal blocks=[]>>"}
{"batch_first": "e2125abd-018", "n": 6, "attempt": 0, "raw": "{\"1\":2,\"2\":0,\"3\":0,\"4\":0,\"5\":0,\"6\":1}"}
{"batch_first": "e2125abd-030", "n": 7, "attempt": 0, "raw": "<<EMPTY stop_reason=refusal blocks=[]>>"}
{"batch_first": "e2125abd-030", "n": 3, "attempt": 0, "raw": "<<EMPTY stop_reason=refusal blocks=[]>>"}
{"batch_first": "e2125abd-030", "n": 1, "attempt": 0, "raw": "{\"1\": 0}"}
{"batch_first": "e2125abd-016", "n": 2, "attempt": 0, "raw": "{\"1\":0,\"2\":0}"}
{"batch_first": "e2125abd-008", "n": 4, "attempt": 0, "raw": "{\"1\":0,\"2\":0,\"3\":0,\"4\":0}"}
{"batch_first": "f1bbab6e-039", "n": 15, "attempt": 0, "raw": "{\"1\":0,\"2\":0,\"3\":0,\"4\":0,\"5\":0,\"6\":1,\"7\":1,\"8\":1,\"9\":0,\"10\":0,\"11\":0,\"12\":0,\"13\":0,\"14\":0,\"15\":0}"}
{"batch_first": "24484c53-026", "n": 25, "attempt": 0, "raw": "<<EMPTY stop_reason=refusal blocks=[]>>"}
{"batch_first": "24484c53-026", "n": 12, "attempt": 0, "raw": "<<EMPTY stop_reason=refusal blocks=[]>>"}
{"batch_first": "24484c53-026", "n": 6, "attempt": 0, "raw": "{\"1\":0,\"2\":0,\"3\":0,\"4\":0,\"5\":0,\"6\":8}"}
{"batch_first": "24484c53-000", "n": 6, "attempt": 0, "raw": "{\"1\": 6, \"2\": 3, \"3\": 0, \"4\": 0, \"5\": 8, \"6\": 1}"}
{"batch_first": "24484c53-001", "n": 13, "attempt": 0, "raw": "{\"1\":0,\"2\":0,\"3\":6,\"4\":0,\"5\":0,\"6\":0,\"7\":0,\"8\":1,\"9\":0,\"10\":0,\"11\":0,\"12\":0,\"13\":0}"}
{"batch_first": "199b9c3c-004", "n": 25, "attempt": 0, "raw": "<<EMPTY stop_reason=refusal blocks=[]>>"}
{"batch_first": "199b9c3c-004", "n": 12, "attempt": 0, "raw": "{\"1\": 1, \"2\": 0, \"3\": 2, \"4\": 3, \"5\": 0, \"6\": 2, \"7\": 0, \"8\": 0, \"9\": 1, \"10\": 0, \"11\": 1, \"12\": 3}"}
{"batch_first": "199b9c3c-001", "n": 13, "attempt": 0, "raw": "<<EMPTY stop_reason=refusal blocks=[]>>"}
{"batch_first": "199b9c3c-001", "n": 6, "attempt": 0, "raw": "{\"1\": 3, \"2\": 0, \"3\": 0, \"4\": 0, \"5\": 0, \"6\": 0}"}
{"batch_first": "199b9c3c-029", "n": 7, "attempt": 0, "raw": "{\"1\": 0, \"2\": 0, \"3\": 0, \"4\": 0, \"5\": 0, \"6\": 0, \"7\": 4}"}
{"batch_first": "199b9c3c-037", "n": 15, "attempt": 0, "raw": "{\"1\": 0, \"2\": 0, \"3\": 8, \"4\": 0, \"5\": 0, \"6\": 3, \"7\": 0, \"8\": 0, \"9\": 2, \"10\": 0, \"11\": 2, \"12\": 2, \"13\": 0, \"14\": 0, \"15\": 0}"}
{"batch_first": "2a767913-009", "n": 25, "attempt": 0, "raw": "{\"1\":0,\"2\":0,\"3\":0,\"4\":0,\"5\":0,\"6\":0,\"7\":1,\"8\":0,\"9\":0,\"10\":0,\"11\":0,\"12\":0,\"13\":0,\"14\":0,\"15\":0,\"16\":0,\"17\":0,\"18\":0,\"19\":0,\"20\":0,\"21\":0,\"22\":0,\"23\":0,\"24\":0,\"25\":0}"}
{"batch_first": "2a767913-033", "n": 15, "attempt": 0, "raw": "{\"1\":0,\"2\":0,\"3\":0,\"4\":0,\"5\":0,\"6\":0,\"7\":0,\"8\":0,\"9\":0,\"10\":0,\"11\":0,\"12\":0,\"13\":0,\"14\":0,\"15\":0}"}
{"batch_first": "50eb9368-020", "n": 25, "attempt": 0, "raw": "<<EMPTY stop_reason=refusal blocks=[]>>"}
{"batch_first": "50eb9368-020", "n": 12, "attempt": 0, "raw": "<<EMPTY stop_reason=refusal blocks=[]>>"}
{"batch_first": "50eb9368-020", "n": 6, "attempt": 0, "raw": "{\"1\":0,\"2\":1,\"3\":0,\"4\":0,\"5\":0,\"6\":0}"}
{"batch_first": "50eb9368-013", "n": 6, "attempt": 0, "raw": "{\"1\": 2, \"2\": 0, \"3\": 0, \"4\": 3, \"5\": 5, \"6\": 0}"}
{"batch_first": "50eb9368-030", "n": 13, "attempt": 0, "raw": "{\"1\":0,\"2\":0,\"3\":0,\"4\":0,\"5\":0,\"6\":0,\"7\":0,\"8\":0,\"9\":0,\"10\":0,\"11\":0,\"12\":0,\"13\":0}"}
{"batch_first": "50eb9368-001", "n": 15, "attempt": 0, "raw": "{\"1\":0,\"2\":0,\"3\":0,\"4\":0,\"5\":0,\"6\":3,\"7\":0,\"8\":0,\"9\":0,\"10\":0,\"11\":1,\"12\":0,\"13\":0,\"14\":0,\"15\":1}"}
{"batch_first": "82d2b97e-032", "n": 25, "attempt": 0, "raw": "{\"1\":0,\"2\":0,\"3\":0,\"4\":0,\"5\":0,\"6\":0,\"7\":0,\"8\":0,\"9\":0,\"10\":0,\"11\":0,\"12\":0,\"13\":0,\"14\":0,\"15\":0,\"16\":0,\"17\":0,\"18\":0,\"19\":0,\"20\":0,\"21\":0,\"22\":0,\"23\":0,\"24\":0,\"25\":0}"}
{"batch_first": "82d2b97e-017", "n": 15, "attempt": 0, "raw": "<<EMPTY stop_reason=refusal blocks=[]>>"}
{"batch_first": "82d2b97e-017", "n": 7, "attempt": 0, "raw": "<<EMPTY stop_reason=refusal blocks=[]>>"}
{"batch_first": "82d2b97e-017", "n": 3, "attempt": 0, "raw": "{\"1\":0,\"2\":0,\"3\":0}"}
{"batch_first": "82d2b97e-014", "n": 4, "attempt": 0, "raw": "{\"1\":0,\"2\":0,\"3\":0,\"4\":0}"}
{"batch_first": "82d2b97e-004", "n": 8, "attempt": 0, "raw": "{\"1\":0,\"2\":2,\"3\":0,\"4\":0,\"5\":0,\"6\":0,\"7\":0,\"8\":0}"}
{"batch_first": "2442acd1-036", "n": 25, "attempt": 0, "raw": "{\"1\":0,\"2\":0,\"3\":1,\"4\":2,\"5\":0,\"6\":1,\"7\":2,\"8\":0,\"9\":0,\"10\":0,\"11\":1,\"12\":3,\"13\":1,\"14\":0,\"15\":0,\"16\":0,\"17\":0,\"18\":0,\"19\":0,\"20\":0,\"21\":0,\"22\":0,\"23\":0,\"24\":0,\"25\":0}"}
{"batch_first": "2442acd1-000", "n": 15, "attempt": 0, "raw": "<<EMPTY stop_reason=refusal blocks=[]>>"}
{"batch_first": "2442acd1-000", "n": 7, "attempt": 0, "raw": "{\"1\": 0, \"2\": 1, \"3\": 0, \"4\": 1, \"5\": 0, \"6\": 9, \"7\": 0}"}
{"batch_first": "2442acd1-011", "n": 8, "attempt": 0, "raw": "{\"1\": 0, \"2\": 0, \"3\": 3, \"4\": 1, \"5\": 0, \"6\": 1, \"7\": 0, \"8\": 0}"}
{"batch_first": "8529df6f-012", "n": 25, "attempt": 0, "raw": "{\"1\": 0, \"2\": 4, \"3\": 0, \"4\": 0, \"5\": 4, \"6\": 0, \"7\": 0, \"8\": 0, \"9\": 0, \"10\": 6, \"11\": 0, \"12\": 0, \"13\": 0, \"14\": 0, \"15\": 0, \"16\": 0, \"17\": 0, \"18\": 0, \"19\": 0, \"20\": 0, \"21\": 0, \"22\": 0, \"23\": 0, \"24\": 0, \"25\": 10}"}
{"batch_first": "8529df6f-036", "n": 15, "attempt": 0, "raw": "{\"1\": 0, \"2\": 0, \"3\": 0, \"4\": 0, \"5\": 0, \"6\": 0, \"7\": 0, \"8\": 0, \"9\": 0, \"10\": 0, \"11\": 0, \"12\": 0, \"13\": 0, \"14\": 0, \"15\": 0}"}
{"batch_first": "19c4b614-011", "n": 25, "attempt": 0, "raw": "{\"1\": 0, \"2\": 0, \"3\": 0, \"4\": 0, \"5\": 0, \"6\": 0, \"7\": 0, \"8\": 3, \"9\": 0, \"10\": 0, \"11\": 0, \"12\": 0, \"13\": 0, \"14\": 0, \"15\": 0, \"16\": 0, \"17\": 0, \"18\": 0, \"19\": 0, \"20\": 0, \"21\": 0, \"22\": 0, \"23\": 0, \"24\": 0, \"25\": 0}"}
{"batch_first": "19c4b614-025", "n": 25, "attempt": 0, "raw": "{\"1\": 0, \"2\": 0, \"3\": 0, \"4\": 10, \"5\": 0, \"6\": 0, \"7\": 0, \"8\": 0, \"9\": 0, \"10\": 0, \"11\": 9, \"12\": 0, \"13\": 0, \"14\": 0, \"15\": 0, \"16\": 0, \"17\": 0, \"18\": 0, \"19\": 0, \"20\": 0, \"21\": 0, \"22\": 0, \"23\": 0, \"24\": 0, \"25\": 0}"}
{"batch_first": "9875f821-018", "n": 25, "attempt": 0, "raw": "{\"1\": 0, \"2\": 0, \"3\": 0, \"4\": 0, \"5\": 0, \"6\": 0, \"7\": 0, \"8\": 0, \"9\": 0, \"10\": 0, \"11\": 0, \"12\": 0, \"13\": 0, \"14\": 0, \"15\": 0, \"16\": 0, \"17\": 3, \"18\": 0, \"19\": 0, \"20\": 0, \"21\": 0, \"22\": 0, \"23\": 0, \"24\": 0, \"25\": 0}"}
{"batch_first": "9875f821-020", "n": 15, "attempt": 0, "raw": "{\"1\": 0, \"2\": 0, \"3\": 0, \"4\": 0, \"5\": 0, \"6\": 0, \"7\": 0, \"8\": 0, \"9\": 0, \"10\": 0, \"11\": 0, \"12\": 0, \"13\": 0, \"14\": 0, \"15\": 0}"}
{"batch_first": "da7374ba-011", "n": 25, "attempt": 0, "raw": "{\"1\":1,\"2\":0,\"3\":0,\"4\":0,\"5\":0,\"6\":0,\"7\":0,\"8\":0,\"9\":0,\"10\":2,\"11\":0,\"12\":0,\"13\":4,\"14\":0,\"15\":0,\"16\":0,\"17\":1,\"18\":0,\"19\":5,\"20\":0,\"21\":0,\"22\":0,\"23\":2,\"24\":0,\"25\":0}"}
{"batch_first": "da7374ba-018", "n": 15, "attempt": 0, "raw": "{\"1\": 0, \"2\": 0, \"3\": 0, \"4\": 0, \"5\": 2, \"6\": 0, \"7\": 0, \"8\": 1, \"9\": 0, \"10\": 0, \"11\": 0, \"12\": 0, \"13\": 1, \"14\": 0, \"15\": 0}"}
{"batch_first": "5a1d5b74-024", "n": 25, "attempt": 0, "raw": "{\"1\": 0, \"2\": 0, \"3\": 1, \"4\": 1, \"5\": 0, \"6\": 7, \"7\": 3, \"8\": 3, \"9\": 1, \"10\": 0, \"11\": 0, \"12\": 3, \"13\": 0, \"14\": 0, \"15\": 0, \"16\": 0, \"17\": 2, \"18\": 7, \"19\": 7, \"20\": 0, \"21\": 4, \"22\": 0, \"23\": 0, \"24\": 1, \"25\": 1}"}
{"batch_first": "5a1d5b74-015", "n": 15, "attempt": 0, "raw": "{\"1\": 0, \"2\": 0, \"3\": 1, \"4\": 0, \"5\": 9, \"6\": 0, \"7\": 0, \"8\": 0, \"9\": 0, \"10\": 6, \"11\": 0, \"12\": 2, \"13\": 0, \"14\": 0, \"15\": 0}"}
{"batch_first": "7afe987d-016", "n": 25, "attempt": 0, "raw": "{\"1\": 10, \"2\": 0, \"3\": 0, \"4\": 2, \"5\": 4, \"6\": 0, \"7\": 0, \"8\": 0, \"9\": 2, \"10\": 0, \"11\": 1, \"12\": 0, \"13\": 4, \"14\": 0, \"15\": 0, \"16\": 0, \"17\": 0, \"18\": 0, \"19\": 4, \"20\": 7, \"21\": 4, \"22\": 4, \"23\": 2, \"24\": 7, \"25\": 0}"}
{"batch_first": "7afe987d-020", "n": 25, "attempt": 0, "raw": "{\"1\": 0, \"2\": 0, \"3\": 4, \"4\": 0, \"5\": 0, \"6\": 0, \"7\": 7, \"8\": 3, \"9\": 0, \"10\": 0, \"11\": 0, \"12\": 0, \"13\": 0, \"14\": 0, \"15\": 0, \"16\": 0, \"17\": 0, \"18\": 0, \"19\": 0, \"20\": 8, \"21\": 0, \"22\": 0, \"23\": 3, \"24\": 0, \"25\": 0}"}
{"batch_first": "f54a4032-005", "n": 25, "attempt": 0, "raw": "<<EMPTY stop_reason=refusal blocks=[]>>"}
{"batch_first": "f54a4032-005", "n": 12, "attempt": 0, "raw": "<<EMPTY stop_reason=refusal blocks=[]>>"}
{"batch_first": "f54a4032-005", "n": 6, "attempt": 0, "raw": "{\"1\": 0, \"2\": 0, \"3\": 0, \"4\": 0, \"5\": 0, \"6\": 0}"}
{"batch_first": "f54a4032-021", "n": 6, "attempt": 0, "raw": "<<EMPTY stop_reason=refusal blocks=[]>>"}
{"batch_first": "f54a4032-021", "n": 3, "attempt": 0, "raw": "{\"1\": 0, \"2\": 0, \"3\": 0}"}
{"batch_first": "f54a4032-017", "n": 3, "attempt": 0, "raw": "{\"1\": 0, \"2\": 9, \"3\": 10}"}
{"batch_first": "f54a4032-010", "n": 13, "attempt": 0, "raw": "{\"1\":0,\"2\":0,\"3\":0,\"4\":10,\"5\":0,\"6\":0,\"7\":0,\"8\":0,\"9\":10,\"10\":0,\"11\":0,\"12\":0,\"13\":0}"}
{"batch_first": "f54a4032-001", "n": 15, "attempt": 0, "raw": "<<EMPTY stop_reason=refusal blocks=[]>>"}
{"batch_first": "f54a4032-001", "n": 7, "attempt": 0, "raw": "{\"1\": 0, \"2\": 0, \"3\": 0, \"4\": 0, \"5\": 0, \"6\": 0, \"7\": 0}"}
{"batch_first": "f54a4032-023", "n": 8, "attempt": 0, "raw": "<<EMPTY stop_reason=refusal blocks=[]>>"}
{"batch_first": "f54a4032-023", "n": 4, "attempt": 0, "raw": "{\"1\": 0, \"2\": 10, \"3\": 0, \"4\": 1}"}
{"batch_first": "f54a4032-012", "n": 4, "attempt": 0, "raw": "{\"1\":0,\"2\":0,\"3\":0,\"4\":10}"}
{"batch_first": "20939736-025", "n": 25, "attempt": 0, "raw": "<<EMPTY stop_reason=refusal blocks=[]>>"}
{"batch_first": "20939736-025", "n": 12, "attempt": 0, "raw": "<<EMPTY stop_reason=refusal blocks=[]>>"}
{"batch_first": "20939736-025", "n": 6, "attempt": 0, "raw": "{\"1\":0,\"2\":0,\"3\":0,\"4\":0,\"5\":0,\"6\":0}"}
{"batch_first": "20939736-017", "n": 6, "attempt": 0, "raw": "{\"1\": 1, \"2\": 1, \"3\": 0, \"4\": 8, \"5\": 0, \"6\": 0}"}
{"batch_first": "20939736-016", "n": 13, "attempt": 0, "raw": "<<EMPTY stop_reason=refusal blocks=[]>>"}
{"batch_first": "20939736-016", "n": 6, "attempt": 0, "raw": "<<EMPTY stop_reason=refusal blocks=[]>>"}
{"batch_first": "20939736-016", "n": 3, "attempt": 0, "raw": "{\"1\": 0, \"2\": 0, \"3\": 0}"}
{"batch_first": "20939736-019", "n": 3, "attempt": 0, "raw": "{\"1\":0,\"2\":0,\"3\":0}"}
{"batch_first": "20939736-020", "n": 7, "attempt": 0, "raw": "{\"1\": 2, \"2\": 0, \"3\": 2, \"4\": 1, \"5\": 2, \"6\": 2, \"7\": 0}"}
{"batch_first": "20939736-008", "n": 15, "attempt": 0, "raw": "{\"1\":0,\"2\":1,\"3\":0,\"4\":0,\"5\":0,\"6\":0,\"7\":0,\"8\":0,\"9\":0,\"10\":0,\"11\":0,\"12\":0,\"13\":0,\"14\":0,\"15\":0}"}
{"batch_first": "57dff45a-046", "n": 25, "attempt": 0, "raw": "{\"1\": 9, \"2\": 0, \"3\": 5, \"4\": 0, \"5\": 3, \"6\": 2, \"7\": 9, \"8\": 1, \"9\": 0, \"10\": 0, \"11\": 0, \"12\": 5, \"13\": 9, \"14\": 2, \"15\": 6, \"16\": 4, \"17\": 3, \"18\": 9, \"19\": 5, \"20\": 0, \"21\": 4, \"22\": 0, \"23\": 9, \"24\": 9, \"25\": 0}"}
{"batch_first": "57dff45a-005", "n": 25, "attempt": 0, "raw": "{\"1\": 3, \"2\": 1, \"3\": 0, \"4\": 0, \"5\": 1, \"6\": 4, \"7\": 1, \"8\": 2, \"9\": 9, \"10\": 8, \"11\": 0, \"12\": 7, \"13\": 0, \"14\": 0, \"15\": 0, \"16\": 2, \"17\": 0, \"18\": 3, \"19\": 4, \"20\": 0, \"21\": 0, \"22\": 8, \"23\": 8, \"24\": 9, \"25\": 4}"}
{"batch_first": "7c195116-034", "n": 25, "attempt": 0, "raw": "<<EMPTY stop_reason=refusal blocks=[]>>"}
{"batch_first": "7c195116-034", "n": 12, "attempt": 0, "raw": "{\"1\": 0, \"2\": 0, \"3\": 0, \"4\": 0, \"5\": 0, \"6\": 0, \"7\": 0, \"8\": 0, \"9\": 0, \"10\": 0, \"11\": 0, \"12\": 0}"}
{"batch_first": "7c195116-005", "n": 13, "attempt": 0, "raw": "{\"1\":0,\"2\":0,\"3\":0,\"4\":0,\"5\":0,\"6\":0,\"7\":10,\"8\":0,\"9\":0,\"10\":0,\"11\":0,\"12\":0,\"13\":0}"}
{"batch_first": "7c195116-014", "n": 15, "attempt": 0, "raw": "<<EMPTY stop_reason=refusal blocks=[]>>"}
{"batch_first": "7c195116-014", "n": 7, "attempt": 0, "raw": "{\"1\": 0, \"2\": 0, \"3\": 0, \"4\": 0, \"5\": 0, \"6\": 0, \"7\": 0}"}
{"batch_first": "7c195116-009", "n": 8, "attempt": 0, "raw": "{\"1\":0,\"2\":0,\"3\":0,\"4\":0,\"5\":0,\"6\":0,\"7\":0,\"8\":0}"}
{"batch_first": "089cacfb-036", "n": 25, "attempt": 0, "raw": "{\"1\": 1, \"2\": 0, \"3\": 0, \"4\": 0, \"5\": 0, \"6\": 0, \"7\": 0, \"8\": 0, \"9\": 9, \"10\": 0, \"11\": 4, \"12\": 0, \"13\": 0, \"14\": 0, \"15\": 0, \"16\": 0, \"17\": 0, \"18\": 0, \"19\": 0, \"20\": 0, \"21\": 0, \"22\": 0, \"23\": 0, \"24\": 0, \"25\": 0}"}
{"batch_first": "089cacfb-024", "n": 16, "attempt": 0, "raw": "<<EMPTY stop_reason=refusal blocks=[]>>"}
{"batch_first": "089cacfb-024", "n": 8, "attempt": 0, "raw": "{\"1\":0,\"2\":0,\"3\":0,\"4\":0,\"5\":0,\"6\":2,\"7\":2,\"8\":0}"}
{"batch_first": "089cacfb-021", "n": 8, "attempt": 0, "raw": "{\"1\": 6, \"2\": 4, \"3\": 0, \"4\": 0, \"5\": 0, \"6\": 0, \"7\": 0, \"8\": 0}"}
{"batch_first": "dc699448-044", "n": 25, "attempt": 0, "raw": "<<EMPTY stop_reason=refusal blocks=[]>>"}
{"batch_first": "dc699448-044", "n": 12, "attempt": 0, "raw": "<<EMPTY stop_reason=refusal blocks=[]>>"}
{"batch_first": "dc699448-044", "n": 6, "attempt": 0, "raw": "<<EMPTY stop_reason=refusal blocks=[]>>"}
{"batch_first": "dc699448-044", "n": 3, "attempt": 0, "raw": "<<EMPTY stop_reason=refusal blocks=[]>>"}
{"batch_first": "dc699448-044", "n": 1, "attempt": 0, "raw": "{\"1\": 0}"}
{"batch_first": "dc699448-030", "n": 2, "attempt": 0, "raw": "{\"1\":0,\"2\":6}"}
{"batch_first": "dc699448-035", "n": 3, "attempt": 0, "raw": "{\"1\": 0, \"2\": 0, \"3\": 0}"}
{"batch_first": "dc699448-011", "n": 6, "attempt": 0, "raw": "<<EMPTY stop_reason=refusal blocks=[]>>"}
{"batch_first": "dc699448-011", "n": 3, "attempt": 0, "raw": "<<EMPTY stop_reason=refusal blocks=[]>>"}
{"batch_first": "dc699448-011", "n": 1, "attempt": 0, "raw": "{\"1\": 0}"}
{"batch_first": "dc699448-036", "n": 2, "attempt": 0, "raw": "<<EMPTY stop_reason=refusal blocks=[]>>"}
{"batch_first": "dc699448-036", "n": 1, "attempt": 0, "raw": "{\"1\": 0}"}
{"batch_first": "dc699448-039", "n": 1, "attempt": 0, "raw": "{\"1\": 0}"}
{"batch_first": "dc699448-021", "n": 3, "attempt": 0, "raw": "{\"1\": 0, \"2\": 0, \"3\": 0}"}
{"batch_first": "dc699448-023", "n": 13, "attempt": 0, "raw": "<<EMPTY stop_reason=refusal blocks=[]>>"}
{"batch_first": "dc699448-023", "n": 6, "attempt": 0, "raw": "<<EMPTY stop_reason=refusal blocks=[]>>"}
{"batch_first": "dc699448-023", "n": 3, "attempt": 0, "raw": "{\"1\": 0, \"2\": 0, \"3\": 3}"}
{"batch_first": "dc699448-024", "n": 3, "attempt": 0, "raw": "{\"1\": 4, \"2\": 0, \"3\": 3}"}
{"batch_first": "dc699448-005", "n": 7, "attempt": 0, "raw": "<<EMPTY stop_reason=refusal blocks=[]>>"}
{"batch_first": "dc699448-005", "n": 3, "attempt": 0, "raw": "<<EMPTY stop_reason=refusal blocks=[]>>"}
{"batch_first": "dc699448-005", "n": 1, "attempt": 0, "raw": "{\"1\": 0}"}
{"batch_first": "dc699448-046", "n": 2, "attempt": 0, "raw": "{\"1\":0,\"2\":0}"}
{"batch_first": "dc699448-003", "n": 4, "attempt": 0, "raw": "{\"1\":0,\"2\":0,\"3\":0,\"4\":0}"}
{"batch_first": "dc699448-008", "n": 25, "attempt": 0, "raw": "<<EMPTY stop_reason=refusal blocks=[]>>"}
{"batch_first": "dc699448-008", "n": 12, "attempt": 0, "raw": "{\"1\":0,\"2\":0,\"3\":0,\"4\":0,\"5\":1,\"6\":0,\"7\":0,\"8\":0,\"9\":0,\"10\":0,\"11\":0,\"12\":0}"}
{"batch_first": "dc699448-048", "n": 13, "attempt": 0, "raw": "<<EMPTY stop_reason=refusal blocks=[]>>"}
{"batch_first": "dc699448-048", "n": 6, "attempt": 0, "raw": "<<EMPTY stop_reason=refusal blocks=[]>>"}
{"batch_first": "dc699448-048", "n": 3, "attempt": 0, "raw": "{\"1\":3,\"2\":0,\"3\":4}"}
{"batch_first": "dc699448-025", "n": 3, "attempt": 0, "raw": "{\"1\":0,\"2\":0,\"3\":0}"}
{"batch_first": "dc699448-002", "n": 7, "attempt": 0, "raw": "<<EMPTY stop_reason=refusal blocks=[]>>"}
{"batch_first": "dc699448-002", "n": 3, "attempt": 0, "raw": "{\"1\": 0, \"2\": 0, \"3\": 0}"}
{"batch_first": "dc699448-007", "n": 4, "attempt": 0, "raw": "{\"1\":3,\"2\":0,\"3\":0,\"4\":0}"}
{"batch_first": "6c7fca82-019", "n": 25, "attempt": 0, "raw": "{\"1\": 1, \"2\": 0, \"3\": 0, \"4\": 0, \"5\": 0, \"6\": 1, \"7\": 0, \"8\": 3, \"9\": 1, \"10\": 0, \"11\": 2, \"12\": 3, \"13\": 1, \"14\": 1, \"15\": 0, \"16\": 1, \"17\": 0, \"18\": 0, \"19\": 0, \"20\": 0, \"21\": 0, \"22\": 0, \"23\": 1, \"24\": 0, \"25\": 0}"}
{"batch_first": "6c7fca82-021", "n": 15, "attempt": 0, "raw": "{\"1\":0,\"2\":0,\"3\":0,\"4\":0,\"5\":0,\"6\":0,\"7\":0,\"8\":1,\"9\":1,\"10\":0,\"11\":0,\"12\":0,\"13\":0,\"14\":0,\"15\":0}"}
{"batch_first": "3d41e05f-021", "n": 25, "attempt": 0, "raw": "{\"1\":0,\"2\":0,\"3\":0,\"4\":0,\"5\":0,\"6\":0,\"7\":0,\"8\":0,\"9\":0,\"10\":0,\"11\":0,\"12\":0,\"13\":0,\"14\":0,\"15\":0,\"16\":0,\"17\":9,\"18\":1,\"19\":1,\"20\":0,\"21\":0,\"22\":0,\"23\":0,\"24\":3,\"25\":2}"}
{"batch_first": "3d41e05f-022", "n": 15, "attempt": 0, "raw": "<<EMPTY stop_reason=refusal blocks=[]>>"}
{"batch_first": "3d41e05f-022", "n": 7, "attempt": 0, "raw": "{\"1\": 3, \"2\": 1, \"3\": 1, \"4\": 0, \"5\": 0, \"6\": 1, \"7\": 1}"}
{"batch_first": "3d41e05f-002", "n": 8, "attempt": 0, "raw": "<<EMPTY stop_reason=refusal blocks=[]>>"}
{"batch_first": "3d41e05f-002", "n": 4, "attempt": 0, "raw": "{\"1\": 0, \"2\": 0, \"3\": 0, \"4\": 0}"}
{"batch_first": "3d41e05f-005", "n": 4, "attempt": 0, "raw": "{\"1\":0,\"2\":0,\"3\":0,\"4\":0}"}
{"batch_first": "0716fb17-025", "n": 25, "attempt": 0, "raw": "{\"1\": 0, \"2\": 0, \"3\": 1, \"4\": 4, \"5\": 3, \"6\": 0, \"7\": 1, \"8\": 0, \"9\": 2, \"10\": 0, \"11\": 0, \"12\": 0, \"13\": 0, \"14\": 8, \"15\": 0, \"16\": 0, \"17\": 4, \"18\": 2, \"19\": 8, \"20\": 6, \"21\": 7, \"22\": 0, \"23\": 4, \"24\": 1, \"25\": 0}"}
{"batch_first": "0716fb17-034", "n": 15, "attempt": 0, "raw": "{\"1\": 2, \"2\": 5, \"3\": 1, \"4\": 0, \"5\": 0, \"6\": 0, \"7\": 2, \"8\": 0, \"9\": 0, \"10\": 0, \"11\": 0, \"12\": 2, \"13\": 3, \"14\": 0, \"15\": 0}"}
{"batch_first": "e84758f0-010", "n": 25, "attempt": 0, "raw": "{\"1\":0,\"2\":0,\"3\":0,\"4\":0,\"5\":0,\"6\":0,\"7\":0,\"8\":0,\"9\":0,\"10\":0,\"11\":0,\"12\":0,\"13\":0,\"14\":0,\"15\":0,\"16\":0,\"17\":0,\"18\":0,\"19\":0,\"20\":0,\"21\":0,\"22\":0,\"23\":0,\"24\":0,\"25\":0}"}
{"batch_first": "e84758f0-028", "n": 15, "attempt": 0, "raw": "{\"1\":0,\"2\":0,\"3\":0,\"4\":0,\"5\":1,\"6\":1,\"7\":0,\"8\":0,\"9\":0,\"10\":0,\"11\":0,\"12\":0,\"13\":0,\"14\":0,\"15\":0}"}
{"batch_first": "fc627aac-019", "n": 25, "attempt": 0, "raw": "{\"1\":0,\"2\":0,\"3\":0,\"4\":0,\"5\":0,\"6\":0,\"7\":0,\"8\":0,\"9\":0,\"10\":0,\"11\":0,\"12\":10,\"13\":0,\"14\":0,\"15\":0,\"16\":0,\"17\":10,\"18\":0,\"19\":0,\"20\":0,\"21\":0,\"22\":0,\"23\":0,\"24\":0,\"25\":0}"}
{"batch_first": "fc627aac-031", "n": 15, "attempt": 0, "raw": "{\"1\":0,\"2\":0,\"3\":0,\"4\":0,\"5\":1,\"6\":0,\"7\":0,\"8\":0,\"9\":0,\"10\":0,\"11\":0,\"12\":0,\"13\":0,\"14\":0,\"15\":1}"}
{"batch_first": "ba158d54-037", "n": 25, "attempt": 0, "raw": "{\"1\": 0, \"2\": 0, \"3\": 0, \"4\": 0, \"5\": 1, \"6\": 0, \"7\": 0, \"8\": 0, \"9\": 4, \"10\": 0, \"11\": 0, \"12\": 0, \"13\": 0, \"14\": 0, \"15\": 0, \"16\": 0, \"17\": 0, \"18\": 0, \"19\": 0, \"20\": 8, \"21\": 0, \"22\": 0, \"23\": 0, \"24\": 0, \"25\": 0}"}
{"batch_first": "ba158d54-045", "n": 25, "attempt": 0, "raw": "{\"1\":0,\"2\":0,\"3\":0,\"4\":0,\"5\":0,\"6\":1,\"7\":0,\"8\":0,\"9\":0,\"10\":0,\"11\":0,\"12\":0,\"13\":0,\"14\":0,\"15\":0,\"16\":0,\"17\":0,\"18\":0,\"19\":0,\"20\":0,\"21\":0,\"22\":0,\"23\":0,\"24\":0,\"25\":0}"}
{"batch_first": "4ac674dc-025", "n": 25, "attempt": 0, "raw": "{\"1\":6,\"2\":0,\"3\":0,\"4\":0,\"5\":0,\"6\":0,\"7\":0,\"8\":0,\"9\":0,\"10\":0,\"11\":0,\"12\":0,\"13\":0,\"14\":0,\"15\":0,\"16\":0,\"17\":0,\"18\":0,\"19\":0,\"20\":0,\"21\":0,\"22\":0,\"23\":2,\"24\":0,\"25\":0}"}
{"batch_first": "4ac674dc-037", "n": 15, "attempt": 0, "raw": "<<EMPTY stop_reason=refusal blocks=[]>>"}
{"batch_first": "4ac674dc-037", "n": 7, "attempt": 0, "raw": "{\"1\": 0, \"2\": 0, \"3\": 0, \"4\": 0, \"5\": 0, \"6\": 0, \"7\": 0}"}
{"batch_first": "4ac674dc-034", "n": 8, "attempt": 0, "raw": "{\"1\": 0, \"2\": 0, \"3\": 1, \"4\": 0, \"5\": 0, \"6\": 1, \"7\": 0, \"8\": 0}"}
{"batch_first": "96dc8fde-012", "n": 25, "attempt": 0, "raw": "{\"1\":0,\"2\":0,\"3\":0,\"4\":0,\"5\":0,\"6\":0,\"7\":0,\"8\":0,\"9\":0,\"10\":1,\"11\":0,\"12\":0,\"13\":0,\"14\":2,\"15\":1,\"16\":0,\"17\":0,\"18\":1,\"19\":0,\"20\":0,\"21\":0,\"22\":0,\"23\":0,\"24\":0,\"25\":0}"}
{"batch_first": "96dc8fde-009", "n": 15, "attempt": 0, "raw": "{\"1\": 0, \"2\": 0, \"3\": 0, \"4\": 0, \"5\": 0, \"6\": 0, \"7\": 0, \"8\": 0, \"9\": 0, \"10\": 0, \"11\": 0, \"12\": 0, \"13\": 0, \"14\": 0, \"15\": 0}"}
{"batch_first": "78c704c0-037", "n": 25, "attempt": 0, "raw": "<<EMPTY stop_reason=refusal blocks=[]>>"}
{"batch_first": "78c704c0-037", "n": 12, "attempt": 0, "raw": "<<EMPTY stop_reason=refusal blocks=[]>>"}
{"batch_first": "78c704c0-037", "n": 6, "attempt": 0, "raw": "{\"1\": 0, \"2\": 0, \"3\": 0, \"4\": 0, \"5\": 8, \"6\": 0}"}
{"batch_first": "78c704c0-031", "n": 6, "attempt": 0, "raw": "{\"1\":0,\"2\":0,\"3\":0,\"4\":0,\"5\":0,\"6\":0}"}
{"batch_first": "78c704c0-029", "n": 13, "attempt": 0, "raw": "{\"1\": 0, \"2\": 0, \"3\": 0, \"4\": 0, \"5\": 0, \"6\": 0, \"7\": 0, \"8\": 1, \"9\": 0, \"10\": 1, \"11\": 0, \"12\": 0, \"13\": 0}"}
{"batch_first": "78c704c0-004", "n": 15, "attempt": 0, "raw": "{\"1\": 10, \"2\": 0, \"3\": 0, \"4\": 1, \"5\": 0, \"6\": 1, \"7\": 0, \"8\": 0, \"9\": 1, \"10\": 1, \"11\": 0, \"12\": 10, \"13\": 0, \"14\": 0, \"15\": 0}"}
{"batch_first": "8219baca-015", "n": 25, "attempt": 0, "raw": "{\"1\":0,\"2\":0,\"3\":0,\"4\":0,\"5\":0,\"6\":0,\"7\":0,\"8\":0,\"9\":0,\"10\":0,\"11\":0,\"12\":0,\"13\":0,\"14\":0,\"15\":0,\"16\":0,\"17\":0,\"18\":0,\"19\":0,\"20\":0,\"21\":0,\"22\":0,\"23\":0,\"24\":0,\"25\":0}"}
{"batch_first": "8219baca-023", "n": 25, "attempt": 0, "raw": "{\"1\":0,\"2\":0,\"3\":0,\"4\":0,\"5\":0,\"6\":0,\"7\":0,\"8\":0,\"9\":0,\"10\":0,\"11\":0,\"12\":0,\"13\":0,\"14\":0,\"15\":0,\"16\":0,\"17\":0,\"18\":0,\"19\":0,\"20\":0,\"21\":0,\"22\":0,\"23\":0,\"24\":0,\"25\":0}"}
{"batch_first": "92fe8570-019", "n": 25, "attempt": 0, "raw": "{\"1\": 0, \"2\": 0, \"3\": 8, \"4\": 3, \"5\": 8, \"6\": 8, \"7\": 0, \"8\": 7, \"9\": 0, \"10\": 0, \"11\": 0, \"12\": 0, \"13\": 0, \"14\": 0, \"15\": 0, \"16\": 6, \"17\": 0, \"18\": 0, \"19\": 0, \"20\": 0, \"21\": 0, \"22\": 6, \"23\": 6, \"24\": 0, \"25\": 0}"}
{"batch_first": "92fe8570-008", "n": 17, "attempt": 0, "raw": "<<EMPTY stop_reason=refusal blocks=[]>>"}
{"batch_first": "92fe8570-008", "n": 8, "attempt": 0, "raw": "<<EMPTY stop_reason=refusal blocks=[]>>"}
{"batch_first": "92fe8570-008", "n": 4, "attempt": 0, "raw": "{\"1\": 0, \"2\": 2, \"3\": 0, \"4\": 8}"}
{"batch_first": "92fe8570-023", "n": 4, "attempt": 0, "raw": "<<EMPTY stop_reason=refusal blocks=[]>>"}
{"batch_first": "92fe8570-023", "n": 2, "attempt": 0, "raw": "{\"1\": 0, \"2\": 8}"}
{"batch_first": "92fe8570-036", "n": 2, "attempt": 0, "raw": "{\"1\": 6, \"2\": 5}"}
{"batch_first": "92fe8570-029", "n": 9, "attempt": 0, "raw": "{\"1\": 0, \"2\": 0, \"3\": 6, \"4\": 7, \"5\": 0, \"6\": 5, \"7\": 6, \"8\": 0, \"9\": 0}"}
{"batch_first": "c4394437-015", "n": 25, "attempt": 0, "raw": "{\"1\":0,\"2\":0,\"3\":0,\"4\":0,\"5\":0,\"6\":0,\"7\":1,\"8\":0,\"9\":0,\"10\":0,\"11\":0,\"12\":0,\"13\":0,\"14\":0,\"15\":0,\"16\":0,\"17\":0,\"18\":0,\"19\":0,\"20\":0,\"21\":0,\"22\":0,\"23\":0,\"24\":0,\"25\":0}"}
{"batch_first": "c4394437-007", "n": 15, "attempt": 0, "raw": "{\"1\":0,\"2\":0,\"3\":0,\"4\":0,\"5\":0,\"6\":0,\"7\":0,\"8\":0,\"9\":0,\"10\":0,\"11\":0,\"12\":0,\"13\":0,\"14\":0,\"15\":0}"}
{"batch_first": "7c2517a0-026", "n": 25, "attempt": 0, "raw": "{\"1\":0,\"2\":0,\"3\":0,\"4\":0,\"5\":0,\"6\":0,\"7\":0,\"8\":0,\"9\":1,\"10\":0,\"11\":2,\"12\":0,\"13\":0,\"14\":0,\"15\":1,\"16\":0,\"17\":0,\"18\":0,\"19\":0,\"20\":0,\"21\":6,\"22\":0,\"23\":0,\"24\":0,\"25\":0}"}
{"batch_first": "7c2517a0-013", "n": 15, "attempt": 0, "raw": "{\"1\":0,\"2\":0,\"3\":0,\"4\":0,\"5\":0,\"6\":0,\"7\":0,\"8\":0,\"9\":0,\"10\":0,\"11\":0,\"12\":0,\"13\":0,\"14\":0,\"15\":0}"}
{"batch_first": "f64e36e3-021", "n": 25, "attempt": 0, "raw": "{\"1\":0,\"2\":0,\"3\":0,\"4\":0,\"5\":0,\"6\":0,\"7\":0,\"8\":0,\"9\":0,\"10\":0,\"11\":0,\"12\":0,\"13\":0,\"14\":0,\"15\":0,\"16\":0,\"17\":0,\"18\":0,\"19\":0,\"20\":0,\"21\":0,\"22\":1,\"23\":0,\"24\":0,\"25\":0}"}
{"batch_first": "f64e36e3-046", "n": 25, "attempt": 0, "raw": "{\"1\":0,\"2\":0,\"3\":0,\"4\":0,\"5\":0,\"6\":0,\"7\":0,\"8\":0,\"9\":0,\"10\":1,\"11\":0,\"12\":0,\"13\":0,\"14\":0,\"15\":0,\"16\":0,\"17\":0,\"18\":1,\"19\":0,\"20\":0,\"21\":0,\"22\":0,\"23\":0,\"24\":0,\"25\":0}"}
{"batch_first": "f1a66bc9-026", "n": 25, "attempt": 0, "raw": "{\"1\": 0, \"2\": 0, \"3\": 0, \"4\": 0, \"5\": 0, \"6\": 0, \"7\": 0, \"8\": 0, \"9\": 10, \"10\": 0, \"11\": 7, \"12\": 0, \"13\": 0, \"14\": 0, \"15\": 0, \"16\": 0, \"17\": 0, \"18\": 0, \"19\": 0, \"20\": 0, \"21\": 0, \"22\": 0, \"23\": 0, \"24\": 0, \"25\": 6}"}
{"batch_first": "f1a66bc9-038", "n": 17, "attempt": 0, "raw": "{\"1\": 10, \"2\": 0, \"3\": 0, \"4\": 0, \"5\": 0, \"6\": 10, \"7\": 0, \"8\": 0, \"9\": 0, \"10\": 0, \"11\": 0, \"12\": 0, \"13\": 0, \"14\": 0, \"15\": 0, \"16\": 0, \"17\": 6}"}
{"batch_first": "c42c6103-039", "n": 25, "attempt": 0, "raw": "<<EMPTY stop_reason=refusal blocks=[]>>"}
{"batch_first": "c42c6103-039", "n": 12, "attempt": 0, "raw": "{\"1\": 0, \"2\": 0, \"3\": 0, \"4\": 0, \"5\": 1, \"6\": 0, \"7\": 0, \"8\": 0, \"9\": 0, \"10\": 0, \"11\": 0, \"12\": 0}"}
{"batch_first": "c42c6103-014", "n": 13, "attempt": 0, "raw": "{\"1\":0,\"2\":0,\"3\":0,\"4\":0,\"5\":0,\"6\":0,\"7\":0,\"8\":0,\"9\":0,\"10\":0,\"11\":0,\"12\":0,\"13\":0}"}
{"batch_first": "c42c6103-004", "n": 15, "attempt": 0, "raw": "{\"1\":0,\"2\":0,\"3\":0,\"4\":0,\"5\":0,\"6\":0,\"7\":0,\"8\":0,\"9\":0,\"10\":0,\"11\":0,\"12\":0,\"13\":0,\"14\":0,\"15\":0}"}
{"batch_first": "36a8c08d-021", "n": 25, "attempt": 0, "raw": "{\"1\": 1, \"2\": 1, \"3\": 0, \"4\": 0, \"5\": 0, \"6\": 0, \"7\": 0, \"8\": 1, \"9\": 0, \"10\": 0, \"11\": 0, \"12\": 0, \"13\": 0, \"14\": 4, \"15\": 0, \"16\": 1, \"17\": 7, \"18\": 0, \"19\": 3, \"20\": 0, \"21\": 0, \"22\": 2, \"23\": 0, \"24\": 0, \"25\": 0}"}
{"batch_first": "36a8c08d-001", "n": 15, "attempt": 0, "raw": "{\"1\": 1, \"2\": 2, \"3\": 0, \"4\": 0, \"5\": 2, \"6\": 4, \"7\": 0, \"8\": 2, \"9\": 0, \"10\": 0, \"11\": 0, \"12\": 1, \"13\": 1, \"14\": 1, \"15\": 3}"}
{"batch_first": "8cc5c583-016", "n": 25, "attempt": 0, "raw": "<<EMPTY stop_reason=refusal blocks=[]>>"}
{"batch_first": "8cc5c583-016", "n": 12, "attempt": 0, "raw": "<<EMPTY stop_reason=refusal blocks=[]>>"}
{"batch_first": "8cc5c583-016", "n": 6, "attempt": 0, "raw": "{\"1\":0,\"2\":0,\"3\":0,\"4\":0,\"5\":0,\"6\":0}"}
{"batch_first": "8cc5c583-014", "n": 6, "attempt": 0, "raw": "{\"1\": 0, \"2\": 6, \"3\": 0, \"4\": 0, \"5\": 0, \"6\": 0}"}
{"batch_first": "8cc5c583-012", "n": 13, "attempt": 0, "raw": "{\"1\": 0, \"2\": 0, \"3\": 0, \"4\": 0, \"5\": 2, \"6\": 9, \"7\": 6, \"8\": 0, \"9\": 0, \"10\": 0, \"11\": 1, \"12\": 0, \"13\": 6}"}
{"batch_first": "8cc5c583-010", "n": 16, "attempt": 0, "raw": "{\"1\": 0, \"2\": 1, \"3\": 0, \"4\": 0, \"5\": 0, \"6\": 0, \"7\": 0, \"8\": 0, \"9\": 2, \"10\": 0, \"11\": 0, \"12\": 0, \"13\": 0, \"14\": 0, \"15\": 0, \"16\": 0}"}
{"batch_first": "aa8b2143-013", "n": 25, "attempt": 0, "raw": "<<EMPTY stop_reason=refusal blocks=[]>>"}
{"batch_first": "aa8b2143-013", "n": 12, "attempt": 0, "raw": "<<EMPTY stop_reason=refusal blocks=[]>>"}
{"batch_first": "aa8b2143-013", "n": 6, "attempt": 0, "raw": "{\"1\":0,\"2\":0,\"3\":0,\"4\":0,\"5\":0,\"6\":0}"}
{"batch_first": "aa8b2143-004", "n": 6, "attempt": 0, "raw": "{\"1\":1,\"2\":1,\"3\":1,\"4\":2,\"5\":1,\"6\":1}"}
{"batch_first": "aa8b2143-021", "n": 13, "attempt": 0, "raw": "{\"1\": 0, \"2\": 0, \"3\": 0, \"4\": 0, \"5\": 0, \"6\": 0, \"7\": 8, \"8\": 8, \"9\": 0, \"10\": 0, \"11\": 7, \"12\": 0, \"13\": 0}"}
{"batch_first": "aa8b2143-033", "n": 15, "attempt": 0, "raw": "<<EMPTY stop_reason=refusal blocks=[]>>"}
{"batch_first": "aa8b2143-033", "n": 7, "attempt": 0, "raw": "<<EMPTY stop_reason=refusal blocks=[]>>"}
{"batch_first": "aa8b2143-033", "n": 3, "attempt": 0, "raw": "{\"1\":0,\"2\":1,\"3\":6}"}
{"batch_first": "aa8b2143-006", "n": 4, "attempt": 0, "raw": "{\"1\":0,\"2\":0,\"3\":1,\"4\":0}"}
{"batch_first": "aa8b2143-001", "n": 8, "attempt": 0, "raw": "{\"1\": 2, \"2\": 3, \"3\": 1, \"4\": 0, \"5\": 2, \"6\": 0, \"7\": 1, \"8\": 1}"}
{"batch_first": "f7499ce0-014", "n": 25, "attempt": 0, "raw": "{\"1\":0,\"2\":0,\"3\":0,\"4\":0,\"5\":0,\"6\":0,\"7\":0,\"8\":0,\"9\":0,\"10\":0,\"11\":0,\"12\":0,\"13\":0,\"14\":0,\"15\":0,\"16\":0,\"17\":0,\"18\":1,\"19\":0,\"20\":0,\"21\":0,\"22\":0,\"23\":0,\"24\":0,\"25\":0}"}
{"batch_first": "f7499ce0-037", "n": 15, "attempt": 0, "raw": "{\"1\":0,\"2\":0,\"3\":0,\"4\":0,\"5\":0,\"6\":0,\"7\":0,\"8\":0,\"9\":0,\"10\":0,\"11\":0,\"12\":0,\"13\":0,\"14\":0,\"15\":0}"}
{"batch_first": "c2e8429d-006", "n": 25, "attempt": 0, "raw": "{\"1\":0,\"2\":0,\"3\":0,\"4\":0,\"5\":0,\"6\":0,\"7\":0,\"8\":0,\"9\":0,\"10\":0,\"11\":0,\"12\":0,\"13\":0,\"14\":0,\"15\":0,\"16\":0,\"17\":0,\"18\":0,\"19\":0,\"20\":0,\"21\":0,\"22\":0,\"23\":0,\"24\":0,\"25\":0}"}
{"batch_first": "c2e8429d-030", "n": 19, "attempt": 0, "raw": "{\"1\": 2, \"2\": 0, \"3\": 1, \"4\": 0, \"5\": 0, \"6\": 0, \"7\": 0, \"8\": 0, \"9\": 2, \"10\": 0, \"11\": 0, \"12\": 0, \"13\": 0, \"14\": 0, \"15\": 0, \"16\": 1, \"17\": 1, \"18\": 0, \"19\": 1}"}
{"batch_first": "74675256-004", "n": 25, "attempt": 0, "raw": "{\"1\": 0, \"2\": 1, \"3\": 0, \"4\": 0, \"5\": 0, \"6\": 0, \"7\": 0, \"8\": 0, \"9\": 0, \"10\": 0, \"11\": 0, \"12\": 0, \"13\": 0, \"14\": 0, \"15\": 1, \"16\": 0, \"17\": 0, \"18\": 0, \"19\": 0, \"20\": 0, \"21\": 0, \"22\": 2, \"23\": 9, \"24\": 1, \"25\": 0}"}
{"batch_first": "74675256-008", "n": 15, "attempt": 0, "raw": "<<EMPTY stop_reason=refusal blocks=[]>>"}
{"batch_first": "74675256-008", "n": 7, "attempt": 0, "raw": "{\"1\":0,\"2\":0,\"3\":0,\"4\":0,\"5\":1,\"6\":0,\"7\":0}"}
{"batch_first": "74675256-025", "n": 8, "attempt": 0, "raw": "{\"1\": 0, \"2\": 0, \"3\": 0, \"4\": 0, \"5\": 5, \"6\": 0, \"7\": 9, \"8\": 0}"}
{"batch_first": "019f7650-008", "n": 25, "attempt": 0, "raw": "{\"1\": 0, \"2\": 0, \"3\": 0, \"4\": 2, \"5\": 0, \"6\": 0, \"7\": 1, \"8\": 0, \"9\": 0, \"10\": 3, \"11\": 0, \"12\": 0, \"13\": 3, \"14\": 0, \"15\": 2, \"16\": 0, \"17\": 0, \"18\": 0, \"19\": 0, \"20\": 0, \"21\": 2, \"22\": 0, \"23\": 1, \"24\": 3, \"25\": 0}"}
{"batch_first": "019f7650-016", "n": 15, "attempt": 0, "raw": "{\"1\":0,\"2\":0,\"3\":0,\"4\":0,\"5\":2,\"6\":0,\"7\":0,\"8\":0,\"9\":0,\"10\":0,\"11\":0,\"12\":0,\"13\":0,\"14\":0,\"15\":0}"}
{"batch_first": "e72d8f20-001", "n": 25, "attempt": 0, "raw": "{\"1\": 0, \"2\": 0, \"3\": 0, \"4\": 0, \"5\": 0, \"6\": 0, \"7\": 0, \"8\": 0, \"9\": 0, \"10\": 1, \"11\": 0, \"12\": 0, \"13\": 0, \"14\": 1, \"15\": 0, \"16\": 1, \"17\": 0, \"18\": 0, \"19\": 0, \"20\": 0, \"21\": 0, \"22\": 1, \"23\": 0, \"24\": 0, \"25\": 0}"}
{"batch_first": "e72d8f20-002", "n": 15, "attempt": 0, "raw": "<<EMPTY stop_reason=refusal blocks=[]>>"}
{"batch_first": "e72d8f20-002", "n": 7, "attempt": 0, "raw": "{\"1\":6,\"2\":0,\"3\":0,\"4\":1,\"5\":0,\"6\":0,\"7\":0}"}
{"batch_first": "e72d8f20-036", "n": 8, "attempt": 0, "raw": "<<EMPTY stop_reason=refusal blocks=[]>>"}
{"batch_first": "e72d8f20-036", "n": 4, "attempt": 0, "raw": "{\"1\": 0, \"2\": 0, \"3\": 0, \"4\": 0}"}
{"batch_first": "e72d8f20-022", "n": 4, "attempt": 0, "raw": "{\"1\":0,\"2\":0,\"3\":0,\"4\":2}"}
{"batch_first": "6bc90eec-006", "n": 25, "attempt": 0, "raw": "{\"1\":0,\"2\":0,\"3\":0,\"4\":0,\"5\":0,\"6\":0,\"7\":0,\"8\":0,\"9\":0,\"10\":0,\"11\":0,\"12\":0,\"13\":0,\"14\":0,\"15\":1,\"16\":0,\"17\":0,\"18\":0,\"19\":0,\"20\":1,\"21\":0,\"22\":0,\"23\":0,\"24\":2,\"25\":0}"}
{"batch_first": "6bc90eec-015", "n": 15, "attempt": 0, "raw": "{\"1\":0,\"2\":0,\"3\":0,\"4\":0,\"5\":0,\"6\":0,\"7\":0,\"8\":0,\"9\":0,\"10\":0,\"11\":0,\"12\":0,\"13\":0,\"14\":0,\"15\":0}"}
{"batch_first": "2c9e56d1-013", "n": 25, "attempt": 0, "raw": "{\"1\": 0, \"2\": 8, \"3\": 0, \"4\": 0, \"5\": 0, \"6\": 0, \"7\": 0, \"8\": 0, \"9\": 0, \"10\": 0, \"11\": 0, \"12\": 0, \"13\": 0, \"14\": 0, \"15\": 0, \"16\": 0, \"17\": 0, \"18\": 0, \"19\": 0, \"20\": 0, \"21\": 0, \"22\": 0, \"23\": 0, \"24\": 0, \"25\": 0}"}
{"batch_first": "2c9e56d1-025", "n": 15, "attempt": 0, "raw": "{\"1\":0,\"2\":0,\"3\":1,\"4\":0,\"5\":0,\"6\":0,\"7\":0,\"8\":0,\"9\":0,\"10\":0,\"11\":0,\"12\":0,\"13\":0,\"14\":0,\"15\":0}"}
