{"batch_first": "870383c7-072", "n": 25, "attempt": 0, "raw": "<<EMPTY stop_reason=refusal blocks=[]>>"}
{"batch_first": "870383c7-072", "n": 12, "attempt": 0, "raw": "<<EMPTY stop_reason=refusal blocks=[]>>"}
{"batch_first": "870383c7-072", "n": 6, "attempt": 0, "raw": "<<EMPTY stop_reason=refusal blocks=[]>>"}
{"batch_first": "870383c7-072", "n": 3, "attempt": 0, "raw": "{\"1\": 0, \"2\": 8, \"3\": 8}"}
{"batch_first": "870383c7-011", "n": 3, "attempt": 0, "raw": "{\"1\": 8, \"2\": 8, \"3\": 0}"}
{"batch_first": "870383c7-037", "n": 6, "attempt": 0, "raw": "{\"1\": 0, \"2\": 3, \"3\": 8, \"4\": 3, \"5\": 0, \"6\": 3}"}
{"batch_first": "870383c7-032", "n": 13, "attempt": 0, "raw": "{\"1\": 8, \"2\": 0, \"3\": 0, \"4\": 8, \"5\": 6, \"6\": 8, \"7\": 0, \"8\": 0, \"9\": 6, \"10\": 8, \"11\": 0, \"12\": 0, \"13\": 3}"}
{"batch_first": "870383c7-025", "n": 25, "attempt": 0, "raw": "<<EMPTY stop_reason=refusal blocks=[]>>"}
{"batch_first": "870383c7-025", "n": 12, "attempt": 0, "raw": "{\"1\": 0, \"2\": 7, \"3\": 4, \"4\": 0, \"5\": 4, \"6\": 7, \"7\": 0, \"8\": 7, \"9\": 7, \"10\": 3, \"11\": 5, \"12\": 7}"}
{"batch_first": "870383c7-060", "n": 13, "attempt": 0, "raw": "<<EMPTY stop_reason=refusal blocks=[]>>"}
{"batch_first": "870383c7-060", "n": 6, "attempt": 0, "raw": "<<EMPTY stop_reason=refusal blocks=[]>>"}
{"batch_first": "870383c7-060", "n": 3, "attempt": 0, "raw": "{\"1\":0,\"2\":8,\"3\":8}"}
{"batch_first": "870383c7-064", "n": 3, "attempt": 0, "raw": "{\"1\": 0, \"2\": 0, \"3\": 4}"}
{"batch_first": "870383c7-035", "n": 7, "attempt": 0, "raw": "{\"1\": 2, \"2\": 0, \"3\": 1, \"4\": 0, \"5\": 6, \"6\": 6, \"7\": 0}"}
{"batch_first": "870383c7-019", "n": 25, "attempt": 0, "raw": "{\"1\": 1, \"2\": 5, \"3\": 0, \"4\": 6, \"5\": 5, \"6\": 0, \"7\": 0, \"8\": 0, \"9\": 6, \"10\": 1, \"11\": 8, \"12\": 1, \"13\": 8, \"14\": 7, \"15\": 8, \"16\": 0, \"17\": 8, \"18\": 0, \"19\": 0, \"20\": 6, \"21\": 7, \"22\": 8, \"23\": 0, \"24\": 0, \"25\": 1}"}
{"batch_first": "997e1aaa-019", "n": 25, "attempt": 0, "raw": "{\"1\": 0, \"2\": 8, \"3\": 7, \"4\": 7, \"5\": 0, \"6\": 7, \"7\": 7, \"8\": 8, \"9\": 8, \"10\": 8, \"11\": 8, \"12\": 0, \"13\": 0, \"14\": 0, \"15\": 0, \"16\": 7, \"17\": 0, \"18\": 7, \"19\": 0, \"20\": 7, \"21\": 3, \"22\": 8, \"23\": 7, \"24\": 7, \"25\": 7}"}
{"batch_first": "997e1aaa-042", "n": 25, "attempt": 0, "raw": "{\"1\": 0, \"2\": 8, \"3\": 0, \"4\": 0, \"5\": 7, \"6\": 7, \"7\": 0, \"8\": 8, \"9\": 0, \"10\": 0, \"11\": 0, \"12\": 8, \"13\": 2, \"14\": 6, \"15\": 6, \"16\": 6, \"17\": 0, \"18\": 0, \"19\": 0, \"20\": 8, \"21\": 0, \"22\": 0, \"23\": 8, \"24\": 0, \"25\": 0}"}
{"batch_first": "997e1aaa-005", "n": 15, "attempt": 0, "raw": "{\"1\": 0, \"2\": 0, \"3\": 0, \"4\": 0, \"5\": 0, \"6\": 0, \"7\": 0, \"8\": 0, \"9\": 0, \"10\": 9, \"11\": 9, \"12\": 9, \"13\": 9, \"14\": 9, \"15\": 0}"}
{"batch_first": "c71470e8-024", "n": 25, "attempt": 0, "raw": "{\"1\": 0, \"2\": 9, \"3\": 0, \"4\": 0, \"5\": 0, \"6\": 0, \"7\": 0, \"8\": 9, \"9\": 0, \"10\": 0, \"11\": 9, \"12\": 9, \"13\": 8, \"14\": 8, \"15\": 8, \"16\": 3, \"17\": 9, \"18\": 0, \"19\": 7, \"20\": 0, \"21\": 9, \"22\": 0, \"23\": 3, \"24\": 8, \"25\": 8}"}
{"batch_first": "c71470e8-039", "n": 25, "attempt": 0, "raw": "{\"1\": 1, \"2\": 1, \"3\": 8, \"4\": 1, \"5\": 0, \"6\": 0, \"7\": 1, \"8\": 0, \"9\": 7, \"10\": 1, \"11\": 9, \"12\": 0, \"13\": 0, \"14\": 1, \"15\": 0, \"16\": 9, \"17\": 1, \"18\": 0, \"19\": 0, \"20\": 1, \"21\": 0, \"22\": 0, \"23\": 1, \"24\": 0, \"25\": 1}"}
{"batch_first": "c71470e8-057", "n": 25, "attempt": 0, "raw": "{\"1\": 6, \"2\": 2, \"3\": 2, \"4\": 1, \"5\": 1, \"6\": 8, \"7\": 8, \"8\": 1, \"9\": 8, \"10\": 1, \"11\": 1, \"12\": 1, \"13\": 9, \"14\": 1, \"15\": 0, \"16\": 1, \"17\": 1, \"18\": 9, \"19\": 9, \"20\": 0, \"21\": 0, \"22\": 2, \"23\": 0, \"24\": 0, \"25\": 0}"}
{"batch_first": "b973ccff-061", "n": 25, "attempt": 0, "raw": "<<EMPTY stop_reason=refusal blocks=[]>>"}
{"batch_first": "b973ccff-061", "n": 12, "attempt": 0, "raw": "{\"1\": 6, \"2\": 7, \"3\": 0, \"4\": 5, \"5\": 1, \"6\": 0, \"7\": 1, \"8\": 5, \"9\": 0, \"10\": 6, \"11\": 9, \"12\": 2}"}
{"batch_first": "b973ccff-011", "n": 13, "attempt": 0, "raw": "<<EMPTY stop_reason=refusal blocks=[]>>"}
{"batch_first": "b973ccff-011", "n": 6, "attempt": 0, "raw": "{\"1\": 8, \"2\": 0, \"3\": 3, \"4\": 0, \"5\": 0, \"6\": 0}"}
{"batch_first": "b973ccff-031", "n": 7, "attempt": 0, "raw": "{\"1\": 0, \"2\": 0, \"3\": 8, \"4\": 0, \"5\": 7, \"6\": 0, \"7\": 9}"}
{"batch_first": "b973ccff-046", "n": 25, "attempt": 0, "raw": "{\"1\": 0, \"2\": 5, \"3\": 7, \"4\": 0, \"5\": 8, \"6\": 3, \"7\": 6, \"8\": 1, \"9\": 4, \"10\": 0, \"11\": 0, \"12\": 0, \"13\": 0, \"14\": 0, \"15\": 7, \"16\": 9, \"17\": 8, \"18\": 4, \"19\": 4, \"20\": 6, \"21\": 2, \"22\": 0, \"23\": 9, \"24\": 8, \"25\": 1}"}
{"batch_first": "b973ccff-016", "n": 15, "attempt": 0, "raw": "{\"1\": 9, \"2\": 9, \"3\": 7, \"4\": 8, \"5\": 0, \"6\": 1, \"7\": 2, \"8\": 4, \"9\": 0, \"10\": 9, \"11\": 3, \"12\": 2, \"13\": 8, \"14\": 0, \"15\": 9}"}
{"batch_first": "25824990-056", "n": 25, "attempt": 0, "raw": "{\"1\":10,\"2\":0,\"3\":0,\"4\":10,\"5\":0,\"6\":10,\"7\":10,\"8\":0,\"9\":0,\"10\":6,\"11\":0,\"12\":6,\"13\":0,\"14\":0,\"15\":0,\"16\":0,\"17\":0,\"18\":0,\"19\":0,\"20\":1,\"21\":0,\"22\":0,\"23\":0,\"24\":10,\"25\":0}"}
{"batch_first": "25824990-002", "n": 25, "attempt": 0, "raw": "{\"1\":0,\"2\":8,\"3\":0,\"4\":0,\"5\":0,\"6\":2,\"7\":0,\"8\":9,\"9\":0,\"10\":9,\"11\":0,\"12\":0,\"13\":0,\"14\":0,\"15\":0,\"16\":0,\"17\":0,\"18\":2,\"19\":0,\"20\":9,\"21\":1,\"22\":0,\"23\":0,\"24\":0,\"25\":0}"}
{"batch_first": "25824990-005", "n": 16, "attempt": 0, "raw": "{\"1\":0,\"2\":1,\"3\":0,\"4\":0,\"5\":0,\"6\":1,\"7\":0,\"8\":8,\"9\":0,\"10\":0,\"11\":1,\"12\":9,\"13\":0,\"14\":0,\"15\":0,\"16\":0}"}
{"batch_first": "06c2f7af-061", "n": 25, "attempt": 0, "raw": "<<EMPTY stop_reason=refusal blocks=[]>>"}
{"batch_first": "06c2f7af-061", "n": 12, "attempt": 0, "raw": "<<EMPTY stop_reason=refusal blocks=[]>>"}
{"batch_first": "06c2f7af-061", "n": 6, "attempt": 0, "raw": "{\"1\": 0, \"2\": 3, \"3\": 6, \"4\": 1, \"5\": 3, \"6\": 0}"}
{"batch_first": "06c2f7af-036", "n": 6, "attempt": 0, "raw": "<<EMPTY stop_reason=refusal blocks=[]>>"}
{"batch_first": "06c2f7af-036", "n": 3, "attempt": 0, "raw": "{\"1\":1,\"2\":3,\"3\":2}"}
{"batch_first": "06c2f7af-014", "n": 3, "attempt": 0, "raw": "{\"1\": 0, \"2\": 3, \"3\": 0}"}
{"batch_first": "06c2f7af-046", "n": 13, "attempt": 0, "raw": "{\"1\": 5, \"2\": 1, \"3\": 1, \"4\": 7, \"5\": 3, \"6\": 1, \"7\": 8, \"8\": 7, \"9\": 7, \"10\": 4, \"11\": 3, \"12\": 5, \"13\": 1}"}
{"batch_first": "06c2f7af-016", "n": 25, "attempt": 0, "raw": "{\"1\": 0, \"2\": 1, \"3\": 0, \"4\": 8, \"5\": 0, \"6\": 5, \"7\": 0, \"8\": 1, \"9\": 6, \"10\": 0, \"11\": 8, \"12\": 0, \"13\": 1, \"14\": 1, \"15\": 3, \"16\": 8, \"17\": 4, \"18\": 6, \"19\": 0, \"20\": 1, \"21\": 7, \"22\": 0, \"23\": 7, \"24\": 8, \"25\": 8}"}
{"batch_first": "06c2f7af-051", "n": 15, "attempt": 0, "raw": "{\"1\":6,\"2\":3,\"3\":2,\"4\":3,\"5\":1,\"6\":1,\"7\":2,\"8\":3,\"9\":1,\"10\":2,\"11\":3,\"12\":1,\"13\":2,\"14\":1,\"15\":1}"}
{"batch_first": "1c30c6a7-052", "n": 25, "attempt": 0, "raw": "{\"1\":0,\"2\":10,\"3\":10,\"4\":0,\"5\":0,\"6\":0,\"7\":0,\"8\":0,\"9\":0,\"10\":0,\"11\":0,\"12\":0,\"13\":0,\"14\":0,\"15\":0,\"16\":0,\"17\":10,\"18\":10,\"19\":0,\"20\":0,\"21\":0,\"22\":0,\"23\":0,\"24\":10,\"25\":0}"}
{"batch_first": "1c30c6a7-043", "n": 25, "attempt": 0, "raw": "{\"1\":0,\"2\":0,\"3\":8,\"4\":0,\"5\":0,\"6\":7,\"7\":6,\"8\":0,\"9\":7,\"10\":0,\"11\":0,\"12\":0,\"13\":8,\"14\":0,\"15\":7,\"16\":0,\"17\":1,\"18\":0,\"19\":0,\"20\":0,\"21\":1,\"22\":1,\"23\":0,\"24\":9,\"25\":0}"}
{"batch_first": "1c30c6a7-006", "n": 15, "attempt": 0, "raw": "{\"1\":0,\"2\":0,\"3\":0,\"4\":0,\"5\":0,\"6\":0,\"7\":0,\"8\":0,\"9\":0,\"10\":9,\"11\":0,\"12\":0,\"13\":0,\"14\":7,\"15\":0}"}
{"batch_first": "5a3d9c00-029", "n": 25, "attempt": 0, "raw": "{\"1\":0,\"2\":0,\"3\":6,\"4\":8,\"5\":0,\"6\":9,\"7\":0,\"8\":0,\"9\":0,\"10\":0,\"11\":0,\"12\":0,\"13\":8,\"14\":0,\"15\":7,\"16\":7,\"17\":9,\"18\":0,\"19\":7,\"20\":0,\"21\":4,\"22\":0,\"23\":0,\"24\":0,\"25\":3}"}
{"batch_first": "5a3d9c00-010", "n": 25, "attempt": 0, "raw": "{\"1\":0,\"2\":8,\"3\":0,\"4\":7,\"5\":0,\"6\":0,\"7\":0,\"8\":0,\"9\":6,\"10\":5,\"11\":0,\"12\":0,\"13\":3,\"14\":0,\"15\":0,\"16\":0,\"17\":0,\"18\":0,\"19\":0,\"20\":2,\"21\":7,\"22\":6,\"23\":8,\"24\":0,\"25\":0}"}
{"batch_first": "5a3d9c00-020", "n": 17, "attempt": 0, "raw": "{\"1\": 0, \"2\": 0, \"3\": 5, \"4\": 1, \"5\": 9, \"6\": 0, \"7\": 0, \"8\": 0, \"9\": 0, \"10\": 2, \"11\": 0, \"12\": 0, \"13\": 1, \"14\": 0, \"15\": 0, \"16\": 0, \"17\": 0}"}
{"batch_first": "e12aee82-045", "n": 25, "attempt": 0, "raw": "<<EMPTY stop_reason=refusal blocks=[]>>"}
{"batch_first": "e12aee82-045", "n": 12, "attempt": 0, "raw": "{\"1\": 0, \"2\": 0, \"3\": 0, \"4\": 5, \"5\": 8, \"6\": 0, \"7\": 5, \"8\": 4, \"9\": 5, \"10\": 0, \"11\": 0, \"12\": 3}"}
{"batch_first": "e12aee82-013", "n": 13, "attempt": 0, "raw": "{\"1\": 0, \"2\": 0, \"3\": 1, \"4\": 0, \"5\": 0, \"6\": 0, \"7\": 1, \"8\": 9, \"9\": 0, \"10\": 0, \"11\": 9, \"12\": 0, \"13\": 0}"}
{"batch_first": "e12aee82-061", "n": 25, "attempt": 0, "raw": "<<EMPTY stop_reason=refusal blocks=[]>>"}
{"batch_first": "e12aee82-061", "n": 12, "attempt": 0, "raw": "{\"1\": 6, \"2\": 8, \"3\": 7, \"4\": 3, \"5\": 0, \"6\": 0, \"7\": 0, \"8\": 0, \"9\": 9, \"10\": 0, \"11\": 0, \"12\": 0}"}
{"batch_first": "e12aee82-005", "n": 13, "attempt": 0, "raw": "{\"1\": 0, \"2\": 0, \"3\": 8, \"4\": 0, \"5\": 9, \"6\": 0, \"7\": 0, \"8\": 1, \"9\": 0, \"10\": 0, \"11\": 0, \"12\": 6, \"13\": 9}"}
{"batch_first": "e12aee82-003", "n": 19, "attempt": 0, "raw": "{\"1\": 0, \"2\": 8, \"3\": 6, \"4\": 9, \"5\": 8, \"6\": 0, \"7\": 0, \"8\": 0, \"9\": 0, \"10\": 0, \"11\": 0, \"12\": 0, \"13\": 9, \"14\": 0, \"15\": 0, \"16\": 9, \"17\": 2, \"18\": 9, \"19\": 0}"}
{"batch_first": "caeffd7e-017", "n": 25, "attempt": 0, "raw": "{\"1\": 0, \"2\": 9, \"3\": 0, \"4\": 2, \"5\": 9, \"6\": 0, \"7\": 0, \"8\": 0, \"9\": 3, \"10\": 0, \"11\": 9, \"12\": 0, \"13\": 1, \"14\": 0, \"15\": 0, \"16\": 1, \"17\": 0, \"18\": 8, \"19\": 3, \"20\": 9, \"21\": 0, \"22\": 0, \"23\": 0, \"24\": 0, \"25\": 1}"}
{"batch_first": "caeffd7e-025", "n": 25, "attempt": 0, "raw": "{\"1\": 8, \"2\": 0, \"3\": 0, \"4\": 7, \"5\": 0, \"6\": 8, \"7\": 0, \"8\": 8, \"9\": 1, \"10\": 0, \"11\": 0, \"12\": 0, \"13\": 1, \"14\": 0, \"15\": 0, \"16\": 8, \"17\": 0, \"18\": 1, \"19\": 0, \"20\": 0, \"21\": 0, \"22\": 8, \"23\": 0, \"24\": 8, \"25\": 0}"}
{"batch_first": "caeffd7e-013", "n": 25, "attempt": 0, "raw": "{\"1\": 0, \"2\": 10, \"3\": 9, \"4\": 1, \"5\": 0, \"6\": 9, \"7\": 0, \"8\": 0, \"9\": 1, \"10\": 0, \"11\": 0, \"12\": 0, \"13\": 0, \"14\": 2, \"15\": 6, \"16\": 0, \"17\": 3, \"18\": 0, \"19\": 0, \"20\": 1, \"21\": 0, \"22\": 0, \"23\": 0, \"24\": 0, \"25\": 0}"}
{"batch_first": "d84a95ba-066", "n": 25, "attempt": 0, "raw": "<<EMPTY stop_reason=refusal blocks=[]>>"}
{"batch_first": "d84a95ba-066", "n": 12, "attempt": 0, "raw": "{\"1\": 6, \"2\": 8, \"3\": 0, \"4\": 3, \"5\": 0, \"6\": 0, \"7\": 8, \"8\": 0, \"9\": 6, \"10\": 0, \"11\": 9, \"12\": 0}"}
{"batch_first": "d84a95ba-033", "n": 13, "attempt": 0, "raw": "<<EMPTY stop_reason=refusal blocks=[]>>"}
{"batch_first": "d84a95ba-033", "n": 6, "attempt": 0, "raw": "{\"1\": 6, \"2\": 9, \"3\": 0, \"4\": 0, \"5\": 0, \"6\": 0}"}
{"batch_first": "d84a95ba-046", "n": 7, "attempt": 0, "raw": "{\"1\":0,\"2\":0,\"3\":0,\"4\":0,\"5\":0,\"6\":0,\"7\":0}"}
{"batch_first": "d84a95ba-032", "n": 25, "attempt": 0, "raw": "<<EMPTY stop_reason=refusal blocks=[]>>"}
{"batch_first": "d84a95ba-032", "n": 12, "attempt": 0, "raw": "{\"1\": 8, \"2\": 0, \"3\": 0, \"4\": 0, \"5\": 0, \"6\": 0, \"7\": 8, \"8\": 0, \"9\": 0, \"10\": 3, \"11\": 5, \"12\": 0}"}
{"batch_first": "d84a95ba-064", "n": 13, "attempt": 0, "raw": "<<EMPTY stop_reason=refusal blocks=[]>>"}
{"batch_first": "d84a95ba-064", "n": 6, "attempt": 0, "raw": "{\"1\": 9, \"2\": 0, \"3\": 6, \"4\": 0, \"5\": 5, \"6\": 0}"}
{"batch_first": "d84a95ba-052", "n": 7, "attempt": 0, "raw": "{\"1\": 0, \"2\": 1, \"3\": 7, \"4\": 1, \"5\": 0, \"6\": 0, \"7\": 7}"}
{"batch_first": "d84a95ba-045", "n": 20, "attempt": 0, "raw": "{\"1\":0,\"2\":0,\"3\":0,\"4\":0,\"5\":6,\"6\":9,\"7\":0,\"8\":0,\"9\":0,\"10\":5,\"11\":0,\"12\":0,\"13\":0,\"14\":3,\"15\":6,\"16\":0,\"17\":0,\"18\":6,\"19\":0,\"20\":0}"}
{"batch_first": "e2125abd-047", "n": 25, "attempt": 0, "raw": "{\"1\":0,\"2\":9,\"3\":9,\"4\":9,\"5\":0,\"6\":9,\"7\":0,\"8\":0,\"9\":0,\"10\":9,\"11\":9,\"12\":9,\"13\":9,\"14\":9,\"15\":9,\"16\":9,\"17\":0,\"18\":9,\"19\":0,\"20\":0,\"21\":0,\"22\":0,\"23\":9,\"24\":0,\"25\":0}"}
{"batch_first": "e2125abd-032", "n": 25, "attempt": 0, "raw": "{\"1\":0,\"2\":0,\"3\":0,\"4\":0,\"5\":0,\"6\":0,\"7\":9,\"8\":0,\"9\":9,\"10\":9,\"11\":0,\"12\":9,\"13\":0,\"14\":0,\"15\":9,\"16\":0,\"17\":0,\"18\":9,\"19\":0,\"20\":0,\"21\":9,\"22\":0,\"23\":0,\"24\":0,\"25\":0}"}
{"batch_first": "e2125abd-062", "n": 15, "attempt": 0, "raw": "{\"1\": 9, \"2\": 0, \"3\": 0, \"4\": 0, \"5\": 6, \"6\": 0, \"7\": 9, \"8\": 0, \"9\": 9, \"10\": 9, \"11\": 0, \"12\": 0, \"13\": 0, \"14\": 10, \"15\": 0}"}
{"batch_first": "624956bc-035", "n": 25, "attempt": 0, "raw": "{\"1\":0,\"2\":0,\"3\":9,\"4\":0,\"5\":0,\"6\":9,\"7\":9,\"8\":0,\"9\":9,\"10\":0,\"11\":9,\"12\":0,\"13\":9,\"14\":0,\"15\":0,\"16\":9,\"17\":9,\"18\":0,\"19\":0,\"20\":0,\"21\":9,\"22\":9,\"23\":9,\"24\":0,\"25\":0}"}
{"batch_first": "624956bc-050", "n": 25, "attempt": 0, "raw": "{\"1\": 9, \"2\": 0, \"3\": 8, \"4\": 9, \"5\": 0, \"6\": 0, \"7\": 0, \"8\": 0, \"9\": 8, \"10\": 0, \"11\": 9, \"12\": 9, \"13\": 3, \"14\": 0, \"15\": 0, \"16\": 9, \"17\": 0, \"18\": 0, \"19\": 0, \"20\": 9, \"21\": 0, \"22\": 8, \"23\": 6, \"24\": 0, \"25\": 0}"}
{"batch_first": "624956bc-037", "n": 15, "attempt": 0, "raw": "{\"1\":9,\"2\":0,\"3\":0,\"4\":2,\"5\":9,\"6\":9,\"7\":0,\"8\":0,\"9\":6,\"10\":0,\"11\":1,\"12\":9,\"13\":0,\"14\":9,\"15\":0}"}
{"batch_first": "011da03c-021", "n": 25, "attempt": 0, "raw": "{\"1\": 10, \"2\": 0, \"3\": 0, \"4\": 0, \"5\": 0, \"6\": 0, \"7\": 1, \"8\": 0, \"9\": 0, \"10\": 0, \"11\": 0, \"12\": 10, \"13\": 2, \"14\": 10, \"15\": 0, \"16\": 0, \"17\": 2, \"18\": 0, \"19\": 0, \"20\": 0, \"21\": 10, \"22\": 0, \"23\": 10, \"24\": 0, \"25\": 1}"}
{"batch_first": "011da03c-052", "n": 25, "attempt": 0, "raw": "<<EMPTY stop_reason=refusal blocks=[]>>"}
{"batch_first": "011da03c-052", "n": 12, "attempt": 0, "raw": "{\"1\": 7, \"2\": 0, \"3\": 5, \"4\": 0, \"5\": 5, \"6\": 0, \"7\": 0, \"8\": 0, \"9\": 10, \"10\": 0, \"11\": 0, \"12\": 0}"}
{"batch_first": "011da03c-000", "n": 13, "attempt": 0, "raw": "<<EMPTY stop_reason=refusal blocks=[]>>"}
{"batch_first": "011da03c-000", "n": 6, "attempt": 0, "raw": "{\"1\":0,\"2\":0,\"3\":0,\"4\":0,\"5\":0,\"6\":0}"}
{"batch_first": "011da03c-039", "n": 7, "attempt": 0, "raw": "{\"1\":0,\"2\":0,\"3\":0,\"4\":8,\"5\":0,\"6\":0,\"7\":0}"}
{"batch_first": "011da03c-041", "n": 15, "attempt": 0, "raw": "{\"1\":0,\"2\":0,\"3\":0,\"4\":0,\"5\":0,\"6\":0,\"7\":10,\"8\":0,\"9\":0,\"10\":0,\"11\":0,\"12\":0,\"13\":0,\"14\":1,\"15\":10}"}
{"batch_first": "4a03be23-043", "n": 25, "attempt": 0, "raw": "<<EMPTY stop_reason=refusal blocks=[]>>"}
{"batch_first": "4a03be23-043", "n": 12, "attempt": 0, "raw": "{\"1\": 1, \"2\": 0, \"3\": 10, \"4\": 0, \"5\": 9, \"6\": 0, \"7\": 0, \"8\": 0, \"9\": 10, \"10\": 3, \"11\": 5, \"12\": 1}"}
{"batch_first": "4a03be23-059", "n": 13, "attempt": 0, "raw": "<<EMPTY stop_reason=refusal blocks=[]>>"}
{"batch_first": "4a03be23-059", "n": 6, "attempt": 0, "raw": "{\"1\": 0, \"2\": 8, \"3\": 0, \"4\": 2, \"5\": 0, \"6\": 3}"}
{"batch_first": "4a03be23-008", "n": 7, "attempt": 0, "raw": "{\"1\":0,\"2\":0,\"3\":0,\"4\":1,\"5\":1,\"6\":0,\"7\":10}"}
{"batch_first": "4a03be23-021", "n": 25, "attempt": 0, "raw": "{\"1\": 10, \"2\": 2, \"3\": 10, \"4\": 0, \"5\": 3, \"6\": 0, \"7\": 10, \"8\": 0, \"9\": 0, \"10\": 10, \"11\": 0, \"12\": 0, \"13\": 0, \"14\": 0, \"15\": 0, \"16\": 10, \"17\": 10, \"18\": 0, \"19\": 0, \"20\": 0, \"21\": 10, \"22\": 0, \"23\": 0, \"24\": 0, \"25\": 0}"}
{"batch_first": "4a03be23-013", "n": 15, "attempt": 0, "raw": "{\"1\":10,\"2\":0,\"3\":0,\"4\":0,\"5\":10,\"6\":0,\"7\":0,\"8\":0,\"9\":0,\"10\":0,\"11\":0,\"12\":0,\"13\":0,\"14\":9,\"15\":0}"}
{"batch_first": "3f28aaaf-026", "n": 25, "attempt": 0, "raw": "{\"1\": 0, \"2\": 6, \"3\": 0, \"4\": 6, \"5\": 8, \"6\": 6, \"7\": 5, \"8\": 0, \"9\": 8, \"10\": 0, \"11\": 6, \"12\": 3, \"13\": 0, \"14\": 0, \"15\": 8, \"16\": 0, \"17\": 6, \"18\": 0, \"19\": 0, \"20\": 0, \"21\": 3, \"22\": 0, \"23\": 8, \"24\": 3, \"25\": 6}"}
{"batch_first": "3f28aaaf-014", "n": 25, "attempt": 0, "raw": "{\"1\": 0, \"2\": 0, \"3\": 5, \"4\": 1, \"5\": 0, \"6\": 0, \"7\": 0, \"8\": 0, \"9\": 0, \"10\": 10, \"11\": 0, \"12\": 0, \"13\": 0, \"14\": 0, \"15\": 8, \"16\": 5, \"17\": 8, \"18\": 10, \"19\": 10, \"20\": 0, \"21\": 0, \"22\": 8, \"23\": 0, \"24\": 10, \"25\": 0}"}
{"batch_first": "3f28aaaf-062", "n": 25, "attempt": 0, "raw": "<<EMPTY stop_reason=refusal blocks=[]>>"}
{"batch_first": "3f28aaaf-062", "n": 12, "attempt": 0, "raw": "{\"1\": 9, \"2\": 0, \"3\": 0, \"4\": 9, \"5\": 6, \"6\": 6, \"7\": 0, \"8\": 6, \"9\": 0, \"10\": 6, \"11\": 1, \"12\": 1}"}
{"batch_first": "3f28aaaf-016", "n": 13, "attempt": 0, "raw": "{\"1\": 0, \"2\": 0, \"3\": 1, \"4\": 8, \"5\": 0, \"6\": 7, \"7\": 1, \"8\": 1, \"9\": 0, \"10\": 5, \"11\": 3, \"12\": 1, \"13\": 4}"}
{"batch_first": "f1bbab6e-053", "n": 25, "attempt": 0, "raw": "{\"1\": 0, \"2\": 0, \"3\": 0, \"4\": 0, \"5\": 8, \"6\": 0, \"7\": 6, \"8\": 0, \"9\": 0, \"10\": 0, \"11\": 10, \"12\": 0, \"13\": 10, \"14\": 0, \"15\": 0, \"16\": 3, \"17\": 10, \"18\": 0, \"19\": 0, \"20\": 3, \"21\": 7, \"22\": 10, \"23\": 2, \"24\": 0, \"25\": 6}"}
{"batch_first": "f1bbab6e-023", "n": 25, "attempt": 0, "raw": "{\"1\":0,\"2\":0,\"3\":0,\"4\":9,\"5\":2,\"6\":2,\"7\":0,\"8\":0,\"9\":9,\"10\":0,\"11\":9,\"12\":6,\"13\":0,\"14\":0,\"15\":6,\"16\":0,\"17\":0,\"18\":6,\"19\":0,\"20\":0,\"21\":3,\"22\":0,\"23\":0,\"24\":9,\"25\":2}"}
{"batch_first": "f1bbab6e-038", "n": 15, "attempt": 0, "raw": "{\"1\":0,\"2\":8,\"3\":7,\"4\":8,\"5\":0,\"6\":0,\"7\":0,\"8\":0,\"9\":0,\"10\":8,\"11\":0,\"12\":0,\"13\":7,\"14\":0,\"15\":0}"}
{"batch_first": "7083c960-018", "n": 25, "attempt": 0, "raw": "{\"1\":0,\"2\":6,\"3\":8,\"4\":0,\"5\":0,\"6\":0,\"7\":0,\"8\":0,\"9\":0,\"10\":0,\"11\":0,\"12\":0,\"13\":0,\"14\":9,\"15\":9,\"16\":0,\"17\":0,\"18\":0,\"19\":0,\"20\":9,\"21\":0,\"22\":9,\"23\":9,\"24\":0,\"25\":0}"}
{"batch_first": "7083c960-021", "n": 25, "attempt": 0, "raw": "{\"1\": 0, \"2\": 0, \"3\": 0, \"4\": 0, \"5\": 1, \"6\": 10, \"7\": 0, \"8\": 0, \"9\": 0, \"10\": 0, \"11\": 10, \"12\": 0, \"13\": 0, \"14\": 0, \"15\": 10, \"16\": 0, \"17\": 2, \"18\": 10, \"19\": 0, \"20\": 10, \"21\": 0, \"22\": 9, \"23\": 0, \"24\": 10, \"25\": 0}"}
{"batch_first": "7083c960-044", "n": 15, "attempt": 0, "raw": "{\"1\": 0, \"2\": 0, \"3\": 0, \"4\": 8, \"5\": 0, \"6\": 0, \"7\": 9, \"8\": 0, \"9\": 0, \"10\": 0, \"11\": 9, \"12\": 8, \"13\": 9, \"14\": 7, \"15\": 0}"}
{"batch_first": "24484c53-058", "n": 25, "attempt": 0, "raw": "{\"1\": 0, \"2\": 0, \"3\": 0, \"4\": 0, \"5\": 7, \"6\": 4, \"7\": 8, \"8\": 0, \"9\": 2, \"10\": 0, \"11\": 0, \"12\": 3, \"13\": 9, \"14\": 9, \"15\": 2, \"16\": 0, \"17\": 5, \"18\": 3, \"19\": 0, \"20\": 0, \"21\": 0, \"22\": 3, \"23\": 7, \"24\": 3, \"25\": 0}"}
{"batch_first": "24484c53-055", "n": 25, "attempt": 0, "raw": "{\"1\": 8, \"2\": 1, \"3\": 8, \"4\": 0, \"5\": 0, \"6\": 0, \"7\": 0, \"8\": 4, \"9\": 0, \"10\": 0, \"11\": 0, \"12\": 6, \"13\": 1, \"14\": 0, \"15\": 0, \"16\": 0, \"17\": 0, \"18\": 6, \"19\": 0, \"20\": 4, \"21\": 2, \"22\": 5, \"23\": 5, \"24\": 8, \"25\": 8}"}
{"batch_first": "24484c53-027", "n": 25, "attempt": 0, "raw": "{\"1\": 0, \"2\": 0, \"3\": 7, \"4\": 0, \"5\": 0, \"6\": 0, \"7\": 5, \"8\": 8, \"9\": 0, \"10\": 8, \"11\": 0, \"12\": 7, \"13\": 3, \"14\": 0, \"15\": 0, \"16\": 9, \"17\": 0, \"18\": 0, \"19\": 0, \"20\": 0, \"21\": 9, \"22\": 7, \"23\": 0, \"24\": 2, \"25\": 8}"}
{"batch_first": "5ec34ae6-042", "n": 25, "attempt": 0, "raw": "<<EMPTY stop_reason=refusal blocks=[]>>"}
{"batch_first": "5ec34ae6-042", "n": 12, "attempt": 0, "raw": "{\"1\":0,\"2\":0,\"3\":10,\"4\":10,\"5\":10,\"6\":10,\"7\":0,\"8\":0,\"9\":10,\"10\":0,\"11\":10,\"12\":0}"}
{"batch_first": "5ec34ae6-038", "n": 13, "attempt": 0, "raw": "{\"1\":10,\"2\":0,\"3\":10,\"4\":0,\"5\":10,\"6\":0,\"7\":0,\"8\":0,\"9\":0,\"10\":10,\"11\":0,\"12\":10,\"13\":0}"}
{"batch_first": "5ec34ae6-026", "n": 25, "attempt": 0, "raw": "{\"1\":0,\"2\":0,\"3\":10,\"4\":10,\"5\":10,\"6\":10,\"7\":0,\"8\":0,\"9\":10,\"10\":0,\"11\":0,\"12\":0,\"13\":0,\"14\":0,\"15\":10,\"16\":0,\"17\":10,\"18\":10,\"19\":0,\"20\":0,\"21\":0,\"22\":0,\"23\":0,\"24\":0,\"25\":0}"}
{"batch_first": "5ec34ae6-000", "n": 25, "attempt": 0, "raw": "<<EMPTY stop_reason=refusal blocks=[]>>"}
{"batch_first": "5ec34ae6-000", "n": 12, "attempt": 0, "raw": "<<EMPTY stop_reason=refusal blocks=[]>>"}
{"batch_first": "5ec34ae6-000", "n": 6, "attempt": 0, "raw": "{\"1\": 10, \"2\": 0, \"3\": 0, \"4\": 0, \"5\": 0, \"6\": 10}"}
{"batch_first": "5ec34ae6-025", "n": 6, "attempt": 0, "raw": "{\"1\": 0, \"2\": 0, \"3\": 10, \"4\": 0, \"5\": 0, \"6\": 0}"}
{"batch_first": "5ec34ae6-015", "n": 13, "attempt": 0, "raw": "<<EMPTY stop_reason=refusal blocks=[]>>"}
{"batch_first": "5ec34ae6-015", "n": 6, "attempt": 0, "raw": "{\"1\": 0, \"2\": 8, \"3\": 8, \"4\": 0, \"5\": 0, \"6\": 0}"}
{"batch_first": "5ec34ae6-063", "n": 7, "attempt": 0, "raw": "<<EMPTY stop_reason=refusal blocks=[]>>"}
{"batch_first": "5ec34ae6-063", "n": 3, "attempt": 0, "raw": "{\"1\": 10, \"2\": 0, \"3\": 0}"}
{"batch_first": "5ec34ae6-048", "n": 4, "attempt": 0, "raw": "<<EMPTY stop_reason=refusal blocks=[]>>"}
{"batch_first": "5ec34ae6-048", "n": 2, "attempt": 0, "raw": "{\"1\": 0, \"2\": 0}"}
{"batch_first": "5ec34ae6-032", "n": 2, "attempt": 0, "raw": "{\"1\": 0, \"2\": 1}"}
{"batch_first": "f5ad3e55-032", "n": 25, "attempt": 0, "raw": "{\"1\":0,\"2\":0,\"3\":0,\"4\":10,\"5\":0,\"6\":0,\"7\":0,\"8\":0,\"9\":0,\"10\":0,\"11\":10,\"12\":10,\"13\":0,\"14\":10,\"15\":0,\"16\":10,\"17\":10,\"18\":10,\"19\":0,\"20\":10,\"21\":10,\"22\":0,\"23\":0,\"24\":10,\"25\":10}"}
{"batch_first": "f5ad3e55-041", "n": 25, "attempt": 0, "raw": "{\"1\":0,\"2\":0,\"3\":0,\"4\":0,\"5\":0,\"6\":6,\"7\":9,\"8\":0,\"9\":9,\"10\":0,\"11\":9,\"12\":9,\"13\":0,\"14\":0,\"15\":0,\"16\":0,\"17\":0,\"18\":0,\"19\":0,\"20\":9,\"21\":9,\"22\":0,\"23\":0,\"24\":0,\"25\":9}"}
{"batch_first": "f5ad3e55-056", "n": 15, "attempt": 0, "raw": "{\"1\":0,\"2\":0,\"3\":0,\"4\":0,\"5\":9,\"6\":0,\"7\":9,\"8\":0,\"9\":9,\"10\":0,\"11\":9,\"12\":9,\"13\":0,\"14\":9,\"15\":9}"}
{"batch_first": "1e5c538b-047", "n": 25, "attempt": 0, "raw": "<<EMPTY stop_reason=refusal blocks=[]>>"}
{"batch_first": "1e5c538b-047", "n": 12, "attempt": 0, "raw": "<<EMPTY stop_reason=refusal blocks=[]>>"}
{"batch_first": "1e5c538b-047", "n": 6, "attempt": 0, "raw": "<<EMPTY stop_reason=refusal blocks=[]>>"}
{"batch_first": "1e5c538b-047", "n": 3, "attempt": 0, "raw": "{\"1\": 0, \"2\": 3, \"3\": 3}"}
{"batch_first": "1e5c538b-019", "n": 3, "attempt": 0, "raw": "{\"1\":0,\"2\":8,\"3\":8}"}
{"batch_first": "1e5c538b-000", "n": 6, "attempt": 0, "raw": "{\"1\": 7, \"2\": 6, \"3\": 9, \"4\": 8, \"5\": 0, \"6\": 5}"}
{"batch_first": "1e5c538b-018", "n": 13, "attempt": 0, "raw": "{\"1\": 0, \"2\": 7, \"3\": 7, \"4\": 0, \"5\": 0, \"6\": 9, \"7\": 0, \"8\": 0, \"9\": 3, \"10\": 0, \"11\": 9, \"12\": 0, \"13\": 2}"}
{"batch_first": "1e5c538b-025", "n": 25, "attempt": 0, "raw": "{\"1\": 0, \"2\": 0, \"3\": 10, \"4\": 0, \"5\": 0, \"6\": 9, \"7\": 0, \"8\": 0, \"9\": 0, \"10\": 10, \"11\": 8, \"12\": 6, \"13\": 10, \"14\": 7, \"15\": 0, \"16\": 10, \"17\": 0, \"18\": 0, \"19\": 0, \"20\": 0, \"21\": 5, \"22\": 10, \"23\": 0, \"24\": 0, \"25\": 9}"}
{"batch_first": "1e5c538b-001", "n": 15, "attempt": 0, "raw": "{\"1\": 8, \"2\": 0, \"3\": 0, \"4\": 8, \"5\": 0, \"6\": 6, \"7\": 0, \"8\": 0, \"9\": 0, \"10\": 7, \"11\": 2, \"12\": 8, \"13\": 10, \"14\": 8, \"15\": 0}"}
{"batch_first": "946075c0-058", "n": 25, "attempt": 0, "raw": "{\"1\":0,\"2\":3,\"3\":8,\"4\":0,\"5\":8,\"6\":0,\"7\":0,\"8\":2,\"9\":8,\"10\":2,\"11\":0,\"12\":8,\"13\":0,\"14\":0,\"15\":3,\"16\":7,\"17\":8,\"18\":8,\"19\":0,\"20\":6,\"21\":0,\"22\":0,\"23\":9,\"24\":8,\"25\":0}"}
{"batch_first": "946075c0-034", "n": 25, "attempt": 0, "raw": "{\"1\": 8, \"2\": 0, \"3\": 9, \"4\": 0, \"5\": 0, \"6\": 0, \"7\": 8, \"8\": 3, \"9\": 6, \"10\": 9, \"11\": 0, \"12\": 0, \"13\": 0, \"14\": 0, \"15\": 0, \"16\": 3, \"17\": 9, \"18\": 0, \"19\": 4, \"20\": 2, \"21\": 7, \"22\": 9, \"23\": 0, \"24\": 0, \"25\": 9}"}
{"batch_first": "946075c0-036", "n": 15, "attempt": 0, "raw": "{\"1\":0,\"2\":8,\"3\":6,\"4\":0,\"5\":0,\"6\":0,\"7\":0,\"8\":3,\"9\":0,\"10\":0,\"11\":0,\"12\":0,\"13\":0,\"14\":0,\"15\":6}"}
{"batch_first": "3dede074-001", "n": 25, "attempt": 0, "raw": "{\"1\":0,\"2\":2,\"3\":1,\"4\":0,\"5\":5,\"6\":0,\"7\":10,\"8\":0,\"9\":1,\"10\":2,\"11\":8,\"12\":1,\"13\":0,\"14\":2,\"15\":1,\"16\":0,\"17\":10,\"18\":0,\"19\":0,\"20\":0,\"21\":0,\"22\":0,\"23\":3,\"24\":3,\"25\":0}"}
{"batch_first": "3dede074-014", "n": 25, "attempt": 0, "raw": "{\"1\": 1, \"2\": 9, \"3\": 0, \"4\": 0, \"5\": 3, \"6\": 0, \"7\": 0, \"8\": 3, \"9\": 9, \"10\": 0, \"11\": 3, \"12\": 1, \"13\": 0, \"14\": 0, \"15\": 9, \"16\": 0, \"17\": 0, \"18\": 0, \"19\": 3, \"20\": 9, \"21\": 9, \"22\": 1, \"23\": 2, \"24\": 0, \"25\": 3}"}
{"batch_first": "3dede074-012", "n": 25, "attempt": 0, "raw": "{\"1\": 2, \"2\": 0, \"3\": 1, \"4\": 0, \"5\": 0, \"6\": 0, \"7\": 0, \"8\": 1, \"9\": 1, \"10\": 1, \"11\": 0, \"12\": 8, \"13\": 1, \"14\": 0, \"15\": 0, \"16\": 1, \"17\": 0, \"18\": 9, \"19\": 0, \"20\": 1, \"21\": 9, \"22\": 0, \"23\": 0, \"24\": 0, \"25\": 0}"}
{"batch_first": "a4578a46-032", "n": 25, "attempt": 0, "raw": "{\"1\":0,\"2\":0,\"3\":0,\"4\":0,\"5\":0,\"6\":0,\"7\":0,\"8\":3,\"9\":2,\"10\":0,\"11\":0,\"12\":0,\"13\":0,\"14\":0,\"15\":0,\"16\":0,\"17\":3,\"18\":0,\"19\":0,\"20\":0,\"21\":0,\"22\":0,\"23\":0,\"24\":0,\"25\":0}"}
{"batch_first": "a4578a46-015", "n": 25, "attempt": 0, "raw": "{\"1\": 0, \"2\": 0, \"3\": 0, \"4\": 0, \"5\": 0, \"6\": 0, \"7\": 0, \"8\": 0, \"9\": 0, \"10\": 0, \"11\": 0, \"12\": 0, \"13\": 2, \"14\": 0, \"15\": 3, \"16\": 0, \"17\": 0, \"18\": 0, \"19\": 0, \"20\": 0, \"21\": 0, \"22\": 0, \"23\": 0, \"24\": 0, \"25\": 0}"}
{"batch_first": "a4578a46-029", "n": 15, "attempt": 0, "raw": "{\"1\": 0, \"2\": 0, \"3\": 0, \"4\": 0, \"5\": 10, \"6\": 0, \"7\": 0, \"8\": 0, \"9\": 0, \"10\": 6, \"11\": 10, \"12\": 0, \"13\": 0, \"14\": 0, \"15\": 9}"}
{"batch_first": "3a0d1f68-033", "n": 25, "attempt": 0, "raw": "{\"1\": 0, \"2\": 0, \"3\": 10, \"4\": 0, \"5\": 0, \"6\": 10, \"7\": 0, \"8\": 0, \"9\": 0, \"10\": 9, \"11\": 0, \"12\": 0, \"13\": 0, \"14\": 0, \"15\": 0, \"16\": 0, \"17\": 0, \"18\": 0, \"19\": 0, \"20\": 0, \"21\": 0, \"22\": 0, \"23\": 0, \"24\": 10, \"25\": 0}"}
{"batch_first": "3a0d1f68-045", "n": 25, "attempt": 0, "raw": "{\"1\":0,\"2\":0,\"3\":0,\"4\":0,\"5\":0,\"6\":0,\"7\":0,\"8\":0,\"9\":0,\"10\":0,\"11\":0,\"12\":0,\"13\":0,\"14\":0,\"15\":0,\"16\":0,\"17\":10,\"18\":0,\"19\":0,\"20\":0,\"21\":0,\"22\":0,\"23\":0,\"24\":0,\"25\":0}"}
{"batch_first": "3a0d1f68-061", "n": 15, "attempt": 0, "raw": "{\"1\": 0, \"2\": 0, \"3\": 0, \"4\": 0, \"5\": 0, \"6\": 0, \"7\": 0, \"8\": 0, \"9\": 0, \"10\": 0, \"11\": 0, \"12\": 0, \"13\": 9, \"14\": 0, \"15\": 0}"}
{"batch_first": "c0a5a8ed-018", "n": 25, "attempt": 0, "raw": "{\"1\":0,\"2\":0,\"3\":0,\"4\":0,\"5\":0,\"6\":0,\"7\":0,\"8\":0,\"9\":0,\"10\":0,\"11\":10,\"12\":0,\"13\":0,\"14\":0,\"15\":0,\"16\":0,\"17\":0,\"18\":0,\"19\":0,\"20\":0,\"21\":0,\"22\":0,\"23\":0,\"24\":0,\"25\":0}"}
{"batch_first": "c0a5a8ed-043", "n": 25, "attempt": 0, "raw": "{\"1\":0,\"2\":0,\"3\":0,\"4\":10,\"5\":0,\"6\":9,\"7\":0,\"8\":0,\"9\":0,\"10\":0,\"11\":0,\"12\":0,\"13\":0,\"14\":0,\"15\":8,\"16\":0,\"17\":0,\"18\":0,\"19\":0,\"20\":0,\"21\":0,\"22\":0,\"23\":10,\"24\":0,\"25\":0}"}
{"batch_first": "c0a5a8ed-014", "n": 15, "attempt": 0, "raw": "{\"1\": 0, \"2\": 0, \"3\": 10, \"4\": 0, \"5\": 0, \"6\": 0, \"7\": 0, \"8\": 0, \"9\": 0, \"10\": 0, \"11\": 0, \"12\": 0, \"13\": 0, \"14\": 0, \"15\": 0}"}
{"batch_first": "199b9c3c-021", "n": 25, "attempt": 0, "raw": "{\"1\":1,\"2\":0,\"3\":0,\"4\":0,\"5\":2,\"6\":3,\"7\":9,\"8\":0,\"9\":2,\"10\":9,\"11\":0,\"12\":5,\"13\":1,\"14\":0,\"15\":3,\"16\":0,\"17\":4,\"18\":5,\"19\":2,\"20\":4,\"21\":0,\"22\":0,\"23\":0,\"24\":9,\"25\":2}"}
{"batch_first": "199b9c3c-031", "n": 25, "attempt": 0, "raw": "{\"1\": 4, \"2\": 2, \"3\": 6, \"4\": 6, \"5\": 6, \"6\": 1, \"7\": 0, \"8\": 7, \"9\": 9, \"10\": 6, \"11\": 1, \"12\": 1, \"13\": 0, \"14\": 5, \"15\": 0, \"16\": 4, \"17\": 5, \"18\": 0, \"19\": 6, \"20\": 7, \"21\": 3, \"22\": 2, \"23\": 0, \"24\": 0, \"25\": 0}"}
{"batch_first": "199b9c3c-043", "n": 15, "attempt": 0, "raw": "{\"1\":0,\"2\":1,\"3\":3,\"4\":2,\"5\":8,\"6\":0,\"7\":0,\"8\":1,\"9\":2,\"10\":0,\"11\":0,\"12\":0,\"13\":8,\"14\":1,\"15\":0}"}
{"batch_first": "2a767913-050", "n": 25, "attempt": 0, "raw": "<<EMPTY stop_reason=refusal blocks=[]>>"}
{"batch_first": "2a767913-050", "n": 12, "attempt": 0, "raw": "{\"1\":0,\"2\":0,\"3\":0,\"4\":0,\"5\":0,\"6\":0,\"7\":0,\"8\":0,\"9\":0,\"10\":0,\"11\":0,\"12\":0}"}
{"batch_first": "2a767913-001", "n": 13, "attempt": 0, "raw": "{\"1\":0,\"2\":0,\"3\":0,\"4\":0,\"5\":0,\"6\":0,\"7\":0,\"8\":0,\"9\":0,\"10\":0,\"11\":0,\"12\":0,\"13\":10}"}
{"batch_first": "2a767913-015", "n": 25, "attempt": 0, "raw": "{\"1\": 0, \"2\": 0, \"3\": 8, \"4\": 0, \"5\": 0, \"6\": 0, \"7\": 0, \"8\": 0, \"9\": 0, \"10\": 0, \"11\": 0, \"12\": 0, \"13\": 0, \"14\": 0, \"15\": 0, \"16\": 0, \"17\": 9, \"18\": 0, \"19\": 0, \"20\": 0, \"21\": 0, \"22\": 0, \"23\": 0, \"24\": 0, \"25\": 9}"}
{"batch_first": "2a767913-051", "n": 15, "attempt": 0, "raw": "{\"1\": 10, \"2\": 0, \"3\": 0, \"4\": 0, \"5\": 0, \"6\": 0, \"7\": 0, \"8\": 0, \"9\": 0, \"10\": 0, \"11\": 0, \"12\": 10, \"13\": 0, \"14\": 10, \"15\": 10}"}
{"batch_first": "50eb9368-026", "n": 25, "attempt": 0, "raw": "{\"1\": 10, \"2\": 0, \"3\": 0, \"4\": 0, \"5\": 7, \"6\": 0, \"7\": 10, \"8\": 0, \"9\": 0, \"10\": 10, \"11\": 0, \"12\": 2, \"13\": 0, \"14\": 0, \"15\": 0, \"16\": 0, \"17\": 6, \"18\": 0, \"19\": 6, \"20\": 0, \"21\": 6, \"22\": 0, \"23\": 6, \"24\": 0, \"25\": 10}"}
{"batch_first": "50eb9368-004", "n": 25, "attempt": 0, "raw": "<<EMPTY stop_reason=refusal blocks=[]>>"}
{"batch_first": "50eb9368-004", "n": 12, "attempt": 0, "raw": "{\"1\": 10, \"2\": 8, \"3\": 0, \"4\": 10, \"5\": 3, \"6\": 1, \"7\": 0, \"8\": 2, \"9\": 0, \"10\": 0, \"11\": 0, \"12\": 2}"}
{"batch_first": "50eb9368-031", "n": 13, "attempt": 0, "raw": "{\"1\":0,\"2\":6,\"3\":9,\"4\":0,\"5\":1,\"6\":2,\"7\":0,\"8\":1,\"9\":0,\"10\":0,\"11\":9,\"12\":9,\"13\":0}"}
{"batch_first": "50eb9368-041", "n": 15, "attempt": 0, "raw": "<<EMPTY stop_reason=refusal blocks=[]>>"}
{"batch_first": "50eb9368-041", "n": 7, "attempt": 0, "raw": "{\"1\": 0, \"2\": 1, \"3\": 2, \"4\": 0, \"5\": 9, \"6\": 1, \"7\": 1}"}
{"batch_first": "50eb9368-056", "n": 8, "attempt": 0, "raw": "{\"1\": 4, \"2\": 0, \"3\": 0, \"4\": 8, \"5\": 3, \"6\": 0, \"7\": 0, \"8\": 9}"}
{"batch_first": "82d2b97e-041", "n": 25, "attempt": 0, "raw": "<<EMPTY stop_reason=refusal blocks=[]>>"}
{"batch_first": "82d2b97e-041", "n": 12, "attempt": 0, "raw": "<<EMPTY stop_reason=refusal blocks=[]>>"}
{"batch_first": "82d2b97e-041", "n": 6, "attempt": 0, "raw": "<<EMPTY stop_reason=refusal blocks=[]>>"}
{"batch_first": "82d2b97e-041", "n": 3, "attempt": 0, "raw": "<<EMPTY stop_reason=refusal blocks=[]>>"}
{"batch_first": "82d2b97e-041", "n": 1, "attempt": 0, "raw": "{\"1\": 0}"}
{"batch_first": "82d2b97e-058", "n": 2, "attempt": 0, "raw": "{\"1\": 0, \"2\": 0}"}
{"batch_first": "82d2b97e-064", "n": 3, "attempt": 0, "raw": "{\"1\": 0, \"2\": 0, \"3\": 10}"}
{"batch_first": "82d2b97e-002", "n": 6, "attempt": 0, "raw": "{\"1\": 10, \"2\": 0, \"3\": 0, \"4\": 0, \"5\": 0, \"6\": 0}"}
{"batch_first": "82d2b97e-016", "n": 13, "attempt": 0, "raw": "<<EMPTY stop_reason=refusal blocks=[]>>"}
{"batch_first": "82d2b97e-016", "n": 6, "attempt": 0, "raw": "{\"1\":0,\"2\":0,\"3\":0,\"4\":10,\"5\":0,\"6\":0}"}
{"batch_first": "82d2b97e-003", "n": 7, "attempt": 0, "raw": "{\"1\": 0, \"2\": 0, \"3\": 8, \"4\": 0, \"5\": 9, \"6\": 0, \"7\": 9}"}
{"batch_first": "82d2b97e-054", "n": 25, "attempt": 0, "raw": "{\"1\":0,\"2\":0,\"3\":0,\"4\":1,\"5\":0,\"6\":0,\"7\":0,\"8\":10,\"9\":0,\"10\":6,\"11\":10,\"12\":10,\"13\":10,\"14\":0,\"15\":0,\"16\":0,\"17\":0,\"18\":0,\"19\":0,\"20\":0,\"21\":0,\"22\":0,\"23\":0,\"24\":10,\"25\":0}"}
{"batch_first": "82d2b97e-000", "n": 15, "attempt": 0, "raw": "{\"1\": 10, \"2\": 10, \"3\": 0, \"4\": 0, \"5\": 0, \"6\": 0, \"7\": 0, \"8\": 0, \"9\": 10, \"10\": 0, \"11\": 0, \"12\": 0, \"13\": 0, \"14\": 0, \"15\": 10}"}
{"batch_first": "2442acd1-058", "n": 25, "attempt": 0, "raw": "<<EMPTY stop_reason=refusal blocks=[]>>"}
{"batch_first": "2442acd1-058", "n": 12, "attempt": 0, "raw": "<<EMPTY stop_reason=refusal blocks=[]>>"}
{"batch_first": "2442acd1-058", "n": 6, "attempt": 0, "raw": "<<EMPTY stop_reason=refusal blocks=[]>>"}
{"batch_first": "2442acd1-058", "n": 3, "attempt": 0, "raw": "{\"1\": 0, \"2\": 0, \"3\": 5}"}
{"batch_first": "2442acd1-038", "n": 3, "attempt": 0, "raw": "<<EMPTY stop_reason=refusal blocks=[]>>"}
{"batch_first": "2442acd1-038", "n": 1, "attempt": 0, "raw": "{\"1\": 0}"}
{"batch_first": "2442acd1-023", "n": 2, "attempt": 0, "raw": "{\"1\": 4, \"2\": 0}"}
{"batch_first": "2442acd1-004", "n": 6, "attempt": 0, "raw": "{\"1\": 1, \"2\": 2, \"3\": 6, \"4\": 0, \"5\": 8, \"6\": 7}"}
{"batch_first": "2442acd1-060", "n": 13, "attempt": 0, "raw": "{\"1\":0,\"2\":0,\"3\":2,\"4\":1,\"5\":0,\"6\":0,\"7\":0,\"8\":0,\"9\":0,\"10\":0,\"11\":1,\"12\":0,\"13\":1}"}
{"batch_first": "2442acd1-018", "n": 25, "attempt": 0, "raw": "{\"1\":0,\"2\":0,\"3\":0,\"4\":1,\"5\":2,\"6\":2,\"7\":2,\"8\":0,\"9\":9,\"10\":0,\"11\":4,\"12\":0,\"13\":1,\"14\":0,\"15\":2,\"16\":0,\"17\":10,\"18\":0,\"19\":3,\"20\":8,\"21\":3,\"22\":1,\"23\":10,\"24\":0,\"25\":0}"}
{"batch_first": "2442acd1-051", "n": 15, "attempt": 0, "raw": "{\"1\": 6, \"2\": 3, \"3\": 0, \"4\": 8, \"5\": 0, \"6\": 1, \"7\": 0, \"8\": 4, \"9\": 1, \"10\": 0, \"11\": 5, \"12\": 0, \"13\": 4, \"14\": 5, \"15\": 0}"}
{"batch_first": "8529df6f-020", "n": 25, "attempt": 0, "raw": "{\"1\": 0, \"2\": 0, \"3\": 0, \"4\": 10, \"5\": 0, \"6\": 0, \"7\": 10, \"8\": 0, \"9\": 10, \"10\": 0, \"11\": 3, \"12\": 0, \"13\": 0, \"14\": 0, \"15\": 0, \"16\": 0, \"17\": 0, \"18\": 10, \"19\": 3, \"20\": 10, \"21\": 10, \"22\": 0, \"23\": 0, \"24\": 10, \"25\": 0}"}
{"batch_first": "8529df6f-046", "n": 25, "attempt": 0, "raw": "{\"1\": 0, \"2\": 0, \"3\": 0, \"4\": 0, \"5\": 2, \"6\": 0, \"7\": 0, \"8\": 0, \"9\": 10, \"10\": 10, \"11\": 0, \"12\": 0, \"13\": 10, \"14\": 2, \"15\": 0, \"16\": 0, \"17\": 0, \"18\": 0, \"19\": 0, \"20\": 0, \"21\": 0, \"22\": 0, \"23\": 0, \"24\": 0, \"25\": 10}"}
{"batch_first": "8529df6f-051", "n": 15, "attempt": 0, "raw": "<<EMPTY stop_reason=refusal blocks=[]>>"}
{"batch_first": "8529df6f-051", "n": 7, "attempt": 0, "raw": "{\"1\": 0, \"2\": 1, \"3\": 10, \"4\": 0, \"5\": 0, \"6\": 0, \"7\": 0}"}
{"batch_first": "8529df6f-039", "n": 8, "attempt": 0, "raw": "<<EMPTY stop_reason=refusal blocks=[]>>"}
{"batch_first": "8529df6f-039", "n": 4, "attempt": 0, "raw": "{\"1\": 10, \"2\": 1, \"3\": 1, \"4\": 6}"}
{"batch_first": "8529df6f-054", "n": 4, "attempt": 0, "raw": "{\"1\": 10, \"2\": 0, \"3\": 0, \"4\": 10}"}
{"batch_first": "19c4b614-002", "n": 25, "attempt": 0, "raw": "<<EMPTY stop_reason=refusal blocks=[]>>"}
{"batch_first": "19c4b614-002", "n": 12, "attempt": 0, "raw": "<<EMPTY stop_reason=refusal blocks=[]>>"}
{"batch_first": "19c4b614-002", "n": 6, "attempt": 0, "raw": "{\"1\": 0, \"2\": 0, \"3\": 0, \"4\": 8, \"5\": 0, \"6\": 0}"}
{"batch_first": "19c4b614-069", "n": 6, "attempt": 0, "raw": "{\"1\": 0, \"2\": 6, \"3\": 5, \"4\": 0, \"5\": 8, \"6\": 5}"}
{"batch_first": "19c4b614-026", "n": 13, "attempt": 0, "raw": "{\"1\":0,\"2\":10,\"3\":0,\"4\":10,\"5\":10,\"6\":0,\"7\":10,\"8\":0,\"9\":8,\"10\":0,\"11\":0,\"12\":0,\"13\":0}"}
{"batch_first": "19c4b614-057", "n": 25, "attempt": 0, "raw": "{\"1\": 0, \"2\": 0, \"3\": 0, \"4\": 3, \"5\": 10, \"6\": 0, \"7\": 10, \"8\": 0, \"9\": 10, \"10\": 10, \"11\": 0, \"12\": 0, \"13\": 0, \"14\": 0, \"15\": 0, \"16\": 0, \"17\": 10, \"18\": 0, \"19\": 0, \"20\": 10, \"21\": 0, \"22\": 10, \"23\": 0, \"24\": 0, \"25\": 0}"}
{"batch_first": "19c4b614-016", "n": 25, "attempt": 0, "raw": "{\"1\": 0, \"2\": 0, \"3\": 0, \"4\": 0, \"5\": 0, \"6\": 10, \"7\": 0, \"8\": 0, \"9\": 0, \"10\": 0, \"11\": 10, \"12\": 0, \"13\": 0, \"14\": 0, \"15\": 0, \"16\": 9, \"17\": 0, \"18\": 9, \"19\": 0, \"20\": 10, \"21\": 0, \"22\": 0, \"23\": 0, \"24\": 9, \"25\": 0}"}
{"batch_first": "9875f821-049", "n": 25, "attempt": 0, "raw": "<<EMPTY stop_reason=refusal blocks=[]>>"}
{"batch_first": "9875f821-049", "n": 12, "attempt": 0, "raw": "<<EMPTY stop_reason=refusal blocks=[]>>"}
{"batch_first": "9875f821-049", "n": 6, "attempt": 0, "raw": "{\"1\":0,\"2\":0,\"3\":0,\"4\":0,\"5\":0,\"6\":0}"}
{"batch_first": "9875f821-005", "n": 6, "attempt": 0, "raw": "{\"1\": 1, \"2\": 0, \"3\": 1, \"4\": 1, \"5\": 0, \"6\": 0}"}
{"batch_first": "9875f821-041", "n": 13, "attempt": 0, "raw": "{\"1\":0,\"2\":2,\"3\":0,\"4\":0,\"5\":9,\"6\":0,\"7\":0,\"8\":0,\"9\":0,\"10\":0,\"11\":0,\"12\":0,\"13\":0}"}
{"batch_first": "9875f821-051", "n": 25, "attempt": 0, "raw": "{\"1\":0,\"2\":9,\"3\":8,\"4\":0,\"5\":0,\"6\":0,\"7\":0,\"8\":0,\"9\":0,\"10\":0,\"11\":0,\"12\":0,\"13\":0,\"14\":0,\"15\":1,\"16\":0,\"17\":0,\"18\":9,\"19\":0,\"20\":9,\"21\":0,\"22\":0,\"23\":0,\"24\":0,\"25\":0}"}
{"batch_first": "9875f821-003", "n": 15, "attempt": 0, "raw": "{\"1\": 0, \"2\": 0, \"3\": 2, \"4\": 0, \"5\": 0, \"6\": 1, \"7\": 0, \"8\": 0, \"9\": 0, \"10\": 0, \"11\": 0, \"12\": 0, \"13\": 0, \"14\": 0, \"15\": 0}"}
{"batch_first": "da7374ba-030", "n": 25, "attempt": 0, "raw": "{\"1\":1,\"2\":3,\"3\":1,\"4\":0,\"5\":1,\"6\":0,\"7\":2,\"8\":0,\"9\":0,\"10\":2,\"11\":0,\"12\":6,\"13\":1,\"14\":0,\"15\":2,\"16\":1,\"17\":0,\"18\":0,\"19\":0,\"20\":0,\"21\":0,\"22\":2,\"23\":0,\"24\":0,\"25\":3}"}
{"batch_first": "da7374ba-061", "n": 25, "attempt": 0, "raw": "{\"1\":0,\"2\":0,\"3\":0,\"4\":0,\"5\":0,\"6\":1,\"7\":0,\"8\":0,\"9\":0,\"10\":0,\"11\":0,\"12\":3,\"13\":2,\"14\":1,\"15\":1,\"16\":0,\"17\":1,\"18\":4,\"19\":3,\"20\":0,\"21\":1,\"22\":0,\"23\":0,\"24\":0,\"25\":1}"}
{"batch_first": "da7374ba-047", "n": 15, "attempt": 0, "raw": "{\"1\": 2, \"2\": 0, \"3\": 1, \"4\": 6, \"5\": 2, \"6\": 0, \"7\": 5, \"8\": 6, \"9\": 1, \"10\": 0, \"11\": 1, \"12\": 0, \"13\": 0, \"14\": 1, \"15\": 0}"}
{"batch_first": "5a1d5b74-042", "n": 25, "attempt": 0, "raw": "{\"1\": 2, \"2\": 1, \"3\": 10, \"4\": 9, \"5\": 9, \"6\": 0, \"7\": 0, \"8\": 0, \"9\": 0, \"10\": 9, \"11\": 0, \"12\": 0, \"13\": 1, \"14\": 7, \"15\": 3, \"16\": 0, \"17\": 0, \"18\": 0, \"19\": 0, \"20\": 0, \"21\": 2, \"22\": 0, \"23\": 10, \"24\": 2, \"25\": 0}"}
{"batch_first": "5a1d5b74-064", "n": 25, "attempt": 0, "raw": "{\"1\":8,\"2\":3,\"3\":8,\"4\":8,\"5\":8,\"6\":6,\"7\":0,\"8\":8,\"9\":7,\"10\":8,\"11\":8,\"12\":0,\"13\":3,\"14\":0,\"15\":8,\"16\":2,\"17\":2,\"18\":8,\"19\":3,\"20\":8,\"21\":3,\"22\":2,\"23\":0,\"24\":8,\"25\":0}"}
{"batch_first": "5a1d5b74-003", "n": 15, "attempt": 0, "raw": "<<EMPTY stop_reason=refusal blocks=[]>>"}
{"batch_first": "5a1d5b74-003", "n": 7, "attempt": 0, "raw": "{\"1\": 8, \"2\": 4, \"3\": 6, \"4\": 0, \"5\": 1, \"6\": 0, \"7\": 0}"}
{"batch_first": "5a1d5b74-051", "n": 8, "attempt": 0, "raw": "<<EMPTY stop_reason=refusal blocks=[]>>"}
{"batch_first": "5a1d5b74-051", "n": 4, "attempt": 0, "raw": "{\"1\":0,\"2\":8,\"3\":0,\"4\":3}"}
{"batch_first": "5a1d5b74-022", "n": 4, "attempt": 0, "raw": "<<EMPTY stop_reason=refusal blocks=[]>>"}
{"batch_first": "5a1d5b74-022", "n": 2, "attempt": 0, "raw": "{\"1\": 7, \"2\": 1}"}
{"batch_first": "5a1d5b74-049", "n": 2, "attempt": 0, "raw": "{\"1\": 0, \"2\": 8}"}
{"batch_first": "7afe987d-030", "n": 25, "attempt": 0, "raw": "{\"1\": 8, \"2\": 0, \"3\": 8, \"4\": 0, \"5\": 0, \"6\": 0, \"7\": 0, \"8\": 9, \"9\": 0, \"10\": 9, \"11\": 6, \"12\": 0, \"13\": 0, \"14\": 0, \"15\": 0, \"16\": 0, \"17\": 8, \"18\": 0, \"19\": 7, \"20\": 9, \"21\": 0, \"22\": 8, \"23\": 8, \"24\": 1, \"25\": 8}"}
{"batch_first": "7afe987d-008", "n": 25, "attempt": 0, "raw": "<<EMPTY stop_reason=refusal blocks=[]>>"}
{"batch_first": "7afe987d-008", "n": 12, "attempt": 0, "raw": "{\"1\":0,\"2\":9,\"3\":0,\"4\":0,\"5\":9,\"6\":8,\"7\":0,\"8\":8,\"9\":8,\"10\":0,\"11\":6,\"12\":0}"}
{"batch_first": "7afe987d-017", "n": 13, "attempt": 0, "raw": "{\"1\": 0, \"2\": 0, \"3\": 0, \"4\": 9, \"5\": 0, \"6\": 8, \"7\": 0, \"8\": 6, \"9\": 0, \"10\": 8, \"11\": 3, \"12\": 8, \"13\": 8}"}
{"batch_first": "7afe987d-057", "n": 25, "attempt": 0, "raw": "{\"1\": 8, \"2\": 0, \"3\": 0, \"4\": 6, \"5\": 1, \"6\": 1, \"7\": 0, \"8\": 9, \"9\": 3, \"10\": 8, \"11\": 8, \"12\": 8, \"13\": 8, \"14\": 0, \"15\": 0, \"16\": 0, \"17\": 8, \"18\": 0, \"19\": 6, \"20\": 0, \"21\": 7, \"22\": 8, \"23\": 8, \"24\": 0, \"25\": 7}"}
{"batch_first": "f54a4032-002", "n": 25, "attempt": 0, "raw": "{\"1\":10,\"2\":10,\"3\":10,\"4\":0,\"5\":0,\"6\":0,\"7\":0,\"8\":0,\"9\":10,\"10\":10,\"11\":0,\"12\":0,\"13\":10,\"14\":0,\"15\":10,\"16\":10,\"17\":10,\"18\":10,\"19\":0,\"20\":0,\"21\":10,\"22\":0,\"23\":0,\"24\":0,\"25\":0}"}
{"batch_first": "f54a4032-054", "n": 25, "attempt": 0, "raw": "<<EMPTY stop_reason=refusal blocks=[]>>"}
{"batch_first": "f54a4032-054", "n": 12, "attempt": 0, "raw": "<<EMPTY stop_reason=refusal blocks=[]>>"}
{"batch_first": "f54a4032-054", "n": 6, "attempt": 0, "raw": "{\"1\": 0, \"2\": 0, \"3\": 0, \"4\": 0, \"5\": 10, \"6\": 0}"}
{"batch_first": "f54a4032-016", "n": 6, "attempt": 0, "raw": "{\"1\":0,\"2\":0,\"3\":10,\"4\":10,\"5\":10,\"6\":10}"}
{"batch_first": "f54a4032-049", "n": 13, "attempt": 0, "raw": "{\"1\":10,\"2\":0,\"3\":0,\"4\":10,\"5\":0,\"6\":10,\"7\":0,\"8\":0,\"9\":0,\"10\":0,\"11\":0,\"12\":10,\"13\":0}"}
{"batch_first": "f54a4032-053", "n": 15, "attempt": 0, "raw": "<<EMPTY stop_reason=refusal blocks=[]>>"}
{"batch_first": "f54a4032-053", "n": 7, "attempt": 0, "raw": "{\"1\": 0, \"2\": 8, \"3\": 0, \"4\": 0, \"5\": 0, \"6\": 9, \"7\": 9}"}
{"batch_first": "f54a4032-028", "n": 8, "attempt": 0, "raw": "{\"1\": 10, \"2\": 10, \"3\": 10, \"4\": 0, \"5\": 10, \"6\": 0, \"7\": 10, \"8\": 0}"}
{"batch_first": "20939736-012", "n": 25, "attempt": 0, "raw": "{\"1\": 7, \"2\": 7, \"3\": 7, \"4\": 0, \"5\": 9, \"6\": 7, \"7\": 4, \"8\": 8, \"9\": 8, \"10\": 8, \"11\": 7, \"12\": 0, \"13\": 8, \"14\": 7, \"15\": 0, \"16\": 7, \"17\": 5, \"18\": 1, \"19\": 7, \"20\": 0, \"21\": 0, \"22\": 8, \"23\": 8, \"24\": 0, \"25\": 0}"}
{"batch_first": "20939736-033", "n": 25, "attempt": 0, "raw": "<<EMPTY stop_reason=refusal blocks=[]>>"}
{"batch_first": "20939736-033", "n": 12, "attempt": 0, "raw": "<<EMPTY stop_reason=refusal blocks=[]>>"}
{"batch_first": "20939736-033", "n": 6, "attempt": 0, "raw": "<<EMPTY stop_reason=refusal blocks=[]>>"}
{"batch_first": "20939736-033", "n": 3, "attempt": 0, "raw": "<<EMPTY stop_reason=refusal blocks=[]>>"}
{"batch_first": "20939736-033", "n": 1, "attempt": 0, "raw": "{\"1\": 0}"}
{"batch_first": "20939736-021", "n": 2, "attempt": 0, "raw": "{\"1\": 3, \"2\": 3}"}
{"batch_first": "20939736-024", "n": 3, "attempt": 0, "raw": "{\"1\":0,\"2\":0,\"3\":0}"}
{"batch_first": "20939736-038", "n": 6, "attempt": 0, "raw": "{\"1\": 1, \"2\": 1, \"3\": 0, \"4\": 1, \"5\": 0, \"6\": 0}"}
{"batch_first": "20939736-064", "n": 13, "attempt": 0, "raw": "<<EMPTY stop_reason=refusal blocks=[]>>"}
{"batch_first": "20939736-064", "n": 6, "attempt": 0, "raw": "{\"1\": 3, \"2\": 0, \"3\": 4, \"4\": 3, \"5\": 0, \"6\": 1}"}
{"batch_first": "20939736-050", "n": 7, "attempt": 0, "raw": "{\"1\": 1, \"2\": 1, \"3\": 6, \"4\": 0, \"5\": 10, \"6\": 3, \"7\": 1}"}
{"batch_first": "20939736-025", "n": 15, "attempt": 0, "raw": "<<EMPTY stop_reason=refusal blocks=[]>>"}
{"batch_first": "20939736-025", "n": 7, "attempt": 0, "raw": "{\"1\":1,\"2\":9,\"3\":3,\"4\":0,\"5\":4,\"6\":0,\"7\":0}"}
{"batch_first": "20939736-057", "n": 8, "attempt": 0, "raw": "<<EMPTY stop_reason=refusal blocks=[]>>"}
{"batch_first": "20939736-057", "n": 4, "attempt": 0, "raw": "<<EMPTY stop_reason=refusal blocks=[]>>"}
{"batch_first": "20939736-057", "n": 2, "attempt": 0, "raw": "{\"1\":0,\"2\":0}"}
{"batch_first": "20939736-034", "n": 2, "attempt": 0, "raw": "{\"1\": 0, \"2\": 0}"}
{"batch_first": "20939736-054", "n": 4, "attempt": 0, "raw": "{\"1\": 5, \"2\": 3, \"3\": 2, \"4\": 5}"}
{"batch_first": "57dff45a-031", "n": 25, "attempt": 0, "raw": "{\"1\": 1, \"2\": 6, \"3\": 0, \"4\": 0, \"5\": 9, \"6\": 1, \"7\": 6, \"8\": 8, \"9\": 0, \"10\": 6, \"11\": 3, \"12\": 5, \"13\": 3, \"14\": 6, \"15\": 0, \"16\": 7, \"17\": 8, \"18\": 6, \"19\": 0, \"20\": 6, \"21\": 7, \"22\": 8, \"23\": 8, \"24\": 8, \"25\": 7}"}
{"batch_first": "57dff45a-025", "n": 25, "attempt": 0, "raw": "<<EMPTY stop_reason=refusal blocks=[]>>"}
{"batch_first": "57dff45a-025", "n": 12, "attempt": 0, "raw": "{\"1\": 8, \"2\": 2, \"3\": 1, \"4\": 1, \"5\": 9, \"6\": 8, \"7\": 1, \"8\": 2, \"9\": 1, \"10\": 8, \"11\": 1, \"12\": 2}"}
{"batch_first": "57dff45a-047", "n": 13, "attempt": 0, "raw": "<<EMPTY stop_reason=refusal blocks=[]>>"}
{"batch_first": "57dff45a-047", "n": 6, "attempt": 0, "raw": "<<EMPTY stop_reason=refusal blocks=[]>>"}
{"batch_first": "57dff45a-047", "n": 3, "attempt": 0, "raw": "{\"1\": 8, \"2\": 1, \"3\": 4}"}
{"batch_first": "57dff45a-055", "n": 3, "attempt": 0, "raw": "<<EMPTY stop_reason=refusal blocks=[]>>"}
{"batch_first": "57dff45a-055", "n": 1, "attempt": 0, "raw": "{\"1\": 0}"}
{"batch_first": "57dff45a-058", "n": 2, "attempt": 0, "raw": "{\"1\": 3, \"2\": 5}"}
{"batch_first": "57dff45a-030", "n": 7, "attempt": 0, "raw": "{\"1\": 1, \"2\": 0, \"3\": 8, \"4\": 3, \"5\": 7, \"6\": 8, \"7\": 5}"}
{"batch_first": "57dff45a-061", "n": 25, "attempt": 0, "raw": "{\"1\": 3, \"2\": 0, \"3\": 0, \"4\": 0, \"5\": 0, \"6\": 9, \"7\": 5, \"8\": 8, \"9\": 6, \"10\": 2, \"11\": 3, \"12\": 0, \"13\": 8, \"14\": 0, \"15\": 9, \"16\": 1, \"17\": 3, \"18\": 4, \"19\": 1, \"20\": 0, \"21\": 8, \"22\": 6, \"23\": 2, \"24\": 0, \"25\": 3}"}
{"batch_first": "7c195116-057", "n": 25, "attempt": 0, "raw": "<<EMPTY stop_reason=refusal blocks=[]>>"}
{"batch_first": "7c195116-057", "n": 12, "attempt": 0, "raw": "<<EMPTY stop_reason=refusal blocks=[]>>"}
{"batch_first": "7c195116-057", "n": 6, "attempt": 0, "raw": "<<EMPTY stop_reason=refusal blocks=[]>>"}
{"batch_first": "7c195116-057", "n": 3, "attempt": 0, "raw": "{\"1\": 0, \"2\": 9, \"3\": 0}"}
{"batch_first": "7c195116-025", "n": 3, "attempt": 0, "raw": "{\"1\":0,\"2\":0,\"3\":0}"}
{"batch_first": "7c195116-051", "n": 6, "attempt": 0, "raw": "{\"1\": 0, \"2\": 1, \"3\": 0, \"4\": 1, \"5\": 0, \"6\": 0}"}
{"batch_first": "7c195116-023", "n": 13, "attempt": 0, "raw": "<<EMPTY stop_reason=refusal blocks=[]>>"}
{"batch_first": "7c195116-023", "n": 6, "attempt": 0, "raw": "{\"1\": 0, \"2\": 0, \"3\": 0, \"4\": 10, \"5\": 3, \"6\": 0}"}
{"batch_first": "7c195116-015", "n": 7, "attempt": 0, "raw": "<<EMPTY stop_reason=refusal blocks=[]>>"}
{"batch_first": "7c195116-015", "n": 3, "attempt": 0, "raw": "{\"1\": 9, \"2\": 9, \"3\": 0}"}
{"batch_first": "7c195116-004", "n": 4, "attempt": 0, "raw": "{\"1\":0,\"2\":0,\"3\":0,\"4\":0}"}
{"batch_first": "7c195116-006", "n": 25, "attempt": 0, "raw": "{\"1\":10,\"2\":0,\"3\":0,\"4\":0,\"5\":0,\"6\":10,\"7\":0,\"8\":10,\"9\":10,\"10\":0,\"11\":2,\"12\":0,\"13\":10,\"14\":0,\"15\":9,\"16\":0,\"17\":10,\"18\":0,\"19\":0,\"20\":0,\"21\":0,\"22\":2,\"23\":0,\"24\":0,\"25\":0}"}
{"batch_first": "7c195116-052", "n": 15, "attempt": 0, "raw": "<<EMPTY stop_reason=refusal blocks=[]>>"}
{"batch_first": "7c195116-052", "n": 7, "attempt": 0, "raw": "<<EMPTY stop_reason=refusal blocks=[]>>"}
{"batch_first": "7c195116-052", "n": 3, "attempt": 0, "raw": "{\"1\": 3, \"2\": 0, \"3\": 0}"}
{"batch_first": "7c195116-020", "n": 4, "attempt": 0, "raw": "<<EMPTY stop_reason=refusal blocks=[]>>"}
{"batch_first": "7c195116-020", "n": 2, "attempt": 0, "raw": "{\"1\":0,\"2\":0}"}
{"batch_first": "7c195116-024", "n": 2, "attempt": 0, "raw": "<<EMPTY stop_reason=refusal blocks=[]>>"}
{"batch_first": "7c195116-024", "n": 1, "attempt": 0, "raw": "{\"1\": 0}"}
{"batch_first": "7c195116-055", "n": 1, "attempt": 0, "raw": "{\"1\": 10}"}
{"batch_first": "7c195116-013", "n": 8, "attempt": 0, "raw": "{\"1\": 10, \"2\": 0, \"3\": 10, \"4\": 10, \"5\": 0, \"6\": 0, \"7\": 0, \"8\": 10}"}
{"batch_first": "089cacfb-010", "n": 25, "attempt": 0, "raw": "{\"1\": 0, \"2\": 0, \"3\": 1, \"4\": 1, \"5\": 0, \"6\": 0, \"7\": 0, \"8\": 0, \"9\": 0, \"10\": 8, \"11\": 2, \"12\": 0, \"13\": 3, \"14\": 0, \"15\": 8, \"16\": 5, \"17\": 1, \"18\": 0, \"19\": 1, \"20\": 1, \"21\": 0, \"22\": 6, \"23\": 1, \"24\": 7, \"25\": 4}"}
{"batch_first": "089cacfb-041", "n": 25, "attempt": 0, "raw": "{\"1\":0,\"2\":4,\"3\":4,\"4\":9,\"5\":0,\"6\":0,\"7\":0,\"8\":0,\"9\":2,\"10\":3,\"11\":9,\"12\":1,\"13\":0,\"14\":0,\"15\":5,\"16\":0,\"17\":5,\"18\":9,\"19\":4,\"20\":0,\"21\":0,\"22\":5,\"23\":1,\"24\":0,\"25\":0}"}
{"batch_first": "089cacfb-017", "n": 17, "attempt": 0, "raw": "<<EMPTY stop_reason=refusal blocks=[]>>"}
{"batch_first": "089cacfb-017", "n": 8, "attempt": 0, "raw": "{\"1\": 8, \"2\": 3, \"3\": 5, \"4\": 2, \"5\": 6, \"6\": 0, \"7\": 0, \"8\": 3}"}
{"batch_first": "089cacfb-018", "n": 9, "attempt": 0, "raw": "{\"1\": 2, \"2\": 0, \"3\": 0, \"4\": 0, \"5\": 0, \"6\": 0, \"7\": 0, \"8\": 6, \"9\": 1}"}
{"batch_first": "dc699448-014", "n": 25, "attempt": 0, "raw": "<<EMPTY stop_reason=refusal blocks=[]>>"}
{"batch_first": "dc699448-014", "n": 12, "attempt": 0, "raw": "{\"1\": 0, \"2\": 0, \"3\": 0, \"4\": 2, \"5\": 0, \"6\": 0, \"7\": 0, \"8\": 0, \"9\": 4, \"10\": 0, \"11\": 0, \"12\": 2}"}
{"batch_first": "dc699448-063", "n": 13, "attempt": 0, "raw": "<<EMPTY stop_reason=refusal blocks=[]>>"}
{"batch_first": "dc699448-063", "n": 6, "attempt": 0, "raw": "<<EMPTY stop_reason=refusal blocks=[]>>"}
{"batch_first": "dc699448-063", "n": 3, "attempt": 0, "raw": "{\"1\": 2, \"2\": 0, \"3\": 9}"}
{"batch_first": "dc699448-022", "n": 3, "attempt": 0, "raw": "{\"1\":0,\"2\":0,\"3\":0}"}
{"batch_first": "dc699448-045", "n": 7, "attempt": 0, "raw": "{\"1\": 0, \"2\": 1, \"3\": 4, \"4\": 0, \"5\": 1, \"6\": 0, \"7\": 1}"}
{"batch_first": "dc699448-002", "n": 25, "attempt": 0, "raw": "{\"1\":0,\"2\":0,\"3\":0,\"4\":0,\"5\":0,\"6\":1,\"7\":0,\"8\":3,\"9\":6,\"10\":3,\"11\":0,\"12\":0,\"13\":0,\"14\":1,\"15\":0,\"16\":1,\"17\":0,\"18\":0,\"19\":9,\"20\":1,\"21\":4,\"22\":0,\"23\":0,\"24\":0,\"25\":0}"}
{"batch_first": "dc699448-061", "n": 25, "attempt": 0, "raw": "{\"1\":0,\"2\":0,\"3\":0,\"4\":0,\"5\":5,\"6\":4,\"7\":2,\"8\":0,\"9\":0,\"10\":0,\"11\":0,\"12\":5,\"13\":0,\"14\":0,\"15\":10,\"16\":0,\"17\":0,\"18\":0,\"19\":3,\"20\":2,\"21\":0,\"22\":1,\"23\":3,\"24\":0,\"25\":0}"}
{"batch_first": "6c7fca82-062", "n": 25, "attempt": 0, "raw": "{\"1\":0,\"2\":2,\"3\":1,\"4\":0,\"5\":1,\"6\":6,\"7\":7,\"8\":1,\"9\":0,\"10\":6,\"11\":0,\"12\":7,\"13\":1,\"14\":0,\"15\":0,\"16\":0,\"17\":3,\"18\":0,\"19\":0,\"20\":0,\"21\":2,\"22\":0,\"23\":0,\"24\":4,\"25\":2}"}
{"batch_first": "6c7fca82-051", "n": 25, "attempt": 0, "raw": "{\"1\": 6, \"2\": 4, \"3\": 7, \"4\": 5, \"5\": 0, \"6\": 0, \"7\": 4, \"8\": 3, \"9\": 0, \"10\": 6, \"11\": 6, \"12\": 0, \"13\": 6, \"14\": 4, \"15\": 0, \"16\": 4, \"17\": 7, \"18\": 3, \"19\": 0, \"20\": 5, \"21\": 0, \"22\": 1, \"23\": 3, \"24\": 4, \"25\": 0}"}
{"batch_first": "6c7fca82-015", "n": 15, "attempt": 0, "raw": "<<EMPTY stop_reason=refusal blocks=[]>>"}
{"batch_first": "6c7fca82-015", "n": 7, "attempt": 0, "raw": "<<EMPTY stop_reason=refusal blocks=[]>>"}
{"batch_first": "6c7fca82-015", "n": 3, "attempt": 0, "raw": "<<EMPTY stop_reason=refusal blocks=[]>>"}
{"batch_first": "6c7fca82-015", "n": 1, "attempt": 0, "raw": "{\"1\": 3}"}
{"batch_first": "6c7fca82-000", "n": 2, "attempt": 0, "raw": "<<EMPTY stop_reason=refusal blocks=[]>>"}
{"batch_first": "6c7fca82-000", "n": 1, "attempt": 0, "raw": "{\"1\": 8}"}
{"batch_first": "6c7fca82-060", "n": 1, "attempt": 0, "raw": "{\"1\": 0}"}
{"batch_first": "6c7fca82-056", "n": 4, "attempt": 0, "raw": "{\"1\":2,\"2\":3,\"3\":0,\"4\":2}"}
{"batch_first": "6c7fca82-024", "n": 8, "attempt": 0, "raw": "{\"1\": 0, \"2\": 0, \"3\": 5, \"4\": 0, \"5\": 0, \"6\": 6, \"7\": 7, \"8\": 5}"}
{"batch_first": "3d41e05f-010", "n": 25, "attempt": 0, "raw": "{\"1\": 0, \"2\": 0, \"3\": 7, \"4\": 0, \"5\": 3, \"6\": 0, \"7\": 0, \"8\": 0, \"9\": 0, \"10\": 0, \"11\": 0, \"12\": 0, \"13\": 0, \"14\": 8, \"15\": 7, \"16\": 0, \"17\": 10, \"18\": 10, \"19\": 0, \"20\": 10, \"21\": 5, \"22\": 10, \"23\": 0, \"24\": 8, \"25\": 8}"}
{"batch_first": "3d41e05f-014", "n": 25, "attempt": 0, "raw": "{\"1\": 0, \"2\": 0, \"3\": 0, \"4\": 3, \"5\": 9, \"6\": 7, \"7\": 0, \"8\": 8, \"9\": 4, \"10\": 7, \"11\": 0, \"12\": 0, \"13\": 4, \"14\": 0, \"15\": 7, \"16\": 0, \"17\": 0, \"18\": 0, \"19\": 0, \"20\": 0, \"21\": 1, \"22\": 8, \"23\": 0, \"24\": 8, \"25\": 0}"}
{"batch_first": "3d41e05f-023", "n": 15, "attempt": 0, "raw": "{\"1\": 0, \"2\": 0, \"3\": 0, \"4\": 6, \"5\": 2, \"6\": 3, \"7\": 9, \"8\": 0, \"9\": 1, \"10\": 5, \"11\": 3, \"12\": 5, \"13\": 0, \"14\": 0, \"15\": 8}"}
{"batch_first": "0716fb17-022", "n": 25, "attempt": 0, "raw": "{\"1\": 1, \"2\": 0, \"3\": 6, \"4\": 2, \"5\": 6, \"6\": 5, \"7\": 3, \"8\": 4, \"9\": 0, \"10\": 4, \"11\": 0, \"12\": 6, \"13\": 7, \"14\": 0, \"15\": 9, \"16\": 1, \"17\": 5, \"18\": 0, \"19\": 2, \"20\": 3, \"21\": 0, \"22\": 6, \"23\": 5, \"24\": 3, \"25\": 7}"}
{"batch_first": "0716fb17-036", "n": 25, "attempt": 0, "raw": "{\"1\": 0, \"2\": 4, \"3\": 5, \"4\": 5, \"5\": 3, \"6\": 4, \"7\": 0, \"8\": 1, \"9\": 4, \"10\": 2, \"11\": 1, \"12\": 3, \"13\": 8, \"14\": 3, \"15\": 5, \"16\": 3, \"17\": 5, \"18\": 1, \"19\": 1, \"20\": 0, \"21\": 0, \"22\": 6, \"23\": 7, \"24\": 2, \"25\": 8}"}
{"batch_first": "0716fb17-051", "n": 15, "attempt": 0, "raw": "{\"1\": 0, \"2\": 3, \"3\": 3, \"4\": 0, \"5\": 6, \"6\": 2, \"7\": 0, \"8\": 0, \"9\": 9, \"10\": 0, \"11\": 1, \"12\": 5, \"13\": 6, \"14\": 2, \"15\": 1}"}
{"batch_first": "e84758f0-028", "n": 25, "attempt": 0, "raw": "{\"1\":10,\"2\":0,\"3\":0,\"4\":0,\"5\":0,\"6\":0,\"7\":0,\"8\":10,\"9\":10,\"10\":0,\"11\":0,\"12\":0,\"13\":0,\"14\":0,\"15\":10,\"16\":10,\"17\":10,\"18\":0,\"19\":0,\"20\":0,\"21\":0,\"22\":0,\"23\":0,\"24\":0,\"25\":0}"}
{"batch_first": "e84758f0-060", "n": 25, "attempt": 0, "raw": "{\"1\":0,\"2\":0,\"3\":9,\"4\":0,\"5\":0,\"6\":0,\"7\":1,\"8\":0,\"9\":9,\"10\":1,\"11\":9,\"12\":0,\"13\":0,\"14\":0,\"15\":0,\"16\":0,\"17\":0,\"18\":0,\"19\":0,\"20\":0,\"21\":9,\"22\":0,\"23\":0,\"24\":1,\"25\":9}"}
{"batch_first": "e84758f0-008", "n": 15, "attempt": 0, "raw": "{\"1\":10,\"2\":0,\"3\":0,\"4\":10,\"5\":10,\"6\":0,\"7\":0,\"8\":0,\"9\":0,\"10\":10,\"11\":10,\"12\":0,\"13\":10,\"14\":0,\"15\":0}"}
{"batch_first": "fc627aac-040", "n": 25, "attempt": 0, "raw": "{\"1\": 0, \"2\": 0, \"3\": 9, \"4\": 0, \"5\": 0, \"6\": 0, \"7\": 0, \"8\": 0, \"9\": 0, \"10\": 3, \"11\": 0, \"12\": 8, \"13\": 0, \"14\": 0, \"15\": 0, \"16\": 0, \"17\": 0, \"18\": 0, \"19\": 0, \"20\": 0, \"21\": 0, \"22\": 0, \"23\": 0, \"24\": 9, \"25\": 0}"}
{"batch_first": "fc627aac-064", "n": 25, "attempt": 0, "raw": "{\"1\":6,\"2\":0,\"3\":8,\"4\":8,\"5\":0,\"6\":0,\"7\":0,\"8\":7,\"9\":9,\"10\":0,\"11\":8,\"12\":0,\"13\":0,\"14\":0,\"15\":8,\"16\":8,\"17\":0,\"18\":0,\"19\":9,\"20\":9,\"21\":0,\"22\":0,\"23\":0,\"24\":0,\"25\":9}"}
{"batch_first": "fc627aac-048", "n": 15, "attempt": 0, "raw": "{\"1\":0,\"2\":0,\"3\":0,\"4\":0,\"5\":0,\"6\":0,\"7\":0,\"8\":9,\"9\":9,\"10\":0,\"11\":9,\"12\":9,\"13\":0,\"14\":9,\"15\":0}"}
{"batch_first": "ba158d54-054", "n": 25, "attempt": 0, "raw": "{\"1\": 6, \"2\": 8, \"3\": 0, \"4\": 0, \"5\": 7, \"6\": 0, \"7\": 7, \"8\": 0, \"9\": 0, \"10\": 0, \"11\": 0, \"12\": 0, \"13\": 8, \"14\": 6, \"15\": 0, \"16\": 7, \"17\": 0, \"18\": 0, \"19\": 0, \"20\": 0, \"21\": 0, \"22\": 0, \"23\": 0, \"24\": 0, \"25\": 0}"}
{"batch_first": "ba158d54-046", "n": 25, "attempt": 0, "raw": "{\"1\": 0, \"2\": 2, \"3\": 8, \"4\": 0, \"5\": 0, \"6\": 0, \"7\": 0, \"8\": 0, \"9\": 3, \"10\": 1, \"11\": 0, \"12\": 0, \"13\": 0, \"14\": 1, \"15\": 8, \"16\": 5, \"17\": 8, \"18\": 0, \"19\": 0, \"20\": 0, \"21\": 6, \"22\": 0, \"23\": 0, \"24\": 0, \"25\": 2}"}
{"batch_first": "ba158d54-043", "n": 25, "attempt": 0, "raw": "{\"1\": 0, \"2\": 1, \"3\": 2, \"4\": 2, \"5\": 0, \"6\": 0, \"7\": 0, \"8\": 0, \"9\": 0, \"10\": 0, \"11\": 0, \"12\": 0, \"13\": 7, \"14\": 0, \"15\": 0, \"16\": 0, \"17\": 0, \"18\": 0, \"19\": 0, \"20\": 0, \"21\": 0, \"22\": 6, \"23\": 0, \"24\": 1, \"25\": 0}"}
{"batch_first": "4ac674dc-020", "n": 25, "attempt": 0, "raw": "<<EMPTY stop_reason=refusal blocks=[]>>"}
{"batch_first": "4ac674dc-020", "n": 12, "attempt": 0, "raw": "{\"1\": 0, \"2\": 9, \"3\": 9, \"4\": 0, \"5\": 0, \"6\": 0, \"7\": 0, \"8\": 9, \"9\": 0, \"10\": 0, \"11\": 3, \"12\": 0}"}
{"batch_first": "4ac674dc-026", "n": 13, "attempt": 0, "raw": "<<EMPTY stop_reason=refusal blocks=[]>>"}
{"batch_first": "4ac674dc-026", "n": 6, "attempt": 0, "raw": "{\"1\": 9, \"2\": 0, \"3\": 0, \"4\": 0, \"5\": 0, \"6\": 0}"}
{"batch_first": "4ac674dc-017", "n": 7, "attempt": 0, "raw": "{\"1\": 0, \"2\": 0, \"3\": 9, \"4\": 0, \"5\": 9, \"6\": 1, \"7\": 3}"}
{"batch_first": "4ac674dc-021", "n": 25, "attempt": 0, "raw": "{\"1\":0,\"2\":10,\"3\":10,\"4\":0,\"5\":0,\"6\":0,\"7\":0,\"8\":0,\"9\":10,\"10\":0,\"11\":0,\"12\":0,\"13\":9,\"14\":10,\"15\":0,\"16\":0,\"17\":0,\"18\":9,\"19\":0,\"20\":0,\"21\":0,\"22\":0,\"23\":0,\"24\":0,\"25\":0}"}
{"batch_first": "4ac674dc-052", "n": 15, "attempt": 0, "raw": "{\"1\": 10, \"2\": 0, \"3\": 0, \"4\": 0, \"5\": 0, \"6\": 0, \"7\": 10, \"8\": 0, \"9\": 10, \"10\": 0, \"11\": 0, \"12\": 2, \"13\": 3, \"14\": 0, \"15\": 0}"}
{"batch_first": "96dc8fde-035", "n": 25, "attempt": 0, "raw": "<<EMPTY stop_reason=refusal blocks=[]>>"}
{"batch_first": "96dc8fde-035", "n": 12, "attempt": 0, "raw": "{\"1\":0,\"2\":0,\"3\":0,\"4\":1,\"5\":0,\"6\":0,\"7\":0,\"8\":1,\"9\":0,\"10\":9,\"11\":10,\"12\":10}"}
{"batch_first": "96dc8fde-020", "n": 13, "attempt": 0, "raw": "<<EMPTY stop_reason=refusal blocks=[]>>"}
{"batch_first": "96dc8fde-020", "n": 6, "attempt": 0, "raw": "{\"1\":0,\"2\":8,\"3\":0,\"4\":0,\"5\":0,\"6\":10}"}
{"batch_first": "96dc8fde-050", "n": 7, "attempt": 0, "raw": "<<EMPTY stop_reason=refusal blocks=[]>>"}
{"batch_first": "96dc8fde-050", "n": 3, "attempt": 0, "raw": "<<EMPTY stop_reason=refusal blocks=[]>>"}
{"batch_first": "96dc8fde-050", "n": 1, "attempt": 0, "raw": "{\"1\": 0}"}
{"batch_first": "96dc8fde-057", "n": 2, "attempt": 0, "raw": "<<EMPTY stop_reason=refusal blocks=[]>>"}
{"batch_first": "96dc8fde-057", "n": 1, "attempt": 0, "raw": "{\"1\": 1}"}
{"batch_first": "96dc8fde-030", "n": 1, "attempt": 0, "raw": "{\"1\": 0}"}
{"batch_first": "96dc8fde-055", "n": 4, "attempt": 0, "raw": "{\"1\":0,\"2\":0,\"3\":0,\"4\":0}"}
{"batch_first": "96dc8fde-032", "n": 25, "attempt": 0, "raw": "<<EMPTY stop_reason=refusal blocks=[]>>"}
{"batch_first": "96dc8fde-032", "n": 12, "attempt": 0, "raw": "<<EMPTY stop_reason=refusal blocks=[]>>"}
{"batch_first": "96dc8fde-032", "n": 6, "attempt": 0, "raw": "{\"1\": 9, \"2\": 9, \"3\": 2, \"4\": 0, \"5\": 0, \"6\": 9}"}
{"batch_first": "96dc8fde-047", "n": 6, "attempt": 0, "raw": "{\"1\":0,\"2\":0,\"3\":0,\"4\":0,\"5\":10,\"6\":0}"}
{"batch_first": "96dc8fde-015", "n": 13, "attempt": 0, "raw": "{\"1\":0,\"2\":0,\"3\":2,\"4\":0,\"5\":0,\"6\":0,\"7\":3,\"8\":0,\"9\":0,\"10\":0,\"11\":0,\"12\":0,\"13\":2}"}
{"batch_first": "96dc8fde-045", "n": 15, "attempt": 0, "raw": "<<EMPTY stop_reason=refusal blocks=[]>>"}
{"batch_first": "96dc8fde-045", "n": 7, "attempt": 0, "raw": "{\"1\": 0, \"2\": 0, \"3\": 0, \"4\": 0, \"5\": 0, \"6\": 0, \"7\": 8}"}
{"batch_first": "96dc8fde-029", "n": 8, "attempt": 0, "raw": "{\"1\": 0, \"2\": 0, \"3\": 1, \"4\": 0, \"5\": 0, \"6\": 0, \"7\": 1, \"8\": 1}"}
{"batch_first": "78c704c0-053", "n": 25, "attempt": 0, "raw": "<<EMPTY stop_reason=refusal blocks=[]>>"}
{"batch_first": "78c704c0-053", "n": 12, "attempt": 0, "raw": "<<EMPTY stop_reason=refusal blocks=[]>>"}
{"batch_first": "78c704c0-053", "n": 6, "attempt": 0, "raw": "{\"1\": 0, \"2\": 0, \"3\": 1, \"4\": 0, \"5\": 10, \"6\": 0}"}
{"batch_first": "78c704c0-042", "n": 6, "attempt": 0, "raw": "<<EMPTY stop_reason=refusal blocks=[]>>"}
{"batch_first": "78c704c0-042", "n": 3, "attempt": 0, "raw": "<<EMPTY stop_reason=refusal blocks=[]>>"}
{"batch_first": "78c704c0-042", "n": 1, "attempt": 0, "raw": "{\"1\": 10}"}
{"batch_first": "78c704c0-050", "n": 2, "attempt": 0, "raw": "{\"1\": 0, \"2\": 8}"}
{"batch_first": "78c704c0-014", "n": 3, "attempt": 0, "raw": "{\"1\":9,\"2\":9,\"3\":3}"}
{"batch_first": "78c704c0-037", "n": 13, "attempt": 0, "raw": "<<EMPTY stop_reason=refusal blocks=[]>>"}
{"batch_first": "78c704c0-037", "n": 6, "attempt": 0, "raw": "{\"1\": 2, \"2\": 9, \"3\": 0, \"4\": 0, \"5\": 0, \"6\": 9}"}
{"batch_first": "78c704c0-045", "n": 7, "attempt": 0, "raw": "<<EMPTY stop_reason=refusal blocks=[]>>"}
{"batch_first": "78c704c0-045", "n": 3, "attempt": 0, "raw": "{\"1\":0,\"2\":0,\"3\":6}"}
{"batch_first": "78c704c0-009", "n": 4, "attempt": 0, "raw": "{\"1\": 0, \"2\": 0, \"3\": 1, \"4\": 9}"}
{"batch_first": "78c704c0-003", "n": 25, "attempt": 0, "raw": "<<EMPTY stop_reason=refusal blocks=[]>>"}
{"batch_first": "78c704c0-003", "n": 12, "attempt": 0, "raw": "<<EMPTY stop_reason=refusal blocks=[]>>"}
{"batch_first": "78c704c0-003", "n": 6, "attempt": 0, "raw": "{\"1\": 9, \"2\": 0, \"3\": 2, \"4\": 0, \"5\": 9, \"6\": 0}"}
{"batch_first": "78c704c0-013", "n": 6, "attempt": 0, "raw": "{\"1\": 2, \"2\": 0, \"3\": 9, \"4\": 0, \"5\": 0, \"6\": 0}"}
{"batch_first": "78c704c0-025", "n": 13, "attempt": 0, "raw": "<<EMPTY stop_reason=refusal blocks=[]>>"}
{"batch_first": "78c704c0-025", "n": 6, "attempt": 0, "raw": "{\"1\": 0, \"2\": 9, \"3\": 2, \"4\": 1, \"5\": 0, \"6\": 0}"}
{"batch_first": "78c704c0-016", "n": 7, "attempt": 0, "raw": "<<EMPTY stop_reason=refusal blocks=[]>>"}
{"batch_first": "78c704c0-016", "n": 3, "attempt": 0, "raw": "{\"1\": 1, \"2\": 9, \"3\": 0}"}
{"batch_first": "78c704c0-017", "n": 4, "attempt": 0, "raw": "{\"1\":10,\"2\":10,\"3\":10,\"4\":10}"}
{"batch_first": "78c704c0-033", "n": 15, "attempt": 0, "raw": "<<EMPTY stop_reason=refusal blocks=[]>>"}
{"batch_first": "78c704c0-033", "n": 7, "attempt": 0, "raw": "<<EMPTY stop_reason=refusal blocks=[]>>"}
{"batch_first": "78c704c0-033", "n": 3, "attempt": 0, "raw": "{\"1\": 0, \"2\": 8, \"3\": 0}"}
{"batch_first": "78c704c0-064", "n": 4, "attempt": 0, "raw": "<<EMPTY stop_reason=refusal blocks=[]>>"}
{"batch_first": "78c704c0-064", "n": 2, "attempt": 0, "raw": "{\"1\": 10, \"2\": 10}"}
{"batch_first": "78c704c0-027", "n": 2, "attempt": 0, "raw": "{\"1\": 0, \"2\": 9}"}
{"batch_first": "78c704c0-039", "n": 8, "attempt": 0, "raw": "<<EMPTY stop_reason=refusal blocks=[]>>"}
{"batch_first": "78c704c0-039", "n": 4, "attempt": 0, "raw": "{\"1\": 0, \"2\": 0, \"3\": 0, \"4\": 0}"}
{"batch_first": "78c704c0-049", "n": 4, "attempt": 0, "raw": "{\"1\": 6, \"2\": 0, \"3\": 0, \"4\": 0}"}
{"batch_first": "8219baca-004", "n": 25, "attempt": 0, "raw": "{\"1\":6,\"2\":0,\"3\":0,\"4\":0,\"5\":0,\"6\":0,\"7\":2,\"8\":0,\"9\":0,\"10\":0,\"11\":0,\"12\":0,\"13\":0,\"14\":0,\"15\":0,\"16\":0,\"17\":0,\"18\":0,\"19\":0,\"20\":0,\"21\":0,\"22\":0,\"23\":0,\"24\":0,\"25\":0}"}
{"batch_first": "8219baca-072", "n": 25, "attempt": 0, "raw": "{\"1\": 2, \"2\": 0, \"3\": 0, \"4\": 0, \"5\": 0, \"6\": 0, \"7\": 0, \"8\": 0, \"9\": 0, \"10\": 0, \"11\": 0, \"12\": 0, \"13\": 0, \"14\": 0, \"15\": 0, \"16\": 0, \"17\": 0, \"18\": 0, \"19\": 0, \"20\": 0, \"21\": 0, \"22\": 0, \"23\": 0, \"24\": 0, \"25\": 0}"}
{"batch_first": "8219baca-042", "n": 25, "attempt": 0, "raw": "<<EMPTY stop_reason=refusal blocks=[]>>"}
{"batch_first": "8219baca-042", "n": 12, "attempt": 0, "raw": "{\"1\":0,\"2\":0,\"3\":0,\"4\":0,\"5\":0,\"6\":0,\"7\":0,\"8\":0,\"9\":0,\"10\":0,\"11\":1,\"12\":0}"}
{"batch_first": "8219baca-026", "n": 13, "attempt": 0, "raw": "<<EMPTY stop_reason=refusal blocks=[]>>"}
{"batch_first": "8219baca-026", "n": 6, "attempt": 0, "raw": "{\"1\": 0, \"2\": 0, \"3\": 0, \"4\": 0, \"5\": 0, \"6\": 0}"}
{"batch_first": "8219baca-067", "n": 7, "attempt": 0, "raw": "{\"1\": 0, \"2\": 0, \"3\": 0, \"4\": 0, \"5\": 0, \"6\": 0, \"7\": 0}"}
{"batch_first": "92fe8570-068", "n": 25, "attempt": 0, "raw": "{\"1\": 0, \"2\": 0, \"3\": 2, \"4\": 1, \"5\": 3, \"6\": 3, \"7\": 4, \"8\": 3, \"9\": 0, \"10\": 8, \"11\": 5, \"12\": 5, \"13\": 0, \"14\": 8, \"15\": 0, \"16\": 5, \"17\": 0, \"18\": 3, \"19\": 5, \"20\": 8, \"21\": 4, \"22\": 8, \"23\": 5, \"24\": 3, \"25\": 0}"}
{"batch_first": "92fe8570-025", "n": 25, "attempt": 0, "raw": "<<EMPTY stop_reason=refusal blocks=[]>>"}
{"batch_first": "92fe8570-025", "n": 12, "attempt": 0, "raw": "<<EMPTY stop_reason=refusal blocks=[]>>"}
{"batch_first": "92fe8570-025", "n": 6, "attempt": 0, "raw": "<<EMPTY stop_reason=refusal blocks=[]>>"}
{"batch_first": "92fe8570-025", "n": 3, "attempt": 0, "raw": "{\"1\": 8, \"2\": 8, \"3\": 2}"}
{"batch_first": "92fe8570-034", "n": 3, "attempt": 0, "raw": "{\"1\":0,\"2\":6,\"3\":1}"}
{"batch_first": "92fe8570-058", "n": 6, "attempt": 0, "raw": "{\"1\": 2, \"2\": 0, \"3\": 0, \"4\": 0, \"5\": 0, \"6\": 0}"}
{"batch_first": "92fe8570-043", "n": 13, "attempt": 0, "raw": "{\"1\": 8, \"2\": 3, \"3\": 1, \"4\": 7, \"5\": 7, \"6\": 1, \"7\": 6, \"8\": 1, \"9\": 8, \"10\": 1, \"11\": 2, \"12\": 1, \"13\": 7}"}
{"batch_first": "92fe8570-040", "n": 23, "attempt": 0, "raw": "<<EMPTY stop_reason=refusal blocks=[]>>"}
{"batch_first": "92fe8570-040", "n": 11, "attempt": 0, "raw": "<<EMPTY stop_reason=refusal blocks=[]>>"}
{"batch_first": "92fe8570-040", "n": 5, "attempt": 0, "raw": "{\"1\": 8, \"2\": 1, \"3\": 8, \"4\": 1, \"5\": 1}"}
{"batch_first": "92fe8570-035", "n": 6, "attempt": 0, "raw": "<<EMPTY stop_reason=refusal blocks=[]>>"}
{"batch_first": "92fe8570-035", "n": 3, "attempt": 0, "raw": "{\"1\": 6, \"2\": 8, \"3\": 0}"}
{"batch_first": "92fe8570-041", "n": 3, "attempt": 0, "raw": "{\"1\": 8, \"2\": 8, \"3\": 0}"}
{"batch_first": "92fe8570-024", "n": 12, "attempt": 0, "raw": "<<EMPTY stop_reason=refusal blocks=[]>>"}
{"batch_first": "92fe8570-024", "n": 6, "attempt": 0, "raw": "<<EMPTY stop_reason=refusal blocks=[]>>"}
{"batch_first": "92fe8570-024", "n": 3, "attempt": 0, "raw": "<<EMPTY stop_reason=refusal blocks=[]>>"}
{"batch_first": "92fe8570-024", "n": 1, "attempt": 0, "raw": "{\"1\": 1}"}
{"batch_first": "92fe8570-046", "n": 2, "attempt": 0, "raw": "{\"1\":0,\"2\":8}"}
{"batch_first": "92fe8570-026", "n": 3, "attempt": 0, "raw": "<<EMPTY stop_reason=refusal blocks=[]>>"}
{"batch_first": "92fe8570-026", "n": 1, "attempt": 0, "raw": "{\"1\": 3}"}
{"batch_first": "92fe8570-072", "n": 2, "attempt": 0, "raw": "{\"1\": 8, \"2\": 0}"}
{"batch_first": "92fe8570-039", "n": 6, "attempt": 0, "raw": "{\"1\": 6, \"2\": 8, \"3\": 8, \"4\": 3, \"5\": 5, \"6\": 0}"}
{"batch_first": "c4394437-060", "n": 25, "attempt": 0, "raw": "<<EMPTY stop_reason=refusal blocks=[]>>"}
{"batch_first": "c4394437-060", "n": 12, "attempt": 0, "raw": "{\"1\":0,\"2\":9,\"3\":0,\"4\":0,\"5\":0,\"6\":1,\"7\":0,\"8\":0,\"9\":9,\"10\":9,\"11\":1,\"12\":0}"}
{"batch_first": "c4394437-056", "n": 13, "attempt": 0, "raw": "{\"1\":0,\"2\":6,\"3\":0,\"4\":0,\"5\":8,\"6\":0,\"7\":0,\"8\":0,\"9\":0,\"10\":0,\"11\":0,\"12\":0,\"13\":8}"}
{"batch_first": "c4394437-029", "n": 25, "attempt": 0, "raw": "{\"1\": 3, \"2\": 1, \"3\": 0, \"4\": 0, \"5\": 0, \"6\": 0, \"7\": 6, \"8\": 3, \"9\": 0, \"10\": 0, \"11\": 8, \"12\": 0, \"13\": 0, \"14\": 0, \"15\": 0, \"16\": 1, \"17\": 0, \"18\": 0, \"19\": 8, \"20\": 0, \"21\": 2, \"22\": 0, \"23\": 0, \"24\": 0, \"25\": 7}"}
{"batch_first": "c4394437-017", "n": 15, "attempt": 0, "raw": "{\"1\": 0, \"2\": 0, \"3\": 0, \"4\": 0, \"5\": 0, \"6\": 0, \"7\": 0, \"8\": 9, \"9\": 0, \"10\": 0, \"11\": 9, \"12\": 0, \"13\": 0, \"14\": 0, \"15\": 0}"}
{"batch_first": "7c2517a0-045", "n": 25, "attempt": 0, "raw": "{\"1\":0,\"2\":0,\"3\":0,\"4\":10,\"5\":10,\"6\":0,\"7\":0,\"8\":0,\"9\":0,\"10\":0,\"11\":0,\"12\":0,\"13\":0,\"14\":9,\"15\":0,\"16\":0,\"17\":0,\"18\":0,\"19\":0,\"20\":0,\"21\":0,\"22\":10,\"23\":0,\"24\":0,\"25\":0}"}
{"batch_first": "7c2517a0-036", "n": 25, "attempt": 0, "raw": "{\"1\":0,\"2\":0,\"3\":0,\"4\":0,\"5\":0,\"6\":0,\"7\":0,\"8\":10,\"9\":0,\"10\":10,\"11\":10,\"12\":0,\"13\":0,\"14\":0,\"15\":10,\"16\":0,\"17\":0,\"18\":0,\"19\":0,\"20\":5,\"21\":10,\"22\":0,\"23\":0,\"24\":0,\"25\":0}"}
{"batch_first": "7c2517a0-055", "n": 15, "attempt": 0, "raw": "<<EMPTY stop_reason=refusal blocks=[]>>"}
{"batch_first": "7c2517a0-055", "n": 7, "attempt": 0, "raw": "<<EMPTY stop_reason=refusal blocks=[]>>"}
{"batch_first": "7c2517a0-055", "n": 3, "attempt": 0, "raw": "{\"1\":0,\"2\":0,\"3\":10}"}
{"batch_first": "7c2517a0-024", "n": 4, "attempt": 0, "raw": "{\"1\": 8, \"2\": 3, \"3\": 0, \"4\": 0}"}
{"batch_first": "7c2517a0-043", "n": 8, "attempt": 0, "raw": "{\"1\":0,\"2\":0,\"3\":3,\"4\":0,\"5\":0,\"6\":0,\"7\":0,\"8\":0}"}
{"batch_first": "f64e36e3-026", "n": 25, "attempt": 0, "raw": "<<EMPTY stop_reason=refusal blocks=[]>>"}
{"batch_first": "f64e36e3-026", "n": 12, "attempt": 0, "raw": "{\"1\":0,\"2\":0,\"3\":1,\"4\":0,\"5\":3,\"6\":2,\"7\":1,\"8\":0,\"9\":0,\"10\":0,\"11\":0,\"12\":0}"}
{"batch_first": "f64e36e3-014", "n": 13, "attempt": 0, "raw": "{\"1\": 7, \"2\": 2, \"3\": 1, \"4\": 1, \"5\": 0, \"6\": 1, \"7\": 1, \"8\": 0, \"9\": 1, \"10\": 6, \"11\": 8, \"12\": 1, \"13\": 0}"}
{"batch_first": "f64e36e3-016", "n": 25, "attempt": 0, "raw": "<<EMPTY stop_reason=refusal blocks=[]>>"}
{"batch_first": "f64e36e3-016", "n": 12, "attempt": 0, "raw": "<<EMPTY stop_reason=refusal blocks=[]>>"}
{"batch_first": "f64e36e3-016", "n": 6, "attempt": 0, "raw": "<<EMPTY stop_reason=refusal blocks=[]>>"}
{"batch_first": "f64e36e3-016", "n": 3, "attempt": 0, "raw": "{\"1\": 1, \"2\": 7, \"3\": 6}"}
{"batch_first": "f64e36e3-071", "n": 3, "attempt": 0, "raw": "<<EMPTY stop_reason=refusal blocks=[]>>"}
{"batch_first": "f64e36e3-071", "n": 1, "attempt": 0, "raw": "{\"1\": 0}"}
{"batch_first": "f64e36e3-044", "n": 2, "attempt": 0, "raw": "<<EMPTY stop_reason=refusal blocks=[]>>"}
{"batch_first": "f64e36e3-044", "n": 1, "attempt": 0, "raw": "{\"1\": 9}"}
{"batch_first": "f64e36e3-046", "n": 1, "attempt": 0, "raw": "<<EMPTY stop_reason=refusal blocks=[]>>"}
{"batch_first": "f64e36e3-040", "n": 6, "attempt": 0, "raw": "{\"1\": 0, \"2\": 0, \"3\": 2, \"4\": 1, \"5\": 0, \"6\": 7}"}
{"batch_first": "f64e36e3-059", "n": 13, "attempt": 0, "raw": "{\"1\": 6, \"2\": 1, \"3\": 1, \"4\": 8, \"5\": 0, \"6\": 0, \"7\": 1, \"8\": 0, \"9\": 0, \"10\": 5, \"11\": 1, \"12\": 0, \"13\": 1}"}
{"batch_first": "f64e36e3-035", "n": 25, "attempt": 0, "raw": "<<EMPTY stop_reason=refusal blocks=[]>>"}
{"batch_first": "f64e36e3-035", "n": 12, "attempt": 0, "raw": "{\"1\": 3, \"2\": 2, \"3\": 0, \"4\": 1, \"5\": 0, \"6\": 2, \"7\": 0, \"8\": 0, \"9\": 9, \"10\": 0, \"11\": 0, \"12\": 0}"}
{"batch_first": "f64e36e3-009", "n": 13, "attempt": 0, "raw": "{\"1\": 6, \"2\": 0, \"3\": 10, \"4\": 0, \"5\": 1, \"6\": 0, \"7\": 5, \"8\": 0, \"9\": 6, \"10\": 6, \"11\": 0, \"12\": 0, \"13\": 0}"}
{"batch_first": "f1a66bc9-014", "n": 25, "attempt": 0, "raw": "<<EMPTY stop_reason=refusal blocks=[]>>"}
{"batch_first": "f1a66bc9-014", "n": 12, "attempt": 0, "raw": "{\"1\": 10, \"2\": 0, \"3\": 9, \"4\": 0, \"5\": 1, \"6\": 0, \"7\": 0, \"8\": 0, \"9\": 6, \"10\": 0, \"11\": 0, \"12\": 0}"}
{"batch_first": "f1a66bc9-060", "n": 13, "attempt": 0, "raw": "{\"1\":10,\"2\":0,\"3\":0,\"4\":0,\"5\":10,\"6\":0,\"7\":10,\"8\":10,\"9\":10,\"10\":10,\"11\":0,\"12\":0,\"13\":0}"}
{"batch_first": "f1a66bc9-039", "n": 25, "attempt": 0, "raw": "<<EMPTY stop_reason=refusal blocks=[]>>"}
{"batch_first": "f1a66bc9-039", "n": 12, "attempt": 0, "raw": "{\"1\":0,\"2\":9,\"3\":0,\"4\":10,\"5\":0,\"6\":0,\"7\":0,\"8\":0,\"9\":9,\"10\":9,\"11\":0,\"12\":9}"}
{"batch_first": "f1a66bc9-012", "n": 13, "attempt": 0, "raw": "{\"1\": 0, \"2\": 0, \"3\": 0, \"4\": 9, \"5\": 0, \"6\": 0, \"7\": 0, \"8\": 0, \"9\": 0, \"10\": 0, \"11\": 0, \"12\": 0, \"13\": 0}"}
{"batch_first": "f1a66bc9-007", "n": 18, "attempt": 0, "raw": "{\"1\": 0, \"2\": 10, \"3\": 0, \"4\": 0, \"5\": 0, \"6\": 0, \"7\": 10, \"8\": 0, \"9\": 5, \"10\": 0, \"11\": 1, \"12\": 10, \"13\": 0, \"14\": 10, \"15\": 0, \"16\": 0, \"17\": 10, \"18\": 10}"}
{"batch_first": "c42c6103-028", "n": 25, "attempt": 0, "raw": "{\"1\": 0, \"2\": 0, \"3\": 0, \"4\": 9, \"5\": 0, \"6\": 0, \"7\": 0, \"8\": 0, \"9\": 0, \"10\": 0, \"11\": 0, \"12\": 0, \"13\": 9, \"14\": 2, \"15\": 0, \"16\": 0, \"17\": 0, \"18\": 0, \"19\": 0, \"20\": 0, \"21\": 0, \"22\": 0, \"23\": 0, \"24\": 0, \"25\": 9}"}
{"batch_first": "c42c6103-020", "n": 25, "attempt": 0, "raw": "{\"1\": 0, \"2\": 9, \"3\": 8, \"4\": 0, \"5\": 0, \"6\": 0, \"7\": 0, \"8\": 0, \"9\": 0, \"10\": 0, \"11\": 0, \"12\": 0, \"13\": 0, \"14\": 0, \"15\": 0, \"16\": 1, \"17\": 4, \"18\": 0, \"19\": 9, \"20\": 0, \"21\": 0, \"22\": 0, \"23\": 0, \"24\": 9, \"25\": 0}"}
{"batch_first": "c42c6103-040", "n": 15, "attempt": 0, "raw": "{\"1\": 6, \"2\": 0, \"3\": 10, \"4\": 0, \"5\": 0, \"6\": 0, \"7\": 0, \"8\": 5, \"9\": 0, \"10\": 10, \"11\": 0, \"12\": 0, \"13\": 3, \"14\": 0, \"15\": 0}"}
{"batch_first": "36a8c08d-007", "n": 25, "attempt": 0, "raw": "<<EMPTY stop_reason=refusal blocks=[]>>"}
{"batch_first": "36a8c08d-007", "n": 12, "attempt": 0, "raw": "<<EMPTY stop_reason=refusal blocks=[]>>"}
{"batch_first": "36a8c08d-007", "n": 6, "attempt": 0, "raw": "<<EMPTY stop_reason=refusal blocks=[]>>"}
{"batch_first": "36a8c08d-007", "n": 3, "attempt": 0, "raw": "{\"1\":0,\"2\":6,\"3\":4}"}
{"batch_first": "36a8c08d-005", "n": 3, "attempt": 0, "raw": "{\"1\":2,\"2\":6,\"3\":1}"}
{"batch_first": "36a8c08d-049", "n": 6, "attempt": 0, "raw": "{\"1\": 4, \"2\": 0, \"3\": 0, \"4\": 3, \"5\": 0, \"6\": 7}"}
{"batch_first": "36a8c08d-037", "n": 13, "attempt": 0, "raw": "{\"1\": 2, \"2\": 4, \"3\": 2, \"4\": 1, \"5\": 1, \"6\": 0, \"7\": 1, \"8\": 0, \"9\": 4, \"10\": 8, \"11\": 6, \"12\": 6, \"13\": 0}"}
{"batch_first": "36a8c08d-045", "n": 25, "attempt": 0, "raw": "{\"1\": 0, \"2\": 3, \"3\": 2, \"4\": 0, \"5\": 1, \"6\": 9, \"7\": 2, \"8\": 1, \"9\": 0, \"10\": 0, \"11\": 0, \"12\": 7, \"13\": 1, \"14\": 1, \"15\": 4, \"16\": 0, \"17\": 3, \"18\": 5, \"19\": 0, \"20\": 2, \"21\": 0, \"22\": 1, \"23\": 8, \"24\": 9, \"25\": 1}"}
{"batch_first": "36a8c08d-053", "n": 15, "attempt": 0, "raw": "{\"1\": 1, \"2\": 1, \"3\": 5, \"4\": 3, \"5\": 8, \"6\": 0, \"7\": 0, \"8\": 0, \"9\": 1, \"10\": 1, \"11\": 0, \"12\": 1, \"13\": 0, \"14\": 0, \"15\": 1}"}
{"batch_first": "8cc5c583-058", "n": 25, "attempt": 0, "raw": "{\"1\": 5, \"2\": 0, \"3\": 1, \"4\": 8, \"5\": 0, \"6\": 9, \"7\": 6, \"8\": 9, \"9\": 6, \"10\": 1, \"11\": 10, \"12\": 0, \"13\": 1, \"14\": 0, \"15\": 0, \"16\": 3, \"17\": 5, \"18\": 0, \"19\": 10, \"20\": 0, \"21\": 7, \"22\": 9, \"23\": 1, \"24\": 10, \"25\": 1}"}
{"batch_first": "8cc5c583-007", "n": 25, "attempt": 0, "raw": "<<EMPTY stop_reason=refusal blocks=[]>>"}
{"batch_first": "8cc5c583-007", "n": 12, "attempt": 0, "raw": "<<EMPTY stop_reason=refusal blocks=[]>>"}
{"batch_first": "8cc5c583-007", "n": 6, "attempt": 0, "raw": "<<EMPTY stop_reason=refusal blocks=[]>>"}
{"batch_first": "8cc5c583-007", "n": 3, "attempt": 0, "raw": "{\"1\": 8, \"2\": 0, \"3\": 2}"}
{"batch_first": "8cc5c583-032", "n": 3, "attempt": 0, "raw": "{\"1\":0,\"2\":0,\"3\":0}"}
{"batch_first": "8cc5c583-062", "n": 6, "attempt": 0, "raw": "{\"1\": 1, \"2\": 3, \"3\": 3, \"4\": 3, \"5\": 1, \"6\": 1}"}
{"batch_first": "8cc5c583-031", "n": 13, "attempt": 0, "raw": "<<EMPTY stop_reason=refusal blocks=[]>>"}
{"batch_first": "8cc5c583-031", "n": 6, "attempt": 0, "raw": "<<EMPTY stop_reason=refusal blocks=[]>>"}
{"batch_first": "8cc5c583-031", "n": 3, "attempt": 0, "raw": "{\"1\": 0, \"2\": 0, \"3\": 1}"}
{"batch_first": "8cc5c583-065", "n": 3, "attempt": 0, "raw": "{\"1\":1,\"2\":1,\"3\":6}"}
{"batch_first": "8cc5c583-014", "n": 7, "attempt": 0, "raw": "{\"1\": 4, \"2\": 0, \"3\": 0, \"4\": 2, \"5\": 2, \"6\": 2, \"7\": 0}"}
{"batch_first": "8cc5c583-001", "n": 16, "attempt": 0, "raw": "<<EMPTY stop_reason=refusal blocks=[]>>"}
{"batch_first": "8cc5c583-001", "n": 8, "attempt": 0, "raw": "{\"1\": 3, \"2\": 6, \"3\": 3, \"4\": 0, \"5\": 6, \"6\": 0, \"7\": 0, \"8\": 0}"}
{"batch_first": "8cc5c583-046", "n": 8, "attempt": 0, "raw": "{\"1\": 0, \"2\": 0, \"3\": 0, \"4\": 0, \"5\": 0, \"6\": 8, \"7\": 0, \"8\": 8}"}
{"batch_first": "aa8b2143-034", "n": 25, "attempt": 0, "raw": "{\"1\":2,\"2\":0,\"3\":1,\"4\":0,\"5\":3,\"6\":0,\"7\":0,\"8\":8,\"9\":1,\"10\":0,\"11\":2,\"12\":0,\"13\":1,\"14\":0,\"15\":1,\"16\":0,\"17\":1,\"18\":0,\"19\":0,\"20\":0,\"21\":0,\"22\":0,\"23\":0,\"24\":0,\"25\":6}"}
{"batch_first": "aa8b2143-051", "n": 25, "attempt": 0, "raw": "<<EMPTY stop_reason=refusal blocks=[]>>"}
{"batch_first": "aa8b2143-051", "n": 12, "attempt": 0, "raw": "{\"1\": 0, \"2\": 1, \"3\": 0, \"4\": 1, \"5\": 0, \"6\": 2, \"7\": 0, \"8\": 1, \"9\": 0, \"10\": 0, \"11\": 0, \"12\": 1}"}
{"batch_first": "aa8b2143-013", "n": 13, "attempt": 0, "raw": "{\"1\": 1, \"2\": 1, \"3\": 8, \"4\": 1, \"5\": 1, \"6\": 1, \"7\": 1, \"8\": 3, \"9\": 1, \"10\": 1, \"11\": 3, \"12\": 1, \"13\": 1}"}
{"batch_first": "aa8b2143-039", "n": 15, "attempt": 0, "raw": "{\"1\": 6, \"2\": 0, \"3\": 4, \"4\": 0, \"5\": 0, \"6\": 0, \"7\": 3, \"8\": 2, \"9\": 6, \"10\": 0, \"11\": 0, \"12\": 0, \"13\": 8, \"14\": 0, \"15\": 0}"}
{"batch_first": "f7499ce0-033", "n": 25, "attempt": 0, "raw": "<<EMPTY stop_reason=refusal blocks=[]>>"}
{"batch_first": "f7499ce0-033", "n": 12, "attempt": 0, "raw": "{\"1\": 0, \"2\": 0, \"3\": 0, \"4\": 0, \"5\": 0, \"6\": 0, \"7\": 0, \"8\": 0, \"9\": 0, \"10\": 0, \"11\": 9, \"12\": 0}"}
{"batch_first": "f7499ce0-009", "n": 13, "attempt": 0, "raw": "{\"1\": 0, \"2\": 0, \"3\": 0, \"4\": 0, \"5\": 0, \"6\": 0, \"7\": 0, \"8\": 0, \"9\": 1, \"10\": 1, \"11\": 0, \"12\": 1, \"13\": 0}"}
{"batch_first": "f7499ce0-014", "n": 25, "attempt": 0, "raw": "<<EMPTY stop_reason=refusal blocks=[]>>"}
{"batch_first": "f7499ce0-014", "n": 12, "attempt": 0, "raw": "{\"1\":0,\"2\":0,\"3\":2,\"4\":0,\"5\":1,\"6\":0,\"7\":0,\"8\":1,\"9\":0,\"10\":1,\"11\":1,\"12\":0}"}
{"batch_first": "f7499ce0-035", "n": 13, "attempt": 0, "raw": "<<EMPTY stop_reason=refusal blocks=[]>>"}
{"batch_first": "f7499ce0-035", "n": 6, "attempt": 0, "raw": "{\"1\":0,\"2\":0,\"3\":0,\"4\":0,\"5\":0,\"6\":0}"}
{"batch_first": "f7499ce0-064", "n": 7, "attempt": 0, "raw": "<<EMPTY stop_reason=refusal blocks=[]>>"}
{"batch_first": "f7499ce0-064", "n": 3, "attempt": 0, "raw": "{\"1\": 0, \"2\": 0, \"3\": 0}"}
{"batch_first": "f7499ce0-019", "n": 4, "attempt": 0, "raw": "{\"1\":0,\"2\":0,\"3\":0,\"4\":0}"}
{"batch_first": "f7499ce0-051", "n": 15, "attempt": 0, "raw": "{\"1\":0,\"2\":0,\"3\":0,\"4\":0,\"5\":0,\"6\":0,\"7\":0,\"8\":0,\"9\":0,\"10\":10,\"11\":0,\"12\":9,\"13\":2,\"14\":0,\"15\":6}"}
{"batch_first": "c2e8429d-025", "n": 25, "attempt": 0, "raw": "{\"1\": 0, \"2\": 0, \"3\": 0, \"4\": 9, \"5\": 9, \"6\": 0, \"7\": 0, \"8\": 9, \"9\": 9, \"10\": 0, \"11\": 0, \"12\": 0, \"13\": 0, \"14\": 0, \"15\": 0, \"16\": 0, \"17\": 0, \"18\": 9, \"19\": 0, \"20\": 0, \"21\": 0, \"22\": 0, \"23\": 0, \"24\": 1, \"25\": 9}"}
{"batch_first": "c2e8429d-054", "n": 25, "attempt": 0, "raw": "{\"1\":0,\"2\":0,\"3\":1,\"4\":0,\"5\":0,\"6\":0,\"7\":0,\"8\":9,\"9\":0,\"10\":1,\"11\":1,\"12\":0,\"13\":0,\"14\":1,\"15\":1,\"16\":0,\"17\":0,\"18\":1,\"19\":9,\"20\":9,\"21\":2,\"22\":1,\"23\":0,\"24\":0,\"25\":0}"}
{"batch_first": "c2e8429d-050", "n": 20, "attempt": 0, "raw": "<<EMPTY stop_reason=refusal blocks=[]>>"}
{"batch_first": "c2e8429d-050", "n": 10, "attempt": 0, "raw": "{\"1\":0,\"2\":0,\"3\":0,\"4\":10,\"5\":0,\"6\":10,\"7\":0,\"8\":0,\"9\":0,\"10\":10}"}
{"batch_first": "c2e8429d-029", "n": 10, "attempt": 0, "raw": "{\"1\": 0, \"2\": 8, \"3\": 0, \"4\": 0, \"5\": 5, \"6\": 4, \"7\": 0, \"8\": 0, \"9\": 0, \"10\": 0}"}
{"batch_first": "74675256-062", "n": 25, "attempt": 0, "raw": "<<EMPTY stop_reason=refusal blocks=[]>>"}
{"batch_first": "74675256-062", "n": 12, "attempt": 0, "raw": "{\"1\": 0, \"2\": 10, \"3\": 0, \"4\": 0, \"5\": 0, \"6\": 0, \"7\": 1, \"8\": 10, \"9\": 0, \"10\": 3, \"11\": 9, \"12\": 0}"}
{"batch_first": "74675256-064", "n": 13, "attempt": 0, "raw": "{\"1\": 8, \"2\": 0, \"3\": 0, \"4\": 0, \"5\": 1, \"6\": 0, \"7\": 8, \"8\": 7, \"9\": 0, \"10\": 0, \"11\": 0, \"12\": 1, \"13\": 0}"}
{"batch_first": "74675256-045", "n": 25, "attempt": 0, "raw": "{\"1\": 2, \"2\": 1, \"3\": 1, \"4\": 1, \"5\": 1, \"6\": 1, \"7\": 1, \"8\": 1, \"9\": 0, \"10\": 0, \"11\": 0, \"12\": 5, \"13\": 2, \"14\": 4, \"15\": 1, \"16\": 0, \"17\": 0, \"18\": 1, \"19\": 5, \"20\": 1, \"21\": 0, \"22\": 0, \"23\": 1, \"24\": 4, \"25\": 0}"}
{"batch_first": "74675256-000", "n": 15, "attempt": 0, "raw": "{\"1\": 9, \"2\": 0, \"3\": 0, \"4\": 0, \"5\": 0, \"6\": 1, \"7\": 3, \"8\": 1, \"9\": 0, \"10\": 9, \"11\": 0, \"12\": 0, \"13\": 0, \"14\": 0, \"15\": 2}"}
{"batch_first": "019f7650-056", "n": 25, "attempt": 0, "raw": "{\"1\":0,\"2\":0,\"3\":9,\"4\":2,\"5\":0,\"6\":0,\"7\":0,\"8\":0,\"9\":9,\"10\":9,\"11\":0,\"12\":0,\"13\":9,\"14\":0,\"15\":0,\"16\":0,\"17\":0,\"18\":0,\"19\":0,\"20\":0,\"21\":0,\"22\":0,\"23\":0,\"24\":0,\"25\":0}"}
{"batch_first": "019f7650-003", "n": 25, "attempt": 0, "raw": "<<EMPTY stop_reason=refusal blocks=[]>>"}
{"batch_first": "019f7650-003", "n": 12, "attempt": 0, "raw": "{\"1\":0,\"2\":1,\"3\":0,\"4\":0,\"5\":8,\"6\":0,\"7\":0,\"8\":0,\"9\":0,\"10\":0,\"11\":7,\"12\":0}"}
{"batch_first": "019f7650-058", "n": 13, "attempt": 0, "raw": "{\"1\": 3, \"2\": 0, \"3\": 0, \"4\": 0, \"5\": 0, \"6\": 0, \"7\": 0, \"8\": 0, \"9\": 0, \"10\": 0, \"11\": 0, \"12\": 0, \"13\": 0}"}
{"batch_first": "019f7650-019", "n": 15, "attempt": 0, "raw": "{\"1\":0,\"2\":0,\"3\":10,\"4\":0,\"5\":9,\"6\":9,\"7\":0,\"8\":0,\"9\":9,\"10\":0,\"11\":0,\"12\":0,\"13\":0,\"14\":0,\"15\":0}"}
{"batch_first": "e72d8f20-004", "n": 25, "attempt": 0, "raw": "{\"1\":0,\"2\":0,\"3\":9,\"4\":0,\"5\":0,\"6\":0,\"7\":9,\"8\":2,\"9\":0,\"10\":0,\"11\":0,\"12\":9,\"13\":0,\"14\":0,\"15\":0,\"16\":9,\"17\":0,\"18\":0,\"19\":0,\"20\":9,\"21\":0,\"22\":0,\"23\":0,\"24\":0,\"25\":0}"}
{"batch_first": "e72d8f20-009", "n": 25, "attempt": 0, "raw": "{\"1\":0,\"2\":0,\"3\":0,\"4\":8,\"5\":0,\"6\":0,\"7\":0,\"8\":0,\"9\":0,\"10\":1,\"11\":0,\"12\":7,\"13\":0,\"14\":0,\"15\":0,\"16\":0,\"17\":9,\"18\":8,\"19\":0,\"20\":8,\"21\":8,\"22\":0,\"23\":8,\"24\":0,\"25\":0}"}
{"batch_first": "e72d8f20-050", "n": 15, "attempt": 0, "raw": "{\"1\":0,\"2\":0,\"3\":0,\"4\":0,\"5\":0,\"6\":0,\"7\":0,\"8\":0,\"9\":0,\"10\":0,\"11\":0,\"12\":0,\"13\":8,\"14\":8,\"15\":0}"}
{"batch_first": "6bc90eec-041", "n": 25, "attempt": 0, "raw": "{\"1\": 8, \"2\": 0, \"3\": 0, \"4\": 0, \"5\": 9, \"6\": 0, \"7\": 0, \"8\": 0, \"9\": 0, \"10\": 0, \"11\": 10, \"12\": 0, \"13\": 0, \"14\": 8, \"15\": 0, \"16\": 0, \"17\": 2, \"18\": 8, \"19\": 0, \"20\": 0, \"21\": 4, \"22\": 4, \"23\": 10, \"24\": 0, \"25\": 0}"}
{"batch_first": "6bc90eec-004", "n": 25, "attempt": 0, "raw": "<<EMPTY stop_reason=refusal blocks=[]>>"}
{"batch_first": "6bc90eec-004", "n": 12, "attempt": 0, "raw": "<<EMPTY stop_reason=refusal blocks=[]>>"}
{"batch_first": "6bc90eec-004", "n": 6, "attempt": 0, "raw": "{\"1\": 0, \"2\": 0, \"3\": 0, \"4\": 0, \"5\": 0, \"6\": 7}"}
{"batch_first": "6bc90eec-045", "n": 6, "attempt": 0, "raw": "<<EMPTY stop_reason=refusal blocks=[]>>"}
{"batch_first": "6bc90eec-045", "n": 3, "attempt": 0, "raw": "<<EMPTY stop_reason=refusal blocks=[]>>"}
{"batch_first": "6bc90eec-045", "n": 1, "attempt": 0, "raw": "{\"1\": 1}"}
{"batch_first": "6bc90eec-032", "n": 2, "attempt": 0, "raw": "{\"1\": 0, \"2\": 0}"}
{"batch_first": "6bc90eec-005", "n": 3, "attempt": 0, "raw": "{\"1\": 0, \"2\": 0, \"3\": 3}"}
{"batch_first": "6bc90eec-011", "n": 13, "attempt": 0, "raw": "<<EMPTY stop_reason=refusal blocks=[]>>"}
{"batch_first": "6bc90eec-011", "n": 6, "attempt": 0, "raw": "<<EMPTY stop_reason=refusal blocks=[]>>"}
{"batch_first": "6bc90eec-011", "n": 3, "attempt": 0, "raw": "{\"1\": 0, \"2\": 0, \"3\": 0}"}
{"batch_first": "6bc90eec-026", "n": 3, "attempt": 0, "raw": "{\"1\": 0, \"2\": 4, \"3\": 0}"}
{"batch_first": "6bc90eec-048", "n": 7, "attempt": 0, "raw": "{\"1\": 0, \"2\": 1, \"3\": 0, \"4\": 9, \"5\": 0, \"6\": 0, \"7\": 0}"}
{"batch_first": "6bc90eec-021", "n": 15, "attempt": 0, "raw": "{\"1\": 0, \"2\": 6, \"3\": 0, \"4\": 0, \"5\": 0, \"6\": 0, \"7\": 0, \"8\": 1, \"9\": 0, \"10\": 0, \"11\": 1, \"12\": 0, \"13\": 7, \"14\": 0, \"15\": 6}"}
{"batch_first": "2c9e56d1-003", "n": 25, "attempt": 0, "raw": "{\"1\": 1, \"2\": 8, \"3\": 0, \"4\": 9, \"5\": 0, \"6\": 2, \"7\": 0, \"8\": 0, \"9\": 9, \"10\": 0, \"11\": 3, \"12\": 0, \"13\": 0, \"14\": 9, \"15\": 0, \"16\": 0, \"17\": 3, \"18\": 8, \"19\": 8, \"20\": 0, \"21\": 9, \"22\": 3, \"23\": 0, \"24\": 0, \"25\": 0}"}
{"batch_first": "2c9e56d1-005", "n": 25, "attempt": 0, "raw": "{\"1\": 0, \"2\": 1, \"3\": 0, \"4\": 10, \"5\": 0, \"6\": 0, \"7\": 9, \"8\": 0, \"9\": 0, \"10\": 0, \"11\": 2, \"12\": 0, \"13\": 1, \"14\": 0, \"15\": 3, \"16\": 0, \"17\": 0, \"18\": 0, \"19\": 9, \"20\": 10, \"21\": 0, \"22\": 0, \"23\": 9, \"24\": 0, \"25\": 0}"}
{"batch_first": "2c9e56d1-046", "n": 15, "attempt": 0, "raw": "{\"1\": 9, \"2\": 0, \"3\": 0, \"4\": 0, \"5\": 0, \"6\": 0, \"7\": 9, \"8\": 0, \"9\": 0, \"10\": 0, \"11\": 0, \"12\": 0, \"13\": 0, \"14\": 6, \"15\": 0}"}
